Archive member included to satisfy reference by file (symbol)

c:/software/altera/15.1/nios2eds/bin/gnu/h-x86_64-mingw32/bin/../lib/gcc/nios2-elf/4.9.2\libgcc.a(lib2-divmod.o)
                              obj/default/main.o (__divsi3)
c:/software/altera/15.1/nios2eds/bin/gnu/h-x86_64-mingw32/bin/../lib/gcc/nios2-elf/4.9.2/../../../../../H-x86_64-mingw32/nios2-elf/lib\libc.a(lib_a-getc.o)
                              obj/default/uart_nios2.o (getc)
c:/software/altera/15.1/nios2eds/bin/gnu/h-x86_64-mingw32/bin/../lib/gcc/nios2-elf/4.9.2/../../../../../H-x86_64-mingw32/nios2-elf/lib\libc.a(lib_a-impure.o)
                              obj/default/uart_nios2.o (_impure_ptr)
c:/software/altera/15.1/nios2eds/bin/gnu/h-x86_64-mingw32/bin/../lib/gcc/nios2-elf/4.9.2/../../../../../H-x86_64-mingw32/nios2-elf/lib\libc.a(lib_a-memset.o)
                              obj/default/main.o (memset)
c:/software/altera/15.1/nios2eds/bin/gnu/h-x86_64-mingw32/bin/../lib/gcc/nios2-elf/4.9.2/../../../../../H-x86_64-mingw32/nios2-elf/lib\libc.a(lib_a-putchar.o)
                              obj/default/uart_nios2.o (putchar)
c:/software/altera/15.1/nios2eds/bin/gnu/h-x86_64-mingw32/bin/../lib/gcc/nios2-elf/4.9.2/../../../../../H-x86_64-mingw32/nios2-elf/lib\libc.a(lib_a-rget.o)
                              c:/software/altera/15.1/nios2eds/bin/gnu/h-x86_64-mingw32/bin/../lib/gcc/nios2-elf/4.9.2/../../../../../H-x86_64-mingw32/nios2-elf/lib\libc.a(lib_a-getc.o) (__srget_r)
c:/software/altera/15.1/nios2eds/bin/gnu/h-x86_64-mingw32/bin/../lib/gcc/nios2-elf/4.9.2/../../../../../H-x86_64-mingw32/nios2-elf/lib\libc.a(lib_a-strcpy.o)
                              obj/default/main.o (strcpy)
c:/software/altera/15.1/nios2eds/bin/gnu/h-x86_64-mingw32/bin/../lib/gcc/nios2-elf/4.9.2/../../../../../H-x86_64-mingw32/nios2-elf/lib\libc.a(lib_a-strlen.o)
                              obj/default/main.o (strlen)
c:/software/altera/15.1/nios2eds/bin/gnu/h-x86_64-mingw32/bin/../lib/gcc/nios2-elf/4.9.2/../../../../../H-x86_64-mingw32/nios2-elf/lib\libc.a(lib_a-findfp.o)
                              c:/software/altera/15.1/nios2eds/bin/gnu/h-x86_64-mingw32/bin/../lib/gcc/nios2-elf/4.9.2/../../../../../H-x86_64-mingw32/nios2-elf/lib\libc.a(lib_a-getc.o) (__sinit)
c:/software/altera/15.1/nios2eds/bin/gnu/h-x86_64-mingw32/bin/../lib/gcc/nios2-elf/4.9.2/../../../../../H-x86_64-mingw32/nios2-elf/lib\libc.a(lib_a-fwalk.o)
                              c:/software/altera/15.1/nios2eds/bin/gnu/h-x86_64-mingw32/bin/../lib/gcc/nios2-elf/4.9.2/../../../../../H-x86_64-mingw32/nios2-elf/lib\libc.a(lib_a-findfp.o) (_fwalk)
c:/software/altera/15.1/nios2eds/bin/gnu/h-x86_64-mingw32/bin/../lib/gcc/nios2-elf/4.9.2/../../../../../H-x86_64-mingw32/nios2-elf/lib\libc.a(lib_a-mallocr.o)
                              c:/software/altera/15.1/nios2eds/bin/gnu/h-x86_64-mingw32/bin/../lib/gcc/nios2-elf/4.9.2/../../../../../H-x86_64-mingw32/nios2-elf/lib\libc.a(lib_a-findfp.o) (_malloc_r)
c:/software/altera/15.1/nios2eds/bin/gnu/h-x86_64-mingw32/bin/../lib/gcc/nios2-elf/4.9.2/../../../../../H-x86_64-mingw32/nios2-elf/lib\libc.a(lib_a-putc.o)
                              c:/software/altera/15.1/nios2eds/bin/gnu/h-x86_64-mingw32/bin/../lib/gcc/nios2-elf/4.9.2/../../../../../H-x86_64-mingw32/nios2-elf/lib\libc.a(lib_a-putchar.o) (_putc_r)
c:/software/altera/15.1/nios2eds/bin/gnu/h-x86_64-mingw32/bin/../lib/gcc/nios2-elf/4.9.2/../../../../../H-x86_64-mingw32/nios2-elf/lib\libc.a(lib_a-refill.o)
                              c:/software/altera/15.1/nios2eds/bin/gnu/h-x86_64-mingw32/bin/../lib/gcc/nios2-elf/4.9.2/../../../../../H-x86_64-mingw32/nios2-elf/lib\libc.a(lib_a-rget.o) (__srefill_r)
c:/software/altera/15.1/nios2eds/bin/gnu/h-x86_64-mingw32/bin/../lib/gcc/nios2-elf/4.9.2/../../../../../H-x86_64-mingw32/nios2-elf/lib\libc.a(lib_a-sbrkr.o)
                              c:/software/altera/15.1/nios2eds/bin/gnu/h-x86_64-mingw32/bin/../lib/gcc/nios2-elf/4.9.2/../../../../../H-x86_64-mingw32/nios2-elf/lib\libc.a(lib_a-mallocr.o) (_sbrk_r)
c:/software/altera/15.1/nios2eds/bin/gnu/h-x86_64-mingw32/bin/../lib/gcc/nios2-elf/4.9.2/../../../../../H-x86_64-mingw32/nios2-elf/lib\libc.a(lib_a-stdio.o)
                              c:/software/altera/15.1/nios2eds/bin/gnu/h-x86_64-mingw32/bin/../lib/gcc/nios2-elf/4.9.2/../../../../../H-x86_64-mingw32/nios2-elf/lib\libc.a(lib_a-findfp.o) (__sread)
c:/software/altera/15.1/nios2eds/bin/gnu/h-x86_64-mingw32/bin/../lib/gcc/nios2-elf/4.9.2/../../../../../H-x86_64-mingw32/nios2-elf/lib\libc.a(lib_a-wbuf.o)
                              c:/software/altera/15.1/nios2eds/bin/gnu/h-x86_64-mingw32/bin/../lib/gcc/nios2-elf/4.9.2/../../../../../H-x86_64-mingw32/nios2-elf/lib\libc.a(lib_a-putc.o) (__swbuf_r)
c:/software/altera/15.1/nios2eds/bin/gnu/h-x86_64-mingw32/bin/../lib/gcc/nios2-elf/4.9.2/../../../../../H-x86_64-mingw32/nios2-elf/lib\libc.a(lib_a-writer.o)
[...]
Memory Configuration

Name             Origin             Length             Attributes
reset            0x0000000000800000 0x0000000000000020
sdram_0          0x0000000000800020 0x00000000007fffe0
*default*        0x0000000000000000 0xffffffffffffffff

Linker script and memory map

LOAD ../AudioPlayer_bsp//obj/HAL/src/crt0.o
LOAD obj/default/fatfs.o
LOAD obj/default/fatfs_diskio.o
LOAD obj/default/fatfs_nios2_de0_nano_spi.o
LOAD obj/default/fatfs_nios2_de1_pio.o
LOAD obj/default/fatfs_nios2_de1_spi.o
LOAD obj/default/ff.o
LOAD obj/default/hello_world.o
LOAD obj/default/main.o
LOAD obj/default/monitor.o
LOAD obj/default/uart_nios2.o
LOAD c:/software/altera/15.1/nios2eds/bin/gnu/h-x86_64-mingw32/bin/../lib/gcc/nios2-elf/4.9.2/../../../../../H-x86_64-mingw32/nios2-elf/lib\libstdc++.a
LOAD c:/software/altera/15.1/nios2eds/bin/gnu/h-x86_64-mingw32/bin/../lib/gcc/nios2-elf/4.9.2/../../../../../H-x86_64-mingw32/nios2-elf/lib\libm.a
LOAD c:/software/altera/15.1/nios2eds/bin/gnu/h-x86_64-mingw32/bin/../lib/gcc/nios2-elf/4.9.2\libgcc.a
START GROUP
LOAD c:/software/altera/15.1/nios2eds/bin/gnu/h-x86_64-mingw32/bin/../lib/gcc/nios2-elf/4.9.2/../../../../../H-x86_64-mingw32/nios2-elf/lib\libc.a
LOAD c:/software/altera/15.1/nios2eds/bin/gnu/h-x86_64-mingw32/bin/../lib/gcc/nios2-elf/4.9.2\libgcc.a
LOAD ../AudioPlayer_bsp/\libhal_bsp.a
LOAD c:/software/altera/15.1/nios2eds/bin/gnu/h-x86_64-mingw32/bin/../lib/gcc/nios2-elf/4.9.2/../../../../../H-x86_64-mingw32/nios2-elf/lib\libm.a
END GROUP
LOAD c:/software/altera/15.1/nios2eds/bin/gnu/h-x86_64-mingw32/bin/../lib/gcc/nios2-elf/4.9.2\libgcc.a
                0x0000000000800000                __alt_mem_sdram_0 = 0x800000

.entry          0x0000000000800000       0x20
 *(.entry)
 .entry         0x0000000000800000       0x20 ../AudioPlayer_bsp//obj/HAL/src/crt0.o
                0x0000000000800000                __reset

.exceptions     0x0000000000800020      0x224
                0x0000000000800020                PROVIDE (__ram_exceptions_start, ABSOLUTE (.))
                0x0000000000800020                . = ALIGN (0x20)
 *(.irq)
 *(.exceptions.entry.label)
 .exceptions.entry.label
                0x0000000000800020        0x0 ../AudioPlayer_bsp/\libhal_bsp.a(alt_irq_entry.o)
                0x0000000000800020                alt_irq_entry
 .exceptions.entry.label
                0x0000000000800020        0x0 ../AudioPlayer_bsp/\libhal_bsp.a(alt_exception_entry.o)
                0x0000000000800020                alt_exception
 *(.exceptions.entry.user)
 *(.exceptions.entry.ecc_fatal)
 *(.exceptions.entry)
 .exceptions.entry
                0x0000000000800020       0x54 ../AudioPlayer_bsp/\libhal_bsp.a(alt_exception_entry.o)
 *(.exceptions.irqtest.user)
 *(.exceptions.irqtest)
 .exceptions.irqtest
                0x0000000000800074       0x10 ../AudioPlayer_bsp/\libhal_bsp.a(alt_irq_entry.o)
 *(.exceptions.irqhandler.user)
 *(.exceptions.irqhandler)
 .exceptions.irqhandler
                0x0000000000800084        0x4 ../AudioPlayer_bsp/\libhal_bsp.a(alt_irq_entry.o)
 *(.exceptions.irqreturn.user)
 *(.exceptions.irqreturn)
 .exceptions.irqreturn
                0x0000000000800088        0x4 ../AudioPlayer_bsp/\libhal_bsp.a(alt_irq_entry.o)
 *(.exceptions.notirq.label)
 .exceptions.notirq.label
                0x000000000080008c        0x0 ../AudioPlayer_bsp/\libhal_bsp.a(alt_irq_entry.o)
 *(.exceptions.notirq.user)
 *(.exceptions.notirq)
 .exceptions.notirq
                0x000000000080008c        0x8 ../AudioPlayer_bsp/\libhal_bsp.a(alt_exception_entry.o)
 *(.exceptions.soft.user)
 *(.exceptions.soft)
 *(.exceptions.unknown.user)
 *(.exceptions.unknown)
 .exceptions.unknown
                0x0000000000800094       0x14 ../AudioPlayer_bsp/\libhal_bsp.a(alt_exception_entry.o)
 *(.exceptions.exit.label)
 .exceptions.exit.label
                0x00000000008000a8        0x0 ../AudioPlayer_bsp/\libhal_bsp.a(alt_irq_entry.o)
 .exceptions.exit.label
                0x00000000008000a8        0x0 ../AudioPlayer_bsp/\libhal_bsp.a(alt_exception_entry.o)
 *(.exceptions.exit.user)
 *(.exceptions.exit)
 .exceptions.exit
                0x00000000008000a8       0x54 ../AudioPlayer_bsp/\libhal_bsp.a(alt_exception_entry.o)
 *(.exceptions)
 .exceptions    0x00000000008000fc       0xd4 ../AudioPlayer_bsp/\libhal_bsp.a(alt_irq_handler.o)
                0x00000000008000fc                alt_irq_handler
 .exceptions    0x00000000008001d0       0x74 ../AudioPlayer_bsp/\libhal_bsp.a(alt_instruction_exception_entry.o)
                0x00000000008001d0                alt_instruction_exception_entry
                0x0000000000800244                PROVIDE (__ram_exceptions_end, ABSOLUTE (.))
                0x0000000000800020                PROVIDE (__flash_exceptions_start, LOADADDR (.exceptions))

.text           0x0000000000800244    0x110c4
                0x0000000000800244                PROVIDE (stext, ABSOLUTE (.))
 *(.interp)
 *(.hash)
 *(.dynsym)
 *(.dynstr)
 *(.gnu.version)
 *(.gnu.version_d)
 *(.gnu.version_r)
 *(.rel.init)
 *(.rela.init)
 *(.rel.text .rel.text.* .rel.gnu.linkonce.t.*)
 *(.rela.text .rela.text.* .rela.gnu.linkonce.t.*)
 *(.rel.fini)
 *(.rela.fini)
 *(.rel.rodata .rel.rodata.* .rel.gnu.linkonce.r.*)
 *(.rela.rodata .rela.rodata.* .rela.gnu.linkonce.r.*)
 *(.rel.data .rel.data.* .rel.gnu.linkonce.d.*)
 *(.rela.data .rela.data.* .rela.gnu.linkonce.d.*)
 *(.rel.tdata .rel.tdata.* .rel.gnu.linkonce.td.*)
 *(.rela.tdata .rela.tdata.* .rela.gnu.linkonce.td.*)
 *(.rel.tbss .rel.tbss.* .rel.gnu.linkonce.tb.*)
 *(.rela.tbss .rela.tbss.* .rela.gnu.linkonce.tb.*)
 *(.rel.ctors)
 *(.rela.ctors)
 *(.rel.dtors)
 *(.rela.dtors)
 *(.rel.got)
 *(.rela.got)
 *(.rel.sdata .rel.sdata.* .rel.gnu.linkonce.s.*)
 *(.rela.sdata .rela.sdata.* .rela.gnu.linkonce.s.*)
 *(.rel.sbss .rel.sbss.* .rel.gnu.linkonce.sb.*)
 *(.rela.sbss .rela.sbss.* .rela.gnu.linkonce.sb.*)
 *(.rel.sdata2 .rel.sdata2.* .rel.gnu.linkonce.s2.*)
 *(.rela.sdata2 .rela.sdata2.* .rela.gnu.linkonce.s2.*)
 *(.rel.sbss2 .rel.sbss2.* .rel.gnu.linkonce.sb2.*)
 *(.rela.sbss2 .rela.sbss2.* .rela.gnu.linkonce.sb2.*)
 *(.rel.bss .rel.bss.* .rel.gnu.linkonce.b.*)
 *(.rela.bss .rela.bss.* .rela.gnu.linkonce.b.*)
 *(.rel.plt)
 *(.rela.plt)
 *(.rel.dyn)
 *(.init)
 *(.plt)
 *(.text .stub .text.* .gnu.linkonce.t.*)
 .text          0x0000000000800244       0x4c ../AudioPlayer_bsp//obj/HAL/src/crt0.o
                0x0000000000800244                _start
 .text          0x0000000000800290       0x24 obj/default/fatfs.o
                0x0000000000800290                ffs_Init
 .text          0x00000000008002b4     0x1294 obj/default/fatfs_diskio.o
                0x0000000000800a34                ffs_DiskIOInit
                0x0000000000800a60                ffs_DiskIOTimerproc
                0x0000000000800b68                ffs_DiskIOInitialize
                0x0000000000800dc4                ffs_DiskIOStatus
                0x0000000000800dec                ffs_DiskIORead
                0x0000000000800f08                ffs_DiskIOWrite
                0x0000000000801074                ffs_DiskIOIoctl
                0x000000000080151c                get_fattime
 .text          0x0000000000801548        0x0 obj/default/fatfs_nios2_de0_nano_spi.o
 .text          0x0000000000801548        0x0 obj/default/fatfs_nios2_de1_pio.o
 .text          0x0000000000801548        0x0 obj/default/fatfs_nios2_de1_spi.o
 .text          0x0000000000801548     0x6aac obj/default/ff.o
                0x0000000000801a8c                clust2sect
                0x0000000000801af8                get_fat
                0x0000000000801d7c                put_fat
                0x0000000000803e8c                f_mount
                0x0000000000803f20                f_open
                0x00000000008043a4                f_read
                0x0000000000804888                f_write
                0x0000000000804e04                f_sync
                0x000000000080508c                f_close
                0x00000000008050d4                f_lseek
                0x00000000008055c0                f_opendir
                0x0000000000805730                f_readdir
                0x0000000000805814                f_stat
                0x00000000008058b4                f_getfree
                0x0000000000805ba0                f_truncate
                0x0000000000805d88                f_unlink
                0x0000000000805fa0                f_mkdir
                0x00000000008063e0                f_chmod
                0x00000000008064e4                f_utime
                0x00000000008065f8                f_rename
                0x000000000080690c                f_mkfs
                0x00000000008077c8                f_gets
                0x0000000000807898                f_putc
                0x000000000080790c                f_puts
                0x00000000008079a4                f_printf
 .text          0x0000000000807ff4        0x0 obj/default/hello_world.o
 .text          0x0000000000807ff4     0x17e4 obj/default/main.o
                0x00000000008082c0                main
 .text          0x00000000008097d8      0x978 obj/default/monitor.o
                0x00000000008097d8                xatoi
                0x0000000000809a5c                xputc
                0x0000000000809aac                xputs
                0x0000000000809b14                xitoa
                0x0000000000809ccc                xprintf
                0x0000000000809f78                put_dump
                0x000000000080a094                get_line
 .text          0x000000000080a150       0xb0 obj/default/uart_nios2.o
                0x000000000080a150                uart0_init
                0x000000000080a170                uart0_put
                0x000000000080a1a8                uart0_get
 .text          0x000000000080a200      0x12c c:/software/altera/15.1/nios2eds/bin/gnu/h-x86_64-mingw32/bin/../lib/gcc/nios2-elf/4.9.2\libgcc.a(lib2-divmod.o)
                0x000000000080a26c                __divsi3
                0x000000000080a2c0                __modsi3
                0x000000000080a31c                __udivsi3
                0x000000000080a324                __umodsi3
 .text          0x000000000080a32c        0x0 c:/software/altera/15.1/nios2eds/bin/gnu/h-x86_64-mingw32/bin/../lib/gcc/nios2-elf/4.9.2/../../../../../H-x86_64-mingw32/nios2-elf/lib\libc.a(lib_a-getc.o)
 .text._getc_r  0x000000000080a32c       0x70 c:/software/altera/15.1/nios2eds/bin/gnu/h-x86_64-mingw32/bin/../lib/gcc/nios2-elf/4.9.2/../../../../../H-x86_64-mingw32/nios2-elf/lib\libc.a(lib_a-getc.o)
                0x000000000080a32c                _getc_r
 .text.getc     0x000000000080a39c       0x88 c:/software/altera/15.1/nios2eds/bin/gnu/h-x86_64-mingw32/bin/../lib/gcc/nios2-elf/4.9.2/../../../../../H-x86_64-mingw32/nios2-elf/lib\libc.a(lib_a-getc.o)
                0x000000000080a39c                getc
 .text          0x000000000080a424        0x0 c:/software/altera/15.1/nios2eds/bin/gnu/h-x86_64-mingw32/bin/../lib/gcc/nios2-elf/4.9.2/../../../../../H-x86_64-mingw32/nios2-elf/lib\libc.a(lib_a-impure.o)
 .text          0x000000000080a424        0x0 c:/software/altera/15.1/nios2eds/bin/gnu/h-x86_64-mingw32/bin/../lib/gcc/nios2-elf/4.9.2/../../../../../H-x86_64-mingw32/nios2-elf/lib\libc.a(lib_a-memset.o)
 .text.memset   0x000000000080a424      0x124 c:/software/altera/15.1/nios2eds/bin/gnu/h-x86_64-mingw32/bin/../lib/gcc/nios2-elf/4.9.2/../../../../../H-x86_64-mingw32/nios2-elf/lib\libc.a(lib_a-memset.o)
                0x000000000080a424                memset
 .text          0x000000000080a548        0x0 c:/software/altera/15.1/nios2eds/bin/gnu/h-x86_64-mingw32/bin/../lib/gcc/nios2-elf/4.9.2/../../../../../H-x86_64-mingw32/nios2-elf/lib\libc.a(lib_a-putchar.o)
 .text._putchar_r
                0x000000000080a548        0x8 c:/software/altera/15.1/nios2eds/bin/gnu/h-x86_64-mingw32/bin/../lib/gcc/nios2-elf/4.9.2/../../../../../H-x86_64-mingw32/nios2-elf/lib\libc.a(lib_a-putchar.o)
                0x000000000080a548                _putchar_r
 .text.putchar  0x000000000080a550       0x18 c:/software/altera/15.1/nios2eds/bin/gnu/h-x86_64-mingw32/bin/../lib/gcc/nios2-elf/4.9.2/../../../../../H-x86_64-mingw32/nios2-elf/lib\libc.a(lib_a-putchar.o)
                0x000000000080a550                putchar
 .text          0x000000000080a568        0x0 c:/software/altera/15.1/nios2eds/bin/gnu/h-x86_64-mingw32/bin/../lib/gcc/nios2-elf/4.9.2/../../../../../H-x86_64-mingw32/nios2-elf/lib\libc.a(lib_a-rget.o)
 .text.__srget_r
                0x000000000080a568       0x74 c:/software/altera/15.1/nios2eds/bin/gnu/h-x86_64-mingw32/bin/../lib/gcc/nios2-elf/4.9.2/../../../../../H-x86_64-mingw32/nios2-elf/lib\libc.a(lib_a-rget.o)
                0x000000000080a568                __srget_r
 .text.__srget  0x000000000080a5dc       0x14 c:/software/altera/15.1/nios2eds/bin/gnu/h-x86_64-mingw32/bin/../lib/gcc/nios2-elf/4.9.2/../../../../../H-x86_64-mingw32/nios2-elf/lib\libc.a(lib_a-rget.o)
                0x000000000080a5dc                __srget
 .text          0x000000000080a5f0        0x0 c:/software/altera/15.1/nios2eds/bin/gnu/h-x86_64-mingw32/bin/../lib/gcc/nios2-elf/4.9.2/../../../../../H-x86_64-mingw32/nios2-elf/lib\libc.a(lib_a-strcpy.o)
 .text.strcpy   0x000000000080a5f0       0x90 c:/software/altera/15.1/nios2eds/bin/gnu/h-x86_64-mingw32/bin/../lib/gcc/nios2-elf/4.9.2/../../../../../H-x86_64-mingw32/nios2-elf/lib\libc.a(lib_a-strcpy.o)
                0x000000000080a5f0                strcpy
 .text          0x000000000080a680        0x0 c:/software/altera/15.1/nios2eds/bin/gnu/h-x86_64-mingw32/bin/../lib/gcc/nios2-elf/4.9.2/../../../../../H-x86_64-mingw32/nios2-elf/lib\libc.a(lib_a-strlen.o)
 .text.strlen   0x000000000080a680       0x98 c:/software/altera/15.1/nios2eds/bin/gnu/h-x86_64-mingw32/bin/../lib/gcc/nios2-elf/4.9.2/../../../../../H-x86_64-mingw32/nios2-elf/lib\libc.a(lib_a-strlen.o)
                0x000000000080a680                strlen
 .text          0x000000000080a718        0x0 c:/software/altera/15.1/nios2eds/bin/gnu/h-x86_64-mingw32/bin/../lib/gcc/nios2-elf/4.9.2/../../../../../H-x86_64-mingw32/nios2-elf/lib\libc.a(lib_a-findfp.o)
 .text.__fp_lock
                0x000000000080a718        0x8 c:/software/altera/15.1/nios2eds/bin/gnu/h-x86_64-mingw32/bin/../lib/gcc/nios2-elf/4.9.2/../../../../../H-x86_64-mingw32/nios2-elf/lib\libc.a(lib_a-findfp.o)
 .text.__fp_unlock
                0x000000000080a720        0x8 c:/software/altera/15.1/nios2eds/bin/gnu/h-x86_64-mingw32/bin/../lib/gcc/nios2-elf/4.9.2/../../../../../H-x86_64-mingw32/nios2-elf/lib\libc.a(lib_a-findfp.o)
 .text._cleanup_r
                0x000000000080a728        0xc c:/software/altera/15.1/nios2eds/bin/gnu/h-x86_64-mingw32/bin/../lib/gcc/nios2-elf/4.9.2/../../../../../H-x86_64-mingw32/nios2-elf/lib\libc.a(lib_a-findfp.o)
                0x000000000080a728                _cleanup_r
 .text.__sinit.part.1
                0x000000000080a734      0x19c c:/software/altera/15.1/nios2eds/bin/gnu/h-x86_64-mingw32/bin/../lib/gcc/nios2-elf/4.9.2/../../../../../H-x86_64-mingw32/nios2-elf/lib\libc.a(lib_a-findfp.o)
 .text.__sfmoreglue
                0x000000000080a8d0       0x68 c:/software/altera/15.1/nios2eds/bin/gnu/h-x86_64-mingw32/bin/../lib/gcc/nios2-elf/4.9.2/../../../../../H-x86_64-mingw32/nios2-elf/lib\libc.a(lib_a-findfp.o)
                0x000000000080a8d0                __sfmoreglue
 .text.__sfp    0x000000000080a938      0x118 c:/software/altera/15.1/nios2eds/bin/gnu/h-x86_64-mingw32/bin/../lib/gcc/nios2-elf/4.9.2/../../../../../H-x86_64-mingw32/nios2-elf/lib\libc.a(lib_a-findfp.o)
                0x000000000080a938                __sfp
 .text._cleanup
                0x000000000080aa50       0x18 c:/software/altera/15.1/nios2eds/bin/gnu/h-x86_64-mingw32/bin/../lib/gcc/nios2-elf/4.9.2/../../../../../H-x86_64-mingw32/nios2-elf/lib\libc.a(lib_a-findfp.o)
                0x000000000080aa50                _cleanup
 .text.__sinit  0x000000000080aa68       0x10 c:/software/altera/15.1/nios2eds/bin/gnu/h-x86_64-mingw32/bin/../lib/gcc/nios2-elf/4.9.2/../../../../../H-x86_64-mingw32/nios2-elf/lib\libc.a(lib_a-findfp.o)
                0x000000000080aa68                __sinit
 .text.__sfp_lock_acquire
                0x000000000080aa78        0x4 c:/software/altera/15.1/nios2eds/bin/gnu/h-x86_64-mingw32/bin/../lib/gcc/nios2-elf/4.9.2/../../../../../H-x86_64-mingw32/nios2-elf/lib\libc.a(lib_a-findfp.o)
                0x000000000080aa78                __sfp_lock_acquire
 .text.__sfp_lock_release
                0x000000000080aa7c        0x4 c:/software/altera/15.1/nios2eds/bin/gnu/h-x86_64-mingw32/bin/../lib/gcc/nios2-elf/4.9.2/../../../../../H-x86_64-mingw32/nios2-elf/lib\libc.a(lib_a-findfp.o)
                0x000000000080aa7c                __sfp_lock_release
 .text.__sinit_lock_acquire
                0x000000000080aa80        0x4 c:/software/altera/15.1/nios2eds/bin/gnu/h-x86_64-mingw32/bin/../lib/gcc/nios2-elf/4.9.2/../../../../../H-x86_64-mingw32/nios2-elf/lib\libc.a(lib_a-findfp.o)
                0x000000000080aa80                __sinit_lock_acquire
 .text.__sinit_lock_release
                0x000000000080aa84        0x4 c:/software/altera/15.1/nios2eds/bin/gnu/h-x86_64-mingw32/bin/../lib/gcc/nios2-elf/4.9.2/../../../../../H-x86_64-mingw32/nios2-elf/lib\libc.a(lib_a-findfp.o)
                0x000000000080aa84                __sinit_lock_release
 .text.__fp_lock_all
                0x000000000080aa88       0x18 c:/software/altera/15.1/nios2eds/bin/gnu/h-x86_64-mingw32/bin/../lib/gcc/nios2-elf/4.9.2/../../../../../H-x86_64-mingw32/nios2-elf/lib\libc.a(lib_a-findfp.o)
                0x000000000080aa88                __fp_lock_all
 .text.__fp_unlock_all
                0x000000000080aaa0       0x18 c:/software/altera/15.1/nios2eds/bin/gnu/h-x86_64-mingw32/bin/../lib/gcc/nios2-elf/4.9.2/../../../../../H-x86_64-mingw32/nios2-elf/lib\libc.a(lib_a-findfp.o)
                0x000000000080aaa0                __fp_unlock_all
 .text          0x000000000080aab8        0x0 c:/software/altera/15.1/nios2eds/bin/gnu/h-x86_64-mingw32/bin/../lib/gcc/nios2-elf/4.9.2/../../../../../H-x86_64-mingw32/nios2-elf/lib\libc.a(lib_a-fwalk.o)
 .text._fwalk   0x000000000080aab8       0xc4 c:/software/altera/15.1/nios2eds/bin/gnu/h-x86_64-mingw32/bin/../lib/gcc/nios2-elf/4.9.2/../../../../../H-x86_64-mingw32/nios2-elf/lib\libc.a(lib_a-fwalk.o)
                0x000000000080aab8                _fwalk
 .text._fwalk_reent
                0x000000000080ab7c       0xc4 c:/software/altera/15.1/nios2eds/bin/gnu/h-x86_64-mingw32/bin/../lib/gcc/nios2-elf/4.9.2/../../../../../H-x86_64-mingw32/nios2-elf/lib\libc.a(lib_a-fwalk.o)
                0x000000000080ab7c                _fwalk_reent
 .text          0x000000000080ac40        0x0 c:/software/altera/15.1/nios2eds/bin/gnu/h-x86_64-mingw32/bin/../lib/gcc/nios2-elf/4.9.2/../../../../../H-x86_64-mingw32/nios2-elf/lib\libc.a(lib_a-mallocr.o)
 .text._malloc_r
                0x000000000080ac40      0x7a8 c:/software/altera/15.1/nios2eds/bin/gnu/h-x86_64-mingw32/bin/../lib/gcc/nios2-elf/4.9.2/../../../../../H-x86_64-mingw32/nios2-elf/lib\libc.a(lib_a-mallocr.o)
                0x000000000080ac40                _malloc_r
 .text          0x000000000080b3e8        0x0 c:/software/altera/15.1/nios2eds/bin/gnu/h-x86_64-mingw32/bin/../lib/gcc/nios2-elf/4.9.2/../../../../../H-x86_64-mingw32/nios2-elf/lib\libc.a(lib_a-putc.o)
 .text._putc_r  0x000000000080b3e8       0xa0 c:/software/altera/15.1/nios2eds/bin/gnu/h-x86_64-mingw32/bin/../lib/gcc/nios2-elf/4.9.2/../../../../../H-x86_64-mingw32/nios2-elf/lib\libc.a(lib_a-putc.o)
                0x000000000080b3e8                _putc_r
 .text.putc     0x000000000080b488       0xcc c:/software/altera/15.1/nios2eds/bin/gnu/h-x86_64-mingw32/bin/../lib/gcc/nios2-elf/4.9.2/../../../../../H-x86_64-mingw32/nios2-elf/lib\libc.a(lib_a-putc.o)
                0x000000000080b488                putc
 .text          0x000000000080b554        0x0 c:/software/altera/15.1/nios2eds/bin/gnu/h-x86_64-mingw32/bin/../lib/gcc/nios2-elf/4.9.2/../../../../../H-x86_64-mingw32/nios2-elf/lib\libc.a(lib_a-refill.o)
 .text.lflush   0x000000000080b554       0x1c c:/software/altera/15.1/nios2eds/bin/gnu/h-x86_64-mingw32/bin/../lib/gcc/nios2-elf/4.9.2/../../../../../H-x86_64-mingw32/nios2-elf/lib\libc.a(lib_a-refill.o)
 .text.__srefill_r
                0x000000000080b570      0x1d4 c:/software/altera/15.1/nios2eds/bin/gnu/h-x86_64-mingw32/bin/../lib/gcc/nios2-elf/4.9.2/../../../../../H-x86_64-mingw32/nios2-elf/lib\libc.a(lib_a-refill.o)
                0x000000000080b570                __srefill_r
 .text          0x000000000080b744        0x0 c:/software/altera/15.1/nios2eds/bin/gnu/h-x86_64-mingw32/bin/../lib/gcc/nios2-elf/4.9.2/../../../../../H-x86_64-mingw32/nios2-elf/lib\libc.a(lib_a-sbrkr.o)
 .text._sbrk_r  0x000000000080b744       0x54 c:/software/altera/15.1/nios2eds/bin/gnu/h-x86_64-mingw32/bin/../lib/gcc/nios2-elf/4.9.2/../../../../../H-x86_64-mingw32/nios2-elf/lib\libc.a(lib_a-sbrkr.o)
                0x000000000080b744                _sbrk_r
 .text          0x000000000080b798        0x0 c:/software/altera/15.1/nios2eds/bin/gnu/h-x86_64-mingw32/bin/../lib/gcc/nios2-elf/4.9.2/../../../../../H-x86_64-mingw32/nios2-elf/lib\libc.a(lib_a-stdio.o)
 .text.__sread  0x000000000080b798       0x54 c:/software/altera/15.1/nios2eds/bin/gnu/h-x86_64-mingw32/bin/../lib/gcc/nios2-elf/4.9.2/../../../../../H-x86_64-mingw32/nios2-elf/lib\libc.a(lib_a-stdio.o)
                0x000000000080b798                __sread
 .text.__seofread
                0x000000000080b7ec        0x8 c:/software/altera/15.1/nios2eds/bin/gnu/h-x86_64-mingw32/bin/../lib/gcc/nios2-elf/4.9.2/../../../../../H-x86_64-mingw32/nios2-elf/lib\libc.a(lib_a-stdio.o)
                0x000000000080b7ec                __seofread
 .text.__swrite
                0x000000000080b7f4       0x7c c:/software/altera/15.1/nios2eds/bin/gnu/h-x86_64-mingw32/bin/../lib/gcc/nios2-elf/4.9.2/../../../../../H-x86_64-mingw32/nios2-elf/lib\libc.a(lib_a-stdio.o)
                0x000000000080b7f4                __swrite
 .text.__sseek  0x000000000080b870       0x5c c:/software/altera/15.1/nios2eds/bin/gnu/h-x86_64-mingw32/bin/../lib/gcc/nios2-elf/4.9.2/../../../../../H-x86_64-mingw32/nios2-elf/lib\libc.a(lib_a-stdio.o)
                0x000000000080b870                __sseek
 .text.__sclose
                0x000000000080b8cc        0x8 c:/software/altera/15.1/nios2eds/bin/gnu/h-x86_64-mingw32/bin/../lib/gcc/nios2-elf/4.9.2/../../../../../H-x86_64-mingw32/nios2-elf/lib\libc.a(lib_a-stdio.o)
                0x000000000080b8cc                __sclose
 .text          0x000000000080b8d4        0x0 c:/software/altera/15.1/nios2eds/bin/gnu/h-x86_64-mingw32/bin/../lib/gcc/nios2-elf/4.9.2/../../../../../H-x86_64-mingw32/nios2-elf/lib\libc.a(lib_a-wbuf.o)
 .text.__swbuf_r
                0x000000000080b8d4      0x138 c:/software/altera/15.1/nios2eds/bin/gnu/h-x86_64-mingw32/bin/../lib/gcc/nios2-elf/4.9.2/../../../../../H-x86_64-mingw32/nios2-elf/lib\libc.a(lib_a-wbuf.o)
                0x000000000080b8d4                __swbuf_r
 .text.__swbuf  0x000000000080ba0c       0x1c c:/software/altera/15.1/nios2eds/bin/gnu/h-x86_64-mingw32/bin/../lib/gcc/nios2-elf/4.9.2/../../../../../H-x86_64-mingw32/nios2-elf/lib\libc.a(lib_a-wbuf.o)
                0x000000000080ba0c                __swbuf
 .text          0x000000000080ba28        0x0 c:/software/altera/15.1/nios2eds/bin/gnu/h-x86_64-mingw32/bin/../lib/gcc/nios2-elf/4.9.2/../../../../../H-x86_64-mingw32/nios2-elf/lib\libc.a(lib_a-writer.o)
 .text._write_r
                0x000000000080ba28       0x5c c:/software/altera/15.1/nios2eds/bin/gnu/h-x86_64-mingw32/bin/../lib/gcc/nios2-elf/4.9.2/../../../../../H-x86_64-mingw32/nios2-elf/lib\libc.a(lib_a-writer.o)
                0x000000000080ba28                _write_r
 .text          0x000000000080ba84        0x0 c:/software/altera/15.1/nios2eds/bin/gnu/h-x86_64-mingw32/bin/../lib/gcc/nios2-elf/4.9.2/../../../../../H-x86_64-mingw32/nios2-elf/lib\libc.a(lib_a-wsetup.o)
 .text.__swsetup_r
                0x000000000080ba84      0x154 c:/software/altera/15.1/nios2eds/bin/gnu/h-x86_64-mingw32/bin/../lib/gcc/nios2-elf/4.9.2/../../../../../H-x86_64-mingw32/nios2-elf/lib\libc.a(lib_a-wsetup.o)
                0x000000000080ba84                __swsetup_r
 .text          0x000000000080bbd8        0x0 c:/software/altera/15.1/nios2eds/bin/gnu/h-x86_64-mingw32/bin/../lib/gcc/nios2-elf/4.9.2/../../../../../H-x86_64-mingw32/nios2-elf/lib\libc.a(closer.o)
 .text._close_r
                0x000000000080bbd8       0x54 c:/software/altera/15.1/nios2eds/bin/gnu/h-x86_64-mingw32/bin/../lib/gcc/nios2-elf/4.9.2/../../../../../H-x86_64-mingw32/nios2-elf/lib\libc.a(closer.o)
                0x000000000080bbd8                _close_r
 .text          0x000000000080bc2c        0x0 c:/software/altera/15.1/nios2eds/bin/gnu/h-x86_64-mingw32/bin/../lib/gcc/nios2-elf/4.9.2/../../../../../H-x86_64-mingw32/nios2-elf/lib\libc.a(lib_a-fclose.o)
 .text._fclose_r
                0x000000000080bc2c       0xf0 c:/software/altera/15.1/nios2eds/bin/gnu/h-x86_64-mingw32/bin/../lib/gcc/nios2-elf/4.9.2/../../../../../H-x86_64-mingw32/nios2-elf/lib\libc.a(lib_a-fclose.o)
                0x000000000080bc2c                _fclose_r
 .text.fclose   0x000000000080bd1c       0x14 c:/software/altera/15.1/nios2eds/bin/gnu/h-x86_64-mingw32/bin/../lib/gcc/nios2-elf/4.9.2/../../../../../H-x86_64-mingw32/nios2-elf/lib\libc.a(lib_a-fclose.o)
                0x000000000080bd1c                fclose
 .text          0x000000000080bd30        0x0 c:/software/altera/15.1/nios2eds/bin/gnu/h-x86_64-mingw32/bin/../lib/gcc/nios2-elf/4.9.2/../../../../../H-x86_64-mingw32/nios2-elf/lib\libc.a(lib_a-fflush.o)
 .text.__sflush_r
                0x000000000080bd30      0x208 c:/software/altera/15.1/nios2eds/bin/gnu/h-x86_64-mingw32/bin/../lib/gcc/nios2-elf/4.9.2/../../../../../H-x86_64-mingw32/nios2-elf/lib\libc.a(lib_a-fflush.o)
                0x000000000080bd30                __sflush_r
 .text._fflush_r
                0x000000000080bf38       0x5c c:/software/altera/15.1/nios2eds/bin/gnu/h-x86_64-mingw32/bin/../lib/gcc/nios2-elf/4.9.2/../../../../../H-x86_64-mingw32/nios2-elf/lib\libc.a(lib_a-fflush.o)
                0x000000000080bf38                _fflush_r
 .text.fflush   0x000000000080bf94       0x30 c:/software/altera/15.1/nios2eds/bin/gnu/h-x86_64-mingw32/bin/../lib/gcc/nios2-elf/4.9.2/../../../../../H-x86_64-mingw32/nios2-elf/lib\libc.a(lib_a-fflush.o)
                0x000000000080bf94                fflush
 .text          0x000000000080bfc4        0x0 c:/software/altera/15.1/nios2eds/bin/gnu/h-x86_64-mingw32/bin/../lib/gcc/nios2-elf/4.9.2/../../../../../H-x86_64-mingw32/nios2-elf/lib\libc.a(lib_a-freer.o)
 .text._malloc_trim_r
                0x000000000080bfc4      0x124 c:/software/altera/15.1/nios2eds/bin/gnu/h-x86_64-mingw32/bin/../lib/gcc/nios2-elf/4.9.2/../../../../../H-x86_64-mingw32/nios2-elf/lib\libc.a(lib_a-freer.o)
                0x000000000080bfc4                _malloc_trim_r
 .text._free_r  0x000000000080c0e8      0x2f0 c:/software/altera/15.1/nios2eds/bin/gnu/h-x86_64-mingw32/bin/../lib/gcc/nios2-elf/4.9.2/../../../../../H-x86_64-mingw32/nios2-elf/lib\libc.a(lib_a-freer.o)
                0x000000000080c0e8                _free_r
 .text          0x000000000080c3d8        0x0 c:/software/altera/15.1/nios2eds/bin/gnu/h-x86_64-mingw32/bin/../lib/gcc/nios2-elf/4.9.2/../../../../../H-x86_64-mingw32/nios2-elf/lib\libc.a(lib_a-int_errno.o)
 .text          0x000000000080c3d8        0x0 c:/software/altera/15.1/nios2eds/bin/gnu/h-x86_64-mingw32/bin/../lib/gcc/nios2-elf/4.9.2/../../../../../H-x86_64-mingw32/nios2-elf/lib\libc.a(lib_a-lseekr.o)
 .text._lseek_r
                0x000000000080c3d8       0x5c c:/software/altera/15.1/nios2eds/bin/gnu/h-x86_64-mingw32/bin/../lib/gcc/nios2-elf/4.9.2/../../../../../H-x86_64-mingw32/nios2-elf/lib\libc.a(lib_a-lseekr.o)
                0x000000000080c3d8                _lseek_r
 .text          0x000000000080c434        0x0 c:/software/altera/15.1/nios2eds/bin/gnu/h-x86_64-mingw32/bin/../lib/gcc/nios2-elf/4.9.2/../../../../../H-x86_64-mingw32/nios2-elf/lib\libc.a(lib_a-makebuf.o)
 .text.__smakebuf_r
                0x000000000080c434      0x1b8 c:/software/altera/15.1/nios2eds/bin/gnu/h-x86_64-mingw32/bin/../lib/gcc/nios2-elf/4.9.2/../../../../../H-x86_64-mingw32/nios2-elf/lib\libc.a(lib_a-makebuf.o)
                0x000000000080c434                __smakebuf_r
 .text          0x000000000080c5ec        0x0 c:/software/altera/15.1/nios2eds/bin/gnu/h-x86_64-mingw32/bin/../lib/gcc/nios2-elf/4.9.2/../../../../../H-x86_64-mingw32/nios2-elf/lib\libc.a(lib_a-readr.o)
 .text._read_r  0x000000000080c5ec       0x5c c:/software/altera/15.1/nios2eds/bin/gnu/h-x86_64-mingw32/bin/../lib/gcc/nios2-elf/4.9.2/../../../../../H-x86_64-mingw32/nios2-elf/lib\libc.a(lib_a-readr.o)
                0x000000000080c5ec                _read_r
 .text          0x000000000080c648        0x0 c:/software/altera/15.1/nios2eds/bin/gnu/h-x86_64-mingw32/bin/../lib/gcc/nios2-elf/4.9.2/../../../../../H-x86_64-mingw32/nios2-elf/lib\libc.a(lib_a-fstatr.o)
 .text._fstat_r
                0x000000000080c648       0x58 c:/software/altera/15.1/nios2eds/bin/gnu/h-x86_64-mingw32/bin/../lib/gcc/nios2-elf/4.9.2/../../../../../H-x86_64-mingw32/nios2-elf/lib\libc.a(lib_a-fstatr.o)
                0x000000000080c648                _fstat_r
 .text          0x000000000080c6a0        0x0 c:/software/altera/15.1/nios2eds/bin/gnu/h-x86_64-mingw32/bin/../lib/gcc/nios2-elf/4.9.2/../../../../../H-x86_64-mingw32/nios2-elf/lib\libc.a(lib_a-isattyr.o)
 .text._isatty_r
                0x000000000080c6a0       0x54 c:/software/altera/15.1/nios2eds/bin/gnu/h-x86_64-mingw32/bin/../lib/gcc/nios2-elf/4.9.2/../../../../../H-x86_64-mingw32/nios2-elf/lib\libc.a(lib_a-isattyr.o)
                0x000000000080c6a0                _isatty_r
 .text          0x000000000080c6f4      0x140 ../AudioPlayer_bsp/\libhal_bsp.a(alt_alarm_start.o)
                0x000000000080c6f4                alt_alarm_start
 .text          0x000000000080c834      0x120 ../AudioPlayer_bsp/\libhal_bsp.a(alt_close.o)
                0x000000000080c884                close
 .text          0x000000000080c954       0x2c ../AudioPlayer_bsp/\libhal_bsp.a(alt_dev.o)
 .text          0x000000000080c980        0x0 ../AudioPlayer_bsp/\libhal_bsp.a(alt_errno.o)
 .text          0x000000000080c980      0x100 ../AudioPlayer_bsp/\libhal_bsp.a(alt_fstat.o)
                0x000000000080c9d0                fstat
 .text          0x000000000080ca80       0xf4 ../AudioPlayer_bsp/\libhal_bsp.a(alt_isatty.o)
                0x000000000080cad0                isatty
 .text          0x000000000080cb74       0xe4 ../AudioPlayer_bsp/\libhal_bsp.a(alt_load.o)
                0x000000000080cbd8                alt_load
 .text          0x000000000080cc58      0x124 ../AudioPlayer_bsp/\libhal_bsp.a(alt_lseek.o)
                0x000000000080cca8                lseek
 .text          0x000000000080cd7c       0x78 ../AudioPlayer_bsp/\libhal_bsp.a(alt_main.o)
                0x000000000080cd7c                alt_main
 .text          0x000000000080cdf4       0x40 ../AudioPlayer_bsp/\libhal_bsp.a(alt_malloc_lock.o)
                0x000000000080cdf4                __malloc_lock
                0x000000000080ce14                __malloc_unlock
 .text          0x000000000080ce34      0x228 ../AudioPlayer_bsp/\libhal_bsp.a(alt_printf.o)
                0x000000000080ce34                alt_printf
 .text          0x000000000080d05c       0x44 ../AudioPlayer_bsp/\libhal_bsp.a(alt_putchar.o)
                0x000000000080d05c                alt_putchar
 .text          0x000000000080d0a0      0x14c ../AudioPlayer_bsp/\libhal_bsp.a(alt_read.o)
                0x000000000080d0f0                read
 .text          0x000000000080d1ec       0x60 ../AudioPlayer_bsp/\libhal_bsp.a(alt_release_fd.o)
                0x000000000080d1ec                alt_release_fd
 .text          0x000000000080d24c       0xb0 ../AudioPlayer_bsp/\libhal_bsp.a(alt_sbrk.o)
                0x000000000080d24c                sbrk
 .text          0x000000000080d2fc      0x19c ../AudioPlayer_bsp/\libhal_bsp.a(alt_tick.o)
                0x000000000080d2fc                alt_alarm_stop
                0x000000000080d394                alt_tick
 .text          0x000000000080d498      0x148 ../AudioPlayer_bsp/\libhal_bsp.a(alt_write.o)
                0x000000000080d4e8                write
 .text          0x000000000080d5e0      0x11c ../AudioPlayer_bsp/\libhal_bsp.a(alt_sys_init.o)
                0x000000000080d618                alt_irq_init
                0x000000000080d64c                alt_sys_init
 .text          0x000000000080d6fc      0x164 ../AudioPlayer_bsp/\libhal_bsp.a(altera_avalon_jtag_uart_fd.o)
                0x000000000080d6fc                altera_avalon_jtag_uart_read_fd
                0x000000000080d75c                altera_avalon_jtag_uart_write_fd
                0x000000000080d7bc                altera_avalon_jtag_uart_close_fd
                0x000000000080d80c                altera_avalon_jtag_uart_ioctl_fd
 .text          0x000000000080d860      0x3d0 ../AudioPlayer_bsp/\libhal_bsp.a(altera_avalon_jtag_uart_init.o)
                0x000000000080d860                altera_avalon_jtag_uart_init
                0x000000000080dbc8                altera_avalon_jtag_uart_close
 .text          0x000000000080dc30       0xec ../AudioPlayer_bsp/\libhal_bsp.a(altera_avalon_jtag_uart_ioctl.o)
                0x000000000080dc30                altera_avalon_jtag_uart_ioctl
 .text          0x000000000080dd1c      0x20c ../AudioPlayer_bsp/\libhal_bsp.a(altera_avalon_jtag_uart_read.o)
                0x000000000080dd1c                altera_avalon_jtag_uart_read
 .text          0x000000000080df28      0x218 ../AudioPlayer_bsp/\libhal_bsp.a(altera_avalon_jtag_uart_write.o)
                0x000000000080df28                altera_avalon_jtag_uart_write
 .text          0x000000000080e140      0xe70 ../AudioPlayer_bsp/\libhal_bsp.a(altera_avalon_lcd_16207.o)
                0x000000000080e8e4                altera_avalon_lcd_16207_write
                0x000000000080ee78                altera_avalon_lcd_16207_init
 .text          0x000000000080efb0       0x60 ../AudioPlayer_bsp/\libhal_bsp.a(altera_avalon_lcd_16207_fd.o)
                0x000000000080efb0                altera_avalon_lcd_16207_write_fd
 .text          0x000000000080f010       0xf8 ../AudioPlayer_bsp/\libhal_bsp.a(altera_avalon_timer_sc.o)
                0x000000000080f088                alt_avalon_timer_sc_init
 .text          0x000000000080f108      0x110 ../AudioPlayer_bsp/\libhal_bsp.a(altera_avalon_uart_fd.o)
                0x000000000080f108                altera_avalon_uart_read_fd
                0x000000000080f168                altera_avalon_uart_write_fd
                0x000000000080f1c8                altera_avalon_uart_close_fd
 .text          0x000000000080f218      0x3b4 ../AudioPlayer_bsp/\libhal_bsp.a(altera_avalon_uart_init.o)
                0x000000000080f218                altera_avalon_uart_init
                0x000000000080f578                altera_avalon_uart_close
 .text          0x000000000080f5cc      0x22c ../AudioPlayer_bsp/\libhal_bsp.a(altera_avalon_uart_read.o)
                0x000000000080f61c                altera_avalon_uart_read
 .text          0x000000000080f7f8      0x1fc ../AudioPlayer_bsp/\libhal_bsp.a(altera_avalon_uart_write.o)
                0x000000000080f848                altera_avalon_uart_write
 .text          0x000000000080f9f4      0x794 ../AudioPlayer_bsp/\libhal_bsp.a(altera_up_avalon_audio.o)
                0x000000000080f9f4                alt_up_audio_open_dev
                0x000000000080fa34                alt_up_audio_enable_read_interrupt
                0x000000000080fa84                alt_up_audio_disable_read_interrupt
                0x000000000080fad8                alt_up_audio_enable_write_interrupt
                0x000000000080fb28                alt_up_audio_disable_write_interrupt
                0x000000000080fb7c                alt_up_audio_read_interrupt_pending
                0x000000000080fbbc                alt_up_audio_write_interrupt_pending
                0x000000000080fbfc                alt_up_audio_reset_audio_core
                0x000000000080fc8c                alt_up_audio_read_fifo_avail
                0x000000000080fcec                alt_up_audio_record_r
                0x000000000080fd54                alt_up_audio_record_l
                0x000000000080fdbc                alt_up_audio_write_fifo_space
                0x000000000080fe1c                alt_up_audio_play_r
                0x000000000080fe84                alt_up_audio_play_l
                0x000000000080feec                alt_up_audio_read_fifo
                0x000000000080ffcc                alt_up_audio_write_fifo
                0x00000000008100d4                alt_up_audio_read_fifo_head
                0x0000000000810124                alt_up_audio_write_fifo_head
 .text          0x0000000000810188       0x44 ../AudioPlayer_bsp/\libhal_bsp.a(alt_dcache_flush_all.o)
                0x0000000000810188                alt_dcache_flush_all
 .text          0x00000000008101cc       0xf4 ../AudioPlayer_bsp/\libhal_bsp.a(alt_dev_llist_insert.o)
                0x000000000081021c                alt_dev_llist_insert
 .text          0x00000000008102c0       0x5c ../AudioPlayer_bsp/\libhal_bsp.a(alt_do_ctors.o)
                0x00000000008102c0                _do_ctors
 .text          0x000000000081031c       0x5c ../AudioPlayer_bsp/\libhal_bsp.a(alt_do_dtors.o)
                0x000000000081031c                _do_dtors
 .text          0x0000000000810378       0x90 ../AudioPlayer_bsp/\libhal_bsp.a(alt_find_dev.o)
                0x0000000000810378                alt_find_dev
 .text          0x0000000000810408       0x30 ../AudioPlayer_bsp/\libhal_bsp.a(alt_icache_flush_all.o)
                0x0000000000810408                alt_icache_flush_all
 .text          0x0000000000810438      0x138 ../AudioPlayer_bsp/\libhal_bsp.a(alt_io_redirect.o)
                0x00000000008104f8                alt_io_redirect
 .text          0x0000000000810570      0x1b0 ../AudioPlayer_bsp/\libhal_bsp.a(alt_irq_register.o)
                0x0000000000810570                alt_irq_register
 .text          0x0000000000810720        0x0 ../AudioPlayer_bsp/\libhal_bsp.a(alt_irq_vars.o)
 .text          0x0000000000810720      0x274 ../AudioPlayer_bsp/\libhal_bsp.a(alt_open.o)
                0x000000000081083c                open
 .text          0x0000000000810994       0x30 ../AudioPlayer_bsp/\libhal_bsp.a(alt_usleep.o)
                0x0000000000810994                usleep
 .text          0x00000000008109c4       0x20 ../AudioPlayer_bsp/\libhal_bsp.a(altera_nios2_gen2_irq.o)
                0x00000000008109c4                altera_nios2_gen2_irq_init
 .text          0x00000000008109e4      0x158 ../AudioPlayer_bsp/\libhal_bsp.a(alt_busy_sleep.o)
                0x00000000008109e4                alt_busy_sleep
 .text          0x0000000000810b3c      0x114 ../AudioPlayer_bsp/\libhal_bsp.a(alt_find_file.o)
                0x0000000000810b3c                alt_find_file
 .text          0x0000000000810c50       0xb4 ../AudioPlayer_bsp/\libhal_bsp.a(alt_get_fd.o)
                0x0000000000810c50                alt_get_fd
 .text          0x0000000000810d04       0x8c ../AudioPlayer_bsp/\libhal_bsp.a(alt_icache_flush.o)
                0x0000000000810d04                alt_icache_flush
 .text          0x0000000000810d90        0x0 ../AudioPlayer_bsp/\libhal_bsp.a(alt_irq_entry.o)
 .text          0x0000000000810d90        0x0 ../AudioPlayer_bsp/\libhal_bsp.a(alt_irq_handler.o)
 .text          0x0000000000810d90        0x0 ../AudioPlayer_bsp/\libhal_bsp.a(alt_exception_entry.o)
 .text          0x0000000000810d90       0x9c ../AudioPlayer_bsp/\libhal_bsp.a(alt_instruction_exception_entry.o)
                0x0000000000810d90                alt_exception_cause_generated_bad_addr
 .text          0x0000000000810e2c        0x0 c:/software/altera/15.1/nios2eds/bin/gnu/h-x86_64-mingw32/bin/../lib/gcc/nios2-elf/4.9.2/../../../../../H-x86_64-mingw32/nios2-elf/lib\libc.a(lib_a-atexit.o)
 .text.atexit   0x0000000000810e2c       0x14 c:/software/altera/15.1/nios2eds/bin/gnu/h-x86_64-mingw32/bin/../lib/gcc/nios2-elf/4.9.2/../../../../../H-x86_64-mingw32/nios2-elf/lib\libc.a(lib_a-atexit.o)
                0x0000000000810e2c                atexit
 .text          0x0000000000810e40        0x0 c:/software/altera/15.1/nios2eds/bin/gnu/h-x86_64-mingw32/bin/../lib/gcc/nios2-elf/4.9.2/../../../../../H-x86_64-mingw32/nios2-elf/lib\libc.a(lib_a-ctype_.o)
 .text          0x0000000000810e40        0x0 c:/software/altera/15.1/nios2eds/bin/gnu/h-x86_64-mingw32/bin/../lib/gcc/nios2-elf/4.9.2/../../../../../H-x86_64-mingw32/nios2-elf/lib\libc.a(lib_a-exit.o)
 .text.exit     0x0000000000810e40       0x38 c:/software/altera/15.1/nios2eds/bin/gnu/h-x86_64-mingw32/bin/../lib/gcc/nios2-elf/4.9.2/../../../../../H-x86_64-mingw32/nios2-elf/lib\libc.a(lib_a-exit.o)
                0x0000000000810e40                exit
 .text          0x0000000000810e78        0x0 c:/software/altera/15.1/nios2eds/bin/gnu/h-x86_64-mingw32/bin/../lib/gcc/nios2-elf/4.9.2/../../../../../H-x86_64-mingw32/nios2-elf/lib\libc.a(lib_a-memcmp.o)
 .text.memcmp   0x0000000000810e78       0x7c c:/software/altera/15.1/nios2eds/bin/gnu/h-x86_64-mingw32/bin/../lib/gcc/nios2-elf/4.9.2/../../../../../H-x86_64-mingw32/nios2-elf/lib\libc.a(lib_a-memcmp.o)
                0x0000000000810e78                memcmp
 .text          0x0000000000810ef4        0x0 c:/software/altera/15.1/nios2eds/bin/gnu/h-x86_64-mingw32/bin/../lib/gcc/nios2-elf/4.9.2/../../../../../H-x86_64-mingw32/nios2-elf/lib\libc.a(lib_a-memcpy.o)
 .text.memcpy   0x0000000000810ef4      0x138 c:/software/altera/15.1/nios2eds/bin/gnu/h-x86_64-mingw32/bin/../lib/gcc/nios2-elf/4.9.2/../../../../../H-x86_64-mingw32/nios2-elf/lib\libc.a(lib_a-memcpy.o)
                0x0000000000810ef4                memcpy
 .text          0x000000000081102c        0x0 c:/software/altera/15.1/nios2eds/bin/gnu/h-x86_64-mingw32/bin/../lib/gcc/nios2-elf/4.9.2/../../../../../H-x86_64-mingw32/nios2-elf/lib\libc.a(lib_a-__atexit.o)
 .text.__register_exitproc
                0x000000000081102c      0x114 c:/software/altera/15.1/nios2eds/bin/gnu/h-x86_64-mingw32/bin/../lib/gcc/nios2-elf/4.9.2/../../../../../H-x86_64-mingw32/nios2-elf/lib\libc.a(lib_a-__atexit.o)
                0x000000000081102c                __register_exitproc
 .text          0x0000000000811140        0x0 c:/software/altera/15.1/nios2eds/bin/gnu/h-x86_64-mingw32/bin/../lib/gcc/nios2-elf/4.9.2/../../../../../H-x86_64-mingw32/nios2-elf/lib\libc.a(lib_a-__call_atexit.o)
 .text.__call_exitprocs
                0x0000000000811140      0x194 c:/software/altera/15.1/nios2eds/bin/gnu/h-x86_64-mingw32/bin/../lib/gcc/nios2-elf/4.9.2/../../../../../H-x86_64-mingw32/nios2-elf/lib\libc.a(lib_a-__call_atexit.o)
                0x0000000000811140                __call_exitprocs
 .text          0x00000000008112d4       0x34 ../AudioPlayer_bsp/\libhal_bsp.a(alt_exit.o)
                0x00000000008112d4                _exit
 *(.gnu.warning.*)
 *(.fini)
                0x0000000000811308                PROVIDE (__etext, ABSOLUTE (.))
                0x0000000000811308                PROVIDE (_etext, ABSOLUTE (.))
                0x0000000000811308                PROVIDE (etext, ABSOLUTE (.))
 *(.eh_frame_hdr)
                0x0000000000811308                . = ALIGN (0x4)
                0x0000000000811308                PROVIDE (__preinit_array_start, ABSOLUTE (.))
 *(.preinit_array)
                0x0000000000811308                PROVIDE (__preinit_array_end, ABSOLUTE (.))
                0x0000000000811308                PROVIDE (__init_array_start, ABSOLUTE (.))
 *(.init_array)
                0x0000000000811308                PROVIDE (__init_array_end, ABSOLUTE (.))
                0x0000000000811308                PROVIDE (__fini_array_start, ABSOLUTE (.))
 *(.fini_array)
                0x0000000000811308                PROVIDE (__fini_array_end, ABSOLUTE (.))
 *(.eh_frame)
 *(.gcc_except_table .gcc_except_table.*)
 *(.dynamic)
                0x0000000000811308                PROVIDE (__CTOR_LIST__, ABSOLUTE (.))
 *(.ctors)
 *(SORT(.ctors.*))
                0x0000000000811308                PROVIDE (__CTOR_END__, ABSOLUTE (.))
                0x0000000000811308                PROVIDE (__DTOR_LIST__, ABSOLUTE (.))
 *(.dtors)
 *(SORT(.dtors.*))
                0x0000000000811308                PROVIDE (__DTOR_END__, ABSOLUTE (.))
 *(.jcr)
                0x0000000000811308                . = ALIGN (0x4)

.rodata         0x0000000000811308      0xa8c
                0x0000000000811308                PROVIDE (__ram_rodata_start, ABSOLUTE (.))
                0x0000000000811308                . = ALIGN (0x4)
 *(.rodata .rodata.* .gnu.linkonce.r.*)
 .rodata        0x0000000000811308       0xf0 obj/default/ff.o
 .rodata        0x00000000008113f8      0x68c obj/default/main.o
 .rodata        0x0000000000811a84       0x10 obj/default/monitor.o
 .rodata.str1.4
                0x0000000000811a94        0x4 c:/software/altera/15.1/nios2eds/bin/gnu/h-x86_64-mingw32/bin/../lib/gcc/nios2-elf/4.9.2/../../../../../H-x86_64-mingw32/nios2-elf/lib\libc.a(lib_a-impure.o)
 .rodata        0x0000000000811a98        0xc ../AudioPlayer_bsp/\libhal_bsp.a(alt_dev.o)
 .rodata        0x0000000000811aa4       0x14 ../AudioPlayer_bsp/\libhal_bsp.a(alt_main.o)
 .rodata        0x0000000000811ab8       0x58 ../AudioPlayer_bsp/\libhal_bsp.a(alt_sys_init.o)
 .rodata._ctype_
                0x0000000000811b10      0x101 c:/software/altera/15.1/nios2eds/bin/gnu/h-x86_64-mingw32/bin/../lib/gcc/nios2-elf/4.9.2/../../../../../H-x86_64-mingw32/nios2-elf/lib\libc.a(lib_a-ctype_.o)
                0x0000000000811b10                _ctype_
 .rodata._ctype_b
                0x0000000000811c11      0x180 c:/software/altera/15.1/nios2eds/bin/gnu/h-x86_64-mingw32/bin/../lib/gcc/nios2-elf/4.9.2/../../../../../H-x86_64-mingw32/nios2-elf/lib\libc.a(lib_a-ctype_.o)
 *(.rodata1)
                0x0000000000811d94                . = ALIGN (0x4)
 *fill*         0x0000000000811d91        0x3 
                0x0000000000811d94                PROVIDE (__ram_rodata_end, ABSOLUTE (.))
                0x0000000000811308                PROVIDE (__flash_rodata_start, LOADADDR (.rodata))

.rwdata         0x0000000000811d94     0x1cc0 load address 0x0000000000813a54
                0x0000000000811d94                PROVIDE (__ram_rwdata_start, ABSOLUTE (.))
                0x0000000000811d94                . = ALIGN (0x4)
 *(.got.plt)
 *(.got)
 *(.data1)
 *(.data .data.* .gnu.linkonce.d.*)
 .data          0x0000000000811d94        0x0 ../AudioPlayer_bsp//obj/HAL/src/crt0.o
 .data          0x0000000000811d94        0x0 obj/default/fatfs.o
 .data          0x0000000000811d94        0x0 obj/default/fatfs_diskio.o
 .data          0x0000000000811d94        0x0 obj/default/fatfs_nios2_de0_nano_spi.o
 .data          0x0000000000811d94        0x0 obj/default/fatfs_nios2_de1_pio.o
 .data          0x0000000000811d94        0x0 obj/default/fatfs_nios2_de1_spi.o
 .data          0x0000000000811d94        0x0 obj/default/ff.o
 .data          0x0000000000811d94        0x0 obj/default/hello_world.o
 .data          0x0000000000811d94        0x0 obj/default/main.o
 .data          0x0000000000811d94        0x0 obj/default/monitor.o
 .data          0x0000000000811d94        0x0 obj/default/uart_nios2.o
 .data          0x0000000000811d94        0x0 c:/software/altera/15.1/nios2eds/bin/gnu/h-x86_64-mingw32/bin/../lib/gcc/nios2-elf/4.9.2\libgcc.a(lib2-divmod.o)
 .data          0x0000000000811d94        0x0 c:/software/altera/15.1/nios2eds/bin/gnu/h-x86_64-mingw32/bin/../lib/gcc/nios2-elf/4.9.2/../../../../../H-x86_64-mingw32/nios2-elf/lib\libc.a(lib_a-getc.o)
 .data          0x0000000000811d94        0x0 c:/software/altera/15.1/nios2eds/bin/gnu/h-x86_64-mingw32/bin/../lib/gcc/nios2-elf/4.9.2/../../../../../H-x86_64-mingw32/nios2-elf/lib\libc.a(lib_a-impure.o)
 .data.impure_data
                0x0000000000811d94      0x424 c:/software/altera/15.1/nios2eds/bin/gnu/h-x86_64-mingw32/bin/../lib/gcc/nios2-elf/4.9.2/../../../../../H-x86_64-mingw32/nios2-elf/lib\libc.a(lib_a-impure.o)
 .data          0x00000000008121b8        0x0 c:/software/altera/15.1/nios2eds/bin/gnu/h-x86_64-mingw32/bin/../lib/gcc/nios2-elf/4.9.2/../../../../../H-x86_64-mingw32/nios2-elf/lib\libc.a(lib_a-memset.o)
 .data          0x00000000008121b8        0x0 c:/software/altera/15.1/nios2eds/bin/gnu/h-x86_64-mingw32/bin/../lib/gcc/nios2-elf/4.9.2/../../../../../H-x86_64-mingw32/nios2-elf/lib\libc.a(lib_a-putchar.o)
 .data          0x00000000008121b8        0x0 c:/software/altera/15.1/nios2eds/bin/gnu/h-x86_64-mingw32/bin/../lib/gcc/nios2-elf/4.9.2/../../../../../H-x86_64-mingw32/nios2-elf/lib\libc.a(lib_a-rget.o)
 .data          0x00000000008121b8        0x0 c:/software/altera/15.1/nios2eds/bin/gnu/h-x86_64-mingw32/bin/../lib/gcc/nios2-elf/4.9.2/../../../../../H-x86_64-mingw32/nios2-elf/lib\libc.a(lib_a-strcpy.o)
 .data          0x00000000008121b8        0x0 c:/software/altera/15.1/nios2eds/bin/gnu/h-x86_64-mingw32/bin/../lib/gcc/nios2-elf/4.9.2/../../../../../H-x86_64-mingw32/nios2-elf/lib\libc.a(lib_a-strlen.o)
 .data          0x00000000008121b8        0x0 c:/software/altera/15.1/nios2eds/bin/gnu/h-x86_64-mingw32/bin/../lib/gcc/nios2-elf/4.9.2/../../../../../H-x86_64-mingw32/nios2-elf/lib\libc.a(lib_a-findfp.o)
 .data          0x00000000008121b8        0x0 c:/software/altera/15.1/nios2eds/bin/gnu/h-x86_64-mingw32/bin/../lib/gcc/nios2-elf/4.9.2/../../../../../H-x86_64-mingw32/nios2-elf/lib\libc.a(lib_a-fwalk.o)
 .data          0x00000000008121b8        0x0 c:/software/altera/15.1/nios2eds/bin/gnu/h-x86_64-mingw32/bin/../lib/gcc/nios2-elf/4.9.2/../../../../../H-x86_64-mingw32/nios2-elf/lib\libc.a(lib_a-mallocr.o)
 .data.__malloc_av_
                0x00000000008121b8      0x408 c:/software/altera/15.1/nios2eds/bin/gnu/h-x86_64-mingw32/bin/../lib/gcc/nios2-elf/4.9.2/../../../../../H-x86_64-mingw32/nios2-elf/lib\libc.a(lib_a-mallocr.o)
                0x00000000008121b8                __malloc_av_
 .data          0x00000000008125c0        0x0 c:/software/altera/15.1/nios2eds/bin/gnu/h-x86_64-mingw32/bin/../lib/gcc/nios2-elf/4.9.2/../../../../../H-x86_64-mingw32/nios2-elf/lib\libc.a(lib_a-putc.o)
 .data          0x00000000008125c0        0x0 c:/software/altera/15.1/nios2eds/bin/gnu/h-x86_64-mingw32/bin/../lib/gcc/nios2-elf/4.9.2/../../../../../H-x86_64-mingw32/nios2-elf/lib\libc.a(lib_a-refill.o)
 .data          0x00000000008125c0        0x0 c:/software/altera/15.1/nios2eds/bin/gnu/h-x86_64-mingw32/bin/../lib/gcc/nios2-elf/4.9.2/../../../../../H-x86_64-mingw32/nios2-elf/lib\libc.a(lib_a-sbrkr.o)
 .data          0x00000000008125c0        0x0 c:/software/altera/15.1/nios2eds/bin/gnu/h-x86_64-mingw32/bin/../lib/gcc/nios2-elf/4.9.2/../../../../../H-x86_64-mingw32/nios2-elf/lib\libc.a(lib_a-stdio.o)
 .data          0x00000000008125c0        0x0 c:/software/altera/15.1/nios2eds/bin/gnu/h-x86_64-mingw32/bin/../lib/gcc/nios2-elf/4.9.2/../../../../../H-x86_64-mingw32/nios2-elf/lib\libc.a(lib_a-wbuf.o)
 .data          0x00000000008125c0        0x0 c:/software/altera/15.1/nios2eds/bin/gnu/h-x86_64-mingw32/bin/../lib/gcc/nios2-elf/4.9.2/../../../../../H-x86_64-mingw32/nios2-elf/lib\libc.a(lib_a-writer.o)
 .data          0x00000000008125c0        0x0 c:/software/altera/15.1/nios2eds/bin/gnu/h-x86_64-mingw32/bin/../lib/gcc/nios2-elf/4.9.2/../../../../../H-x86_64-mingw32/nios2-elf/lib\libc.a(lib_a-wsetup.o)
 .data          0x00000000008125c0        0x0 c:/software/altera/15.1/nios2eds/bin/gnu/h-x86_64-mingw32/bin/../lib/gcc/nios2-elf/4.9.2/../../../../../H-x86_64-mingw32/nios2-elf/lib\libc.a(closer.o)
 .data          0x00000000008125c0        0x0 c:/software/altera/15.1/nios2eds/bin/gnu/h-x86_64-mingw32/bin/../lib/gcc/nios2-elf/4.9.2/../../../../../H-x86_64-mingw32/nios2-elf/lib\libc.a(lib_a-fclose.o)
 .data          0x00000000008125c0        0x0 c:/software/altera/15.1/nios2eds/bin/gnu/h-x86_64-mingw32/bin/../lib/gcc/nios2-elf/4.9.2/../../../../../H-x86_64-mingw32/nios2-elf/lib\libc.a(lib_a-fflush.o)
 .data          0x00000000008125c0        0x0 c:/software/altera/15.1/nios2eds/bin/gnu/h-x86_64-mingw32/bin/../lib/gcc/nios2-elf/4.9.2/../../../../../H-x86_64-mingw32/nios2-elf/lib\libc.a(lib_a-freer.o)
 .data          0x00000000008125c0        0x0 c:/software/altera/15.1/nios2eds/bin/gnu/h-x86_64-mingw32/bin/../lib/gcc/nios2-elf/4.9.2/../../../../../H-x86_64-mingw32/nios2-elf/lib\libc.a(lib_a-int_errno.o)
 .data          0x00000000008125c0        0x0 c:/software/altera/15.1/nios2eds/bin/gnu/h-x86_64-mingw32/bin/../lib/gcc/nios2-elf/4.9.2/../../../../../H-x86_64-mingw32/nios2-elf/lib\libc.a(lib_a-lseekr.o)
 .data          0x00000000008125c0        0x0 c:/software/altera/15.1/nios2eds/bin/gnu/h-x86_64-mingw32/bin/../lib/gcc/nios2-elf/4.9.2/../../../../../H-x86_64-mingw32/nios2-elf/lib\libc.a(lib_a-makebuf.o)
 .data          0x00000000008125c0        0x0 c:/software/altera/15.1/nios2eds/bin/gnu/h-x86_64-mingw32/bin/../lib/gcc/nios2-elf/4.9.2/../../../../../H-x86_64-mingw32/nios2-elf/lib\libc.a(lib_a-readr.o)
 .data          0x00000000008125c0        0x0 c:/software/altera/15.1/nios2eds/bin/gnu/h-x86_64-mingw32/bin/../lib/gcc/nios2-elf/4.9.2/../../../../../H-x86_64-mingw32/nios2-elf/lib\libc.a(lib_a-fstatr.o)
 .data          0x00000000008125c0        0x0 c:/software/altera/15.1/nios2eds/bin/gnu/h-x86_64-mingw32/bin/../lib/gcc/nios2-elf/4.9.2/../../../../../H-x86_64-mingw32/nios2-elf/lib\libc.a(lib_a-isattyr.o)
 .data          0x00000000008125c0        0x0 ../AudioPlayer_bsp/\libhal_bsp.a(alt_alarm_start.o)
 .data          0x00000000008125c0        0x0 ../AudioPlayer_bsp/\libhal_bsp.a(alt_close.o)
 .data          0x00000000008125c0      0x1a8 ../AudioPlayer_bsp/\libhal_bsp.a(alt_dev.o)
                0x00000000008125c0                alt_dev_null
                0x00000000008125e8                alt_fd_list
 .data          0x0000000000812768        0x0 ../AudioPlayer_bsp/\libhal_bsp.a(alt_errno.o)
 .data          0x0000000000812768        0x0 ../AudioPlayer_bsp/\libhal_bsp.a(alt_fstat.o)
 .data          0x0000000000812768        0x0 ../AudioPlayer_bsp/\libhal_bsp.a(alt_isatty.o)
 .data          0x0000000000812768        0x0 ../AudioPlayer_bsp/\libhal_bsp.a(alt_load.o)
 .data          0x0000000000812768        0x0 ../AudioPlayer_bsp/\libhal_bsp.a(alt_lseek.o)
 .data          0x0000000000812768        0x0 ../AudioPlayer_bsp/\libhal_bsp.a(alt_main.o)
 .data          0x0000000000812768        0x0 ../AudioPlayer_bsp/\libhal_bsp.a(alt_malloc_lock.o)
 .data          0x0000000000812768        0x0 ../AudioPlayer_bsp/\libhal_bsp.a(alt_printf.o)
 .data          0x0000000000812768        0x0 ../AudioPlayer_bsp/\libhal_bsp.a(alt_putchar.o)
 .data          0x0000000000812768        0x0 ../AudioPlayer_bsp/\libhal_bsp.a(alt_read.o)
 .data          0x0000000000812768        0x0 ../AudioPlayer_bsp/\libhal_bsp.a(alt_release_fd.o)
 .data          0x0000000000812768        0x0 ../AudioPlayer_bsp/\libhal_bsp.a(alt_sbrk.o)
 .data          0x0000000000812768        0x0 ../AudioPlayer_bsp/\libhal_bsp.a(alt_tick.o)
 .data          0x0000000000812768        0x0 ../AudioPlayer_bsp/\libhal_bsp.a(alt_write.o)
 .data          0x0000000000812768     0x12a4 ../AudioPlayer_bsp/\libhal_bsp.a(alt_sys_init.o)
 .data          0x0000000000813a0c        0x0 ../AudioPlayer_bsp/\libhal_bsp.a(altera_avalon_jtag_uart_fd.o)
 .data          0x0000000000813a0c        0x0 ../AudioPlayer_bsp/\libhal_bsp.a(altera_avalon_jtag_uart_init.o)
 .data          0x0000000000813a0c        0x0 ../AudioPlayer_bsp/\libhal_bsp.a(altera_avalon_jtag_uart_ioctl.o)
 .data          0x0000000000813a0c        0x0 ../AudioPlayer_bsp/\libhal_bsp.a(altera_avalon_jtag_uart_read.o)
 .data          0x0000000000813a0c        0x0 ../AudioPlayer_bsp/\libhal_bsp.a(altera_avalon_jtag_uart_write.o)
 .data          0x0000000000813a0c        0x0 ../AudioPlayer_bsp/\libhal_bsp.a(altera_avalon_lcd_16207.o)
 .data          0x0000000000813a0c        0x0 ../AudioPlayer_bsp/\libhal_bsp.a(altera_avalon_lcd_16207_fd.o)
 .data          0x0000000000813a0c        0x0 ../AudioPlayer_bsp/\libhal_bsp.a(altera_avalon_timer_sc.o)
 .data          0x0000000000813a0c        0x0 ../AudioPlayer_bsp/\libhal_bsp.a(altera_avalon_uart_fd.o)
 .data          0x0000000000813a0c        0x0 ../AudioPlayer_bsp/\libhal_bsp.a(altera_avalon_uart_init.o)
 .data          0x0000000000813a0c        0x0 ../AudioPlayer_bsp/\libhal_bsp.a(altera_avalon_uart_read.o)
 .data          0x0000000000813a0c        0x0 ../AudioPlayer_bsp/\libhal_bsp.a(altera_avalon_uart_write.o)
 .data          0x0000000000813a0c        0x0 ../AudioPlayer_bsp/\libhal_bsp.a(altera_up_avalon_audio.o)
 .data          0x0000000000813a0c        0x0 ../AudioPlayer_bsp/\libhal_bsp.a(alt_dcache_flush_all.o)
 .data          0x0000000000813a0c        0x0 ../AudioPlayer_bsp/\libhal_bsp.a(alt_dev_llist_insert.o)
 .data          0x0000000000813a0c        0x0 ../AudioPlayer_bsp/\libhal_bsp.a(alt_do_ctors.o)
 .data          0x0000000000813a0c        0x0 ../AudioPlayer_bsp/\libhal_bsp.a(alt_do_dtors.o)
 .data          0x0000000000813a0c        0x0 ../AudioPlayer_bsp/\libhal_bsp.a(alt_find_dev.o)
 .data          0x0000000000813a0c        0x0 ../AudioPlayer_bsp/\libhal_bsp.a(alt_icache_flush_all.o)
 .data          0x0000000000813a0c        0x0 ../AudioPlayer_bsp/\libhal_bsp.a(alt_io_redirect.o)
 .data          0x0000000000813a0c        0x0 ../AudioPlayer_bsp/\libhal_bsp.a(alt_irq_register.o)
 .data          0x0000000000813a0c        0x0 ../AudioPlayer_bsp/\libhal_bsp.a(alt_irq_vars.o)
 .data          0x0000000000813a0c        0x0 ../AudioPlayer_bsp/\libhal_bsp.a(alt_open.o)
 .data          0x0000000000813a0c        0x0 ../AudioPlayer_bsp/\libhal_bsp.a(alt_usleep.o)
 .data          0x0000000000813a0c        0x0 ../AudioPlayer_bsp/\libhal_bsp.a(altera_nios2_gen2_irq.o)
 .data          0x0000000000813a0c        0x0 ../AudioPlayer_bsp/\libhal_bsp.a(alt_busy_sleep.o)
 .data          0x0000000000813a0c        0x0 ../AudioPlayer_bsp/\libhal_bsp.a(alt_find_file.o)
 .data          0x0000000000813a0c        0x0 ../AudioPlayer_bsp/\libhal_bsp.a(alt_get_fd.o)
 .data          0x0000000000813a0c        0x0 ../AudioPlayer_bsp/\libhal_bsp.a(alt_icache_flush.o)
 .data          0x0000000000813a0c        0x0 ../AudioPlayer_bsp/\libhal_bsp.a(alt_irq_entry.o)
 .data          0x0000000000813a0c        0x0 ../AudioPlayer_bsp/\libhal_bsp.a(alt_irq_handler.o)
 .data          0x0000000000813a0c        0x0 ../AudioPlayer_bsp/\libhal_bsp.a(alt_exception_entry.o)
 .data          0x0000000000813a0c        0x0 ../AudioPlayer_bsp/\libhal_bsp.a(alt_instruction_exception_entry.o)
 .data          0x0000000000813a0c        0x0 c:/software/altera/15.1/nios2eds/bin/gnu/h-x86_64-mingw32/bin/../lib/gcc/nios2-elf/4.9.2/../../../../../H-x86_64-mingw32/nios2-elf/lib\libc.a(lib_a-atexit.o)
 .data          0x0000000000813a0c        0x0 c:/software/altera/15.1/nios2eds/bin/gnu/h-x86_64-mingw32/bin/../lib/gcc/nios2-elf/4.9.2/../../../../../H-x86_64-mingw32/nios2-elf/lib\libc.a(lib_a-ctype_.o)
 .data          0x0000000000813a0c        0x0 c:/software/altera/15.1/nios2eds/bin/gnu/h-x86_64-mingw32/bin/../lib/gcc/nios2-elf/4.9.2/../../../../../H-x86_64-mingw32/nios2-elf/lib\libc.a(lib_a-exit.o)
 .data          0x0000000000813a0c        0x0 c:/software/altera/15.1/nios2eds/bin/gnu/h-x86_64-mingw32/bin/../lib/gcc/nios2-elf/4.9.2/../../../../../H-x86_64-mingw32/nios2-elf/lib\libc.a(lib_a-memcmp.o)
 .data          0x0000000000813a0c        0x0 c:/software/altera/15.1/nios2eds/bin/gnu/h-x86_64-mingw32/bin/../lib/gcc/nios2-elf/4.9.2/../../../../../H-x86_64-mingw32/nios2-elf/lib\libc.a(lib_a-memcpy.o)
 .data          0x0000000000813a0c        0x0 c:/software/altera/15.1/nios2eds/bin/gnu/h-x86_64-mingw32/bin/../lib/gcc/nios2-elf/4.9.2/../../../../../H-x86_64-mingw32/nios2-elf/lib\libc.a(lib_a-__atexit.o)
 .data          0x0000000000813a0c        0x0 c:/software/altera/15.1/nios2eds/bin/gnu/h-x86_64-mingw32/bin/../lib/gcc/nios2-elf/4.9.2/../../../../../H-x86_64-mingw32/nios2-elf/lib\libc.a(lib_a-__call_atexit.o)
 .data          0x0000000000813a0c        0x0 ../AudioPlayer_bsp/\libhal_bsp.a(alt_exit.o)
                0x000000000081ba0c                _gp = ABSOLUTE ((. + 0x8000))
                0x000000000081ba0c                PROVIDE (gp, _gp)
 *(.rwdata .rwdata.*)
 *(.sdata .sdata.* .gnu.linkonce.s.*)
 .sdata         0x0000000000813a0c        0x1 obj/default/fatfs_diskio.o
 .sdata         0x0000000000813a0d        0x4 obj/default/main.o
 *fill*         0x0000000000813a11        0x3 
 .sdata._global_impure_ptr
                0x0000000000813a14        0x4 c:/software/altera/15.1/nios2eds/bin/gnu/h-x86_64-mingw32/bin/../lib/gcc/nios2-elf/4.9.2/../../../../../H-x86_64-mingw32/nios2-elf/lib\libc.a(lib_a-impure.o)
                0x0000000000813a14                _global_impure_ptr
 .sdata._impure_ptr
                0x0000000000813a18        0x4 c:/software/altera/15.1/nios2eds/bin/gnu/h-x86_64-mingw32/bin/../lib/gcc/nios2-elf/4.9.2/../../../../../H-x86_64-mingw32/nios2-elf/lib\libc.a(lib_a-impure.o)
                0x0000000000813a18                _impure_ptr
 .sdata.__malloc_sbrk_base
                0x0000000000813a1c        0x4 c:/software/altera/15.1/nios2eds/bin/gnu/h-x86_64-mingw32/bin/../lib/gcc/nios2-elf/4.9.2/../../../../../H-x86_64-mingw32/nios2-elf/lib\libc.a(lib_a-mallocr.o)
                0x0000000000813a1c                __malloc_sbrk_base
 .sdata.__malloc_trim_threshold
                0x0000000000813a20        0x4 c:/software/altera/15.1/nios2eds/bin/gnu/h-x86_64-mingw32/bin/../lib/gcc/nios2-elf/4.9.2/../../../../../H-x86_64-mingw32/nios2-elf/lib\libc.a(lib_a-mallocr.o)
                0x0000000000813a20                __malloc_trim_threshold
 .sdata         0x0000000000813a24       0x14 ../AudioPlayer_bsp/\libhal_bsp.a(alt_dev.o)
                0x0000000000813a24                alt_fs_list
                0x0000000000813a2c                alt_dev_list
                0x0000000000813a34                alt_max_fd
 .sdata         0x0000000000813a38        0x4 ../AudioPlayer_bsp/\libhal_bsp.a(alt_errno.o)
                0x0000000000813a38                alt_errno
 .sdata         0x0000000000813a3c        0x4 ../AudioPlayer_bsp/\libhal_bsp.a(alt_sbrk.o)
 .sdata         0x0000000000813a40        0x8 ../AudioPlayer_bsp/\libhal_bsp.a(alt_tick.o)
                0x0000000000813a40                alt_alarm_list
 .sdata         0x0000000000813a48        0x4 ../AudioPlayer_bsp/\libhal_bsp.a(altera_avalon_lcd_16207.o)
 .sdata         0x0000000000813a4c        0x4 ../AudioPlayer_bsp/\libhal_bsp.a(alt_irq_vars.o)
                0x0000000000813a4c                alt_priority_mask
 .sdata.__ctype_ptr__
                0x0000000000813a50        0x4 c:/software/altera/15.1/nios2eds/bin/gnu/h-x86_64-mingw32/bin/../lib/gcc/nios2-elf/4.9.2/../../../../../H-x86_64-mingw32/nios2-elf/lib\libc.a(lib_a-ctype_.o)
                0x0000000000813a50                __ctype_ptr__
 *(.sdata2 .sdata2.* .gnu.linkonce.s2.*)
                0x0000000000813a54                . = ALIGN (0x4)
                0x0000000000813a54                _edata = ABSOLUTE (.)
                0x0000000000813a54                PROVIDE (edata, ABSOLUTE (.))
                0x0000000000813a54                PROVIDE (__ram_rwdata_end, ABSOLUTE (.))
                0x0000000000813a54                PROVIDE (__flash_rwdata_start, LOADADDR (.rwdata))

.bss            0x0000000000815714     0x2940
                0x0000000000815714                __bss_start = ABSOLUTE (.)
                0x0000000000815714                PROVIDE (__sbss_start, ABSOLUTE (.))
                0x0000000000815714                PROVIDE (___sbss_start, ABSOLUTE (.))
 *(.dynsbss)
 *(.sbss .sbss.* .gnu.linkonce.sb.*)
 .sbss          0x0000000000815714       0x10 obj/default/fatfs_diskio.o
 .sbss          0x0000000000815724        0x8 obj/default/ff.o
 .sbss          0x000000000081572c        0x8 obj/default/main.o
 .sbss          0x0000000000815734        0x8 obj/default/main.o
                0x0000000000815734                acc_dirs
                0x0000000000815736                acc_files
                0x0000000000815738                acc_size
 .sbss.__malloc_max_total_mem
                0x000000000081573c        0x4 c:/software/altera/15.1/nios2eds/bin/gnu/h-x86_64-mingw32/bin/../lib/gcc/nios2-elf/4.9.2/../../../../../H-x86_64-mingw32/nios2-elf/lib\libc.a(lib_a-mallocr.o)
                0x000000000081573c                __malloc_max_total_mem
 .sbss.__malloc_max_sbrked_mem
                0x0000000000815740        0x4 c:/software/altera/15.1/nios2eds/bin/gnu/h-x86_64-mingw32/bin/../lib/gcc/nios2-elf/4.9.2/../../../../../H-x86_64-mingw32/nios2-elf/lib\libc.a(lib_a-mallocr.o)
                0x0000000000815740                __malloc_max_sbrked_mem
 .sbss.__malloc_top_pad
                0x0000000000815744        0x4 c:/software/altera/15.1/nios2eds/bin/gnu/h-x86_64-mingw32/bin/../lib/gcc/nios2-elf/4.9.2/../../../../../H-x86_64-mingw32/nios2-elf/lib\libc.a(lib_a-mallocr.o)
                0x0000000000815744                __malloc_top_pad
 .sbss          0x0000000000815748        0x4 c:/software/altera/15.1/nios2eds/bin/gnu/h-x86_64-mingw32/bin/../lib/gcc/nios2-elf/4.9.2/../../../../../H-x86_64-mingw32/nios2-elf/lib\libc.a(lib_a-int_errno.o)
                0x0000000000815748                errno
 .sbss          0x000000000081574c        0xc ../AudioPlayer_bsp/\libhal_bsp.a(alt_main.o)
                0x000000000081574c                alt_argc
                0x0000000000815750                alt_argv
                0x0000000000815754                alt_envp
 .sbss          0x0000000000815758        0x8 ../AudioPlayer_bsp/\libhal_bsp.a(alt_tick.o)
                0x0000000000815758                _alt_tick_rate
                0x000000000081575c                _alt_nticks
 .sbss          0x0000000000815760        0x4 ../AudioPlayer_bsp/\libhal_bsp.a(alt_irq_vars.o)
                0x0000000000815760                alt_irq_active
 .sbss          0x0000000000815764        0x4 ../AudioPlayer_bsp/\libhal_bsp.a(alt_instruction_exception_entry.o)
                0x0000000000815764                alt_instruction_exception_handler
 *(.sbss2 .sbss2.* .gnu.linkonce.sb2.*)
 *(.scommon)
                0x0000000000815768                PROVIDE (__sbss_end, ABSOLUTE (.))
                0x0000000000815768                PROVIDE (___sbss_end, ABSOLUTE (.))
 *(.dynbss)
 *(.bss .bss.* .gnu.linkonce.b.*)
 .bss           0x0000000000815768        0x0 ../AudioPlayer_bsp//obj/HAL/src/crt0.o
 .bss           0x0000000000815768        0x0 obj/default/fatfs.o
 .bss           0x0000000000815768        0x0 obj/default/fatfs_diskio.o
 .bss           0x0000000000815768        0x0 obj/default/fatfs_nios2_de0_nano_spi.o
 .bss           0x0000000000815768        0x0 obj/default/fatfs_nios2_de1_pio.o
 .bss           0x0000000000815768        0x0 obj/default/fatfs_nios2_de1_spi.o
 .bss           0x0000000000815768        0x0 obj/default/ff.o
 .bss           0x0000000000815768        0x0 obj/default/hello_world.o
 .bss           0x0000000000815768       0x18 obj/default/main.o
 .bss           0x0000000000815780        0x0 obj/default/monitor.o
 .bss           0x0000000000815780        0x0 obj/default/uart_nios2.o
 .bss           0x0000000000815780        0x0 c:/software/altera/15.1/nios2eds/bin/gnu/h-x86_64-mingw32/bin/../lib/gcc/nios2-elf/4.9.2\libgcc.a(lib2-divmod.o)
 .bss           0x0000000000815780        0x0 c:/software/altera/15.1/nios2eds/bin/gnu/h-x86_64-mingw32/bin/../lib/gcc/nios2-elf/4.9.2/../../../../../H-x86_64-mingw32/nios2-elf/lib\libc.a(lib_a-getc.o)
 .bss           0x0000000000815780        0x0 c:/software/altera/15.1/nios2eds/bin/gnu/h-x86_64-mingw32/bin/../lib/gcc/nios2-elf/4.9.2/../../../../../H-x86_64-mingw32/nios2-elf/lib\libc.a(lib_a-impure.o)
 .bss           0x0000000000815780        0x0 c:/software/altera/15.1/nios2eds/bin/gnu/h-x86_64-mingw32/bin/../lib/gcc/nios2-elf/4.9.2/../../../../../H-x86_64-mingw32/nios2-elf/lib\libc.a(lib_a-memset.o)
 .bss           0x0000000000815780        0x0 c:/software/altera/15.1/nios2eds/bin/gnu/h-x86_64-mingw32/bin/../lib/gcc/nios2-elf/4.9.2/../../../../../H-x86_64-mingw32/nios2-elf/lib\libc.a(lib_a-putchar.o)
 .bss           0x0000000000815780        0x0 c:/software/altera/15.1/nios2eds/bin/gnu/h-x86_64-mingw32/bin/../lib/gcc/nios2-elf/4.9.2/../../../../../H-x86_64-mingw32/nios2-elf/lib\libc.a(lib_a-rget.o)
 .bss           0x0000000000815780        0x0 c:/software/altera/15.1/nios2eds/bin/gnu/h-x86_64-mingw32/bin/../lib/gcc/nios2-elf/4.9.2/../../../../../H-x86_64-mingw32/nios2-elf/lib\libc.a(lib_a-strcpy.o)
 .bss           0x0000000000815780        0x0 c:/software/altera/15.1/nios2eds/bin/gnu/h-x86_64-mingw32/bin/../lib/gcc/nios2-elf/4.9.2/../../../../../H-x86_64-mingw32/nios2-elf/lib\libc.a(lib_a-strlen.o)
 .bss           0x0000000000815780        0x0 c:/software/altera/15.1/nios2eds/bin/gnu/h-x86_64-mingw32/bin/../lib/gcc/nios2-elf/4.9.2/../../../../../H-x86_64-mingw32/nios2-elf/lib\libc.a(lib_a-findfp.o)
 .bss           0x0000000000815780        0x0 c:/software/altera/15.1/nios2eds/bin/gnu/h-x86_64-mingw32/bin/../lib/gcc/nios2-elf/4.9.2/../../../../../H-x86_64-mingw32/nios2-elf/lib\libc.a(lib_a-fwalk.o)
 .bss           0x0000000000815780        0x0 c:/software/altera/15.1/nios2eds/bin/gnu/h-x86_64-mingw32/bin/../lib/gcc/nios2-elf/4.9.2/../../../../../H-x86_64-mingw32/nios2-elf/lib\libc.a(lib_a-mallocr.o)
 .bss.__malloc_current_mallinfo
                0x0000000000815780       0x28 c:/software/altera/15.1/nios2eds/bin/gnu/h-x86_64-mingw32/bin/../lib/gcc/nios2-elf/4.9.2/../../../../../H-x86_64-mingw32/nios2-elf/lib\libc.a(lib_a-mallocr.o)
                0x0000000000815780                __malloc_current_mallinfo
 .bss           0x00000000008157a8        0x0 c:/software/altera/15.1/nios2eds/bin/gnu/h-x86_64-mingw32/bin/../lib/gcc/nios2-elf/4.9.2/../../../../../H-x86_64-mingw32/nios2-elf/lib\libc.a(lib_a-putc.o)
 .bss           0x00000000008157a8        0x0 c:/software/altera/15.1/nios2eds/bin/gnu/h-x86_64-mingw32/bin/../lib/gcc/nios2-elf/4.9.2/../../../../../H-x86_64-mingw32/nios2-elf/lib\libc.a(lib_a-refill.o)
 .bss           0x00000000008157a8        0x0 c:/software/altera/15.1/nios2eds/bin/gnu/h-x86_64-mingw32/bin/../lib/gcc/nios2-elf/4.9.2/../../../../../H-x86_64-mingw32/nios2-elf/lib\libc.a(lib_a-sbrkr.o)
 .bss           0x00000000008157a8        0x0 c:/software/altera/15.1/nios2eds/bin/gnu/h-x86_64-mingw32/bin/../lib/gcc/nios2-elf/4.9.2/../../../../../H-x86_64-mingw32/nios2-elf/lib\libc.a(lib_a-stdio.o)
 .bss           0x00000000008157a8        0x0 c:/software/altera/15.1/nios2eds/bin/gnu/h-x86_64-mingw32/bin/../lib/gcc/nios2-elf/4.9.2/../../../../../H-x86_64-mingw32/nios2-elf/lib\libc.a(lib_a-wbuf.o)
 .bss           0x00000000008157a8        0x0 c:/software/altera/15.1/nios2eds/bin/gnu/h-x86_64-mingw32/bin/../lib/gcc/nios2-elf/4.9.2/../../../../../H-x86_64-mingw32/nios2-elf/lib\libc.a(lib_a-writer.o)
 .bss           0x00000000008157a8        0x0 c:/software/altera/15.1/nios2eds/bin/gnu/h-x86_64-mingw32/bin/../lib/gcc/nios2-elf/4.9.2/../../../../../H-x86_64-mingw32/nios2-elf/lib\libc.a(lib_a-wsetup.o)
 .bss           0x00000000008157a8        0x0 c:/software/altera/15.1/nios2eds/bin/gnu/h-x86_64-mingw32/bin/../lib/gcc/nios2-elf/4.9.2/../../../../../H-x86_64-mingw32/nios2-elf/lib\libc.a(closer.o)
 .bss           0x00000000008157a8        0x0 c:/software/altera/15.1/nios2eds/bin/gnu/h-x86_64-mingw32/bin/../lib/gcc/nios2-elf/4.9.2/../../../../../H-x86_64-mingw32/nios2-elf/lib\libc.a(lib_a-fclose.o)
 .bss           0x00000000008157a8        0x0 c:/software/altera/15.1/nios2eds/bin/gnu/h-x86_64-mingw32/bin/../lib/gcc/nios2-elf/4.9.2/../../../../../H-x86_64-mingw32/nios2-elf/lib\libc.a(lib_a-fflush.o)
 .bss           0x00000000008157a8        0x0 c:/software/altera/15.1/nios2eds/bin/gnu/h-x86_64-mingw32/bin/../lib/gcc/nios2-elf/4.9.2/../../../../../H-x86_64-mingw32/nios2-elf/lib\libc.a(lib_a-freer.o)
 .bss           0x00000000008157a8        0x0 c:/software/altera/15.1/nios2eds/bin/gnu/h-x86_64-mingw32/bin/../lib/gcc/nios2-elf/4.9.2/../../../../../H-x86_64-mingw32/nios2-elf/lib\libc.a(lib_a-int_errno.o)
 .bss           0x00000000008157a8        0x0 c:/software/altera/15.1/nios2eds/bin/gnu/h-x86_64-mingw32/bin/../lib/gcc/nios2-elf/4.9.2/../../../../../H-x86_64-mingw32/nios2-elf/lib\libc.a(lib_a-lseekr.o)
 .bss           0x00000000008157a8        0x0 c:/software/altera/15.1/nios2eds/bin/gnu/h-x86_64-mingw32/bin/../lib/gcc/nios2-elf/4.9.2/../../../../../H-x86_64-mingw32/nios2-elf/lib\libc.a(lib_a-makebuf.o)
 .bss           0x00000000008157a8        0x0 c:/software/altera/15.1/nios2eds/bin/gnu/h-x86_64-mingw32/bin/../lib/gcc/nios2-elf/4.9.2/../../../../../H-x86_64-mingw32/nios2-elf/lib\libc.a(lib_a-readr.o)
 .bss           0x00000000008157a8        0x0 c:/software/altera/15.1/nios2eds/bin/gnu/h-x86_64-mingw32/bin/../lib/gcc/nios2-elf/4.9.2/../../../../../H-x86_64-mingw32/nios2-elf/lib\libc.a(lib_a-fstatr.o)
 .bss           0x00000000008157a8        0x0 c:/software/altera/15.1/nios2eds/bin/gnu/h-x86_64-mingw32/bin/../lib/gcc/nios2-elf/4.9.2/../../../../../H-x86_64-mingw32/nios2-elf/lib\libc.a(lib_a-isattyr.o)
 .bss           0x00000000008157a8        0x0 ../AudioPlayer_bsp/\libhal_bsp.a(alt_alarm_start.o)
 .bss           0x00000000008157a8        0x0 ../AudioPlayer_bsp/\libhal_bsp.a(alt_close.o)
 .bss           0x00000000008157a8        0x0 ../AudioPlayer_bsp/\libhal_bsp.a(alt_dev.o)
 .bss           0x00000000008157a8        0x0 ../AudioPlayer_bsp/\libhal_bsp.a(alt_errno.o)
 .bss           0x00000000008157a8        0x0 ../AudioPlayer_bsp/\libhal_bsp.a(alt_fstat.o)
 .bss           0x00000000008157a8        0x0 ../AudioPlayer_bsp/\libhal_bsp.a(alt_isatty.o)
 .bss           0x00000000008157a8        0x0 ../AudioPlayer_bsp/\libhal_bsp.a(alt_load.o)
 .bss           0x00000000008157a8        0x0 ../AudioPlayer_bsp/\libhal_bsp.a(alt_lseek.o)
 .bss           0x00000000008157a8        0x0 ../AudioPlayer_bsp/\libhal_bsp.a(alt_main.o)
 .bss           0x00000000008157a8        0x0 ../AudioPlayer_bsp/\libhal_bsp.a(alt_malloc_lock.o)
 .bss           0x00000000008157a8        0x0 ../AudioPlayer_bsp/\libhal_bsp.a(alt_printf.o)
 .bss           0x00000000008157a8        0x0 ../AudioPlayer_bsp/\libhal_bsp.a(alt_putchar.o)
 .bss           0x00000000008157a8        0x0 ../AudioPlayer_bsp/\libhal_bsp.a(alt_read.o)
 .bss           0x00000000008157a8        0x0 ../AudioPlayer_bsp/\libhal_bsp.a(alt_release_fd.o)
 .bss           0x00000000008157a8        0x0 ../AudioPlayer_bsp/\libhal_bsp.a(alt_sbrk.o)
 .bss           0x00000000008157a8        0x0 ../AudioPlayer_bsp/\libhal_bsp.a(alt_tick.o)
 .bss           0x00000000008157a8        0x0 ../AudioPlayer_bsp/\libhal_bsp.a(alt_write.o)
 .bss           0x00000000008157a8        0x0 ../AudioPlayer_bsp/\libhal_bsp.a(alt_sys_init.o)
 .bss           0x00000000008157a8        0x0 ../AudioPlayer_bsp/\libhal_bsp.a(altera_avalon_jtag_uart_fd.o)
 .bss           0x00000000008157a8        0x0 ../AudioPlayer_bsp/\libhal_bsp.a(altera_avalon_jtag_uart_init.o)
 .bss           0x00000000008157a8        0x0 ../AudioPlayer_bsp/\libhal_bsp.a(altera_avalon_jtag_uart_ioctl.o)
 .bss           0x00000000008157a8        0x0 ../AudioPlayer_bsp/\libhal_bsp.a(altera_avalon_jtag_uart_read.o)
 .bss           0x00000000008157a8        0x0 ../AudioPlayer_bsp/\libhal_bsp.a(altera_avalon_jtag_uart_write.o)
 .bss           0x00000000008157a8        0x0 ../AudioPlayer_bsp/\libhal_bsp.a(altera_avalon_lcd_16207.o)
 .bss           0x00000000008157a8        0x0 ../AudioPlayer_bsp/\libhal_bsp.a(altera_avalon_lcd_16207_fd.o)
 .bss           0x00000000008157a8        0x0 ../AudioPlayer_bsp/\libhal_bsp.a(altera_avalon_timer_sc.o)
 .bss           0x00000000008157a8        0x0 ../AudioPlayer_bsp/\libhal_bsp.a(altera_avalon_uart_fd.o)
 .bss           0x00000000008157a8        0x0 ../AudioPlayer_bsp/\libhal_bsp.a(altera_avalon_uart_init.o)
 .bss           0x00000000008157a8        0x0 ../AudioPlayer_bsp/\libhal_bsp.a(altera_avalon_uart_read.o)
 .bss           0x00000000008157a8        0x0 ../AudioPlayer_bsp/\libhal_bsp.a(altera_avalon_uart_write.o)
 .bss           0x00000000008157a8        0x0 ../AudioPlayer_bsp/\libhal_bsp.a(altera_up_avalon_audio.o)
 .bss           0x00000000008157a8        0x0 ../AudioPlayer_bsp/\libhal_bsp.a(alt_dcache_flush_all.o)
 .bss           0x00000000008157a8        0x0 ../AudioPlayer_bsp/\libhal_bsp.a(alt_dev_llist_insert.o)
 .bss           0x00000000008157a8        0x0 ../AudioPlayer_bsp/\libhal_bsp.a(alt_do_ctors.o)
 .bss           0x00000000008157a8        0x0 ../AudioPlayer_bsp/\libhal_bsp.a(alt_do_dtors.o)
 .bss           0x00000000008157a8        0x0 ../AudioPlayer_bsp/\libhal_bsp.a(alt_find_dev.o)
 .bss           0x00000000008157a8        0x0 ../AudioPlayer_bsp/\libhal_bsp.a(alt_icache_flush_all.o)
 .bss           0x00000000008157a8        0x0 ../AudioPlayer_bsp/\libhal_bsp.a(alt_io_redirect.o)
 .bss           0x00000000008157a8        0x0 ../AudioPlayer_bsp/\libhal_bsp.a(alt_irq_register.o)
 .bss           0x00000000008157a8        0x0 ../AudioPlayer_bsp/\libhal_bsp.a(alt_irq_vars.o)
 .bss           0x00000000008157a8        0x0 ../AudioPlayer_bsp/\libhal_bsp.a(alt_open.o)
 .bss           0x00000000008157a8        0x0 ../AudioPlayer_bsp/\libhal_bsp.a(alt_usleep.o)
 .bss           0x00000000008157a8        0x0 ../AudioPlayer_bsp/\libhal_bsp.a(altera_nios2_gen2_irq.o)
 .bss           0x00000000008157a8        0x0 ../AudioPlayer_bsp/\libhal_bsp.a(alt_busy_sleep.o)
 .bss           0x00000000008157a8        0x0 ../AudioPlayer_bsp/\libhal_bsp.a(alt_find_file.o)
 .bss           0x00000000008157a8        0x0 ../AudioPlayer_bsp/\libhal_bsp.a(alt_get_fd.o)
 .bss           0x00000000008157a8        0x0 ../AudioPlayer_bsp/\libhal_bsp.a(alt_icache_flush.o)
 .bss           0x00000000008157a8        0x0 ../AudioPlayer_bsp/\libhal_bsp.a(alt_irq_entry.o)
 .bss           0x00000000008157a8        0x0 ../AudioPlayer_bsp/\libhal_bsp.a(alt_irq_handler.o)
 .bss           0x00000000008157a8        0x0 ../AudioPlayer_bsp/\libhal_bsp.a(alt_exception_entry.o)
 .bss           0x00000000008157a8        0x0 ../AudioPlayer_bsp/\libhal_bsp.a(alt_instruction_exception_entry.o)
 .bss           0x00000000008157a8        0x0 c:/software/altera/15.1/nios2eds/bin/gnu/h-x86_64-mingw32/bin/../lib/gcc/nios2-elf/4.9.2/../../../../../H-x86_64-mingw32/nios2-elf/lib\libc.a(lib_a-atexit.o)
 .bss           0x00000000008157a8        0x0 c:/software/altera/15.1/nios2eds/bin/gnu/h-x86_64-mingw32/bin/../lib/gcc/nios2-elf/4.9.2/../../../../../H-x86_64-mingw32/nios2-elf/lib\libc.a(lib_a-ctype_.o)
 .bss           0x00000000008157a8        0x0 c:/software/altera/15.1/nios2eds/bin/gnu/h-x86_64-mingw32/bin/../lib/gcc/nios2-elf/4.9.2/../../../../../H-x86_64-mingw32/nios2-elf/lib\libc.a(lib_a-exit.o)
 .bss           0x00000000008157a8        0x0 c:/software/altera/15.1/nios2eds/bin/gnu/h-x86_64-mingw32/bin/../lib/gcc/nios2-elf/4.9.2/../../../../../H-x86_64-mingw32/nios2-elf/lib\libc.a(lib_a-memcmp.o)
 .bss           0x00000000008157a8        0x0 c:/software/altera/15.1/nios2eds/bin/gnu/h-x86_64-mingw32/bin/../lib/gcc/nios2-elf/4.9.2/../../../../../H-x86_64-mingw32/nios2-elf/lib\libc.a(lib_a-memcpy.o)
 .bss           0x00000000008157a8        0x0 c:/software/altera/15.1/nios2eds/bin/gnu/h-x86_64-mingw32/bin/../lib/gcc/nios2-elf/4.9.2/../../../../../H-x86_64-mingw32/nios2-elf/lib\libc.a(lib_a-__atexit.o)
 .bss           0x00000000008157a8        0x0 c:/software/altera/15.1/nios2eds/bin/gnu/h-x86_64-mingw32/bin/../lib/gcc/nios2-elf/4.9.2/../../../../../H-x86_64-mingw32/nios2-elf/lib\libc.a(lib_a-__call_atexit.o)
 .bss           0x00000000008157a8        0x0 ../AudioPlayer_bsp/\libhal_bsp.a(alt_exit.o)
 *(COMMON)
 COMMON         0x00000000008157a8     0x27ac obj/default/main.o
                0x00000000008157a8                Fatfs
                0x00000000008159d8                File1
                0x0000000000815bfc                Finfo
                0x0000000000815c14                Buff
                0x0000000000817c14                File2
                0x0000000000817e38                Dir
                0x0000000000817e54                Line
 COMMON         0x0000000000817f54      0x100 ../AudioPlayer_bsp/\libhal_bsp.a(alt_irq_handler.o)
                0x0000000000817f54                alt_irq
                0x0000000000818054                . = ALIGN (0x4)
                0x0000000000818054                __bss_end = ABSOLUTE (.)

.sdram_0        0x0000000000818054        0x0
                0x0000000000818054                PROVIDE (_alt_partition_sdram_0_start, ABSOLUTE (.))
 *(.sdram_0 .sdram_0. sdram_0.*)
                0x0000000000818054                . = ALIGN (0x4)
                0x0000000000818054                PROVIDE (_alt_partition_sdram_0_end, ABSOLUTE (.))
                0x0000000000818054                _end = ABSOLUTE (.)
                0x0000000000818054                end = ABSOLUTE (.)
                0x0000000000818054                __alt_stack_base = ABSOLUTE (.)
                0x0000000000818054                PROVIDE (_alt_partition_sdram_0_load_addr, LOADADDR (.sdram_0))

.stab
 *(.stab)

.stabstr
 *(.stabstr)

.stab.excl
 *(.stab.excl)

.stab.exclstr
 *(.stab.exclstr)

.stab.index
 *(.stab.index)

.stab.indexstr
 *(.stab.indexstr)

.comment        0x0000000000000000       0x23
 *(.comment)
 .comment       0x0000000000000000       0x23 obj/default/fatfs.o
                                         0x24 (size before relaxing)
 .comment       0x0000000000000000       0x24 obj/default/fatfs_diskio.o
 .comment       0x0000000000000000       0x24 obj/default/fatfs_nios2_de0_nano_spi.o
 .comment       0x0000000000000000       0x24 obj/default/fatfs_nios2_de1_pio.o
 .comment       0x0000000000000000       0x24 obj/default/fatfs_nios2_de1_spi.o
 .comment       0x0000000000000000       0x24 obj/default/ff.o
 .comment       0x0000000000000000       0x24 obj/default/hello_world.o
 .comment       0x0000000000000000       0x24 obj/default/main.o
 .comment       0x0000000000000000       0x24 obj/default/monitor.o
 .comment       0x0000000000000000       0x24 obj/default/uart_nios2.o
 .comment       0x0000000000000000       0x24 c:/software/altera/15.1/nios2eds/bin/gnu/h-x86_64-mingw32/bin/../lib/gcc/nios2-elf/4.9.2\libgcc.a(lib2-divmod.o)
 .comment       0x0000000000000000       0x24 c:/software/altera/15.1/nios2eds/bin/gnu/h-x86_64-mingw32/bin/../lib/gcc/nios2-elf/4.9.2/../../../../../H-x86_64-mingw32/nios2-elf/lib\libc.a(lib_a-getc.o)
 .comment       0x0000000000000000       0x24 c:/software/altera/15.1/nios2eds/bin/gnu/h-x86_64-mingw32/bin/../lib/gcc/nios2-elf/4.9.2/../../../../../H-x86_64-mingw32/nios2-elf/lib\libc.a(lib_a-impure.o)
 .comment       0x0000000000000000       0x24 c:/software/altera/15.1/nios2eds/bin/gnu/h-x86_64-mingw32/bin/../lib/gcc/nios2-elf/4.9.2/../../../../../H-x86_64-mingw32/nios2-elf/lib\libc.a(lib_a-memset.o)
 .comment       0x0000000000000000       0x24 c:/software/altera/15.1/nios2eds/bin/gnu/h-x86_64-mingw32/bin/../lib/gcc/nios2-elf/4.9.2/../../../../../H-x86_64-mingw32/nios2-elf/lib\libc.a(lib_a-putchar.o)
 .comment       0x0000000000000000       0x24 c:/software/altera/15.1/nios2eds/bin/gnu/h-x86_64-mingw32/bin/../lib/gcc/nios2-elf/4.9.2/../../../../../H-x86_64-mingw32/nios2-elf/lib\libc.a(lib_a-rget.o)
 .comment       0x0000000000000000       0x24 c:/software/altera/15.1/nios2eds/bin/gnu/h-x86_64-mingw32/bin/../lib/gcc/nios2-elf/4.9.2/../../../../../H-x86_64-mingw32/nios2-elf/lib\libc.a(lib_a-strcpy.o)
 .comment       0x0000000000000000       0x24 c:/software/altera/15.1/nios2eds/bin/gnu/h-x86_64-mingw32/bin/../lib/gcc/nios2-elf/4.9.2/../../../../../H-x86_64-mingw32/nios2-elf/lib\libc.a(lib_a-strlen.o)
 .comment       0x0000000000000000       0x24 c:/software/altera/15.1/nios2eds/bin/gnu/h-x86_64-mingw32/bin/../lib/gcc/nios2-elf/4.9.2/../../../../../H-x86_64-mingw32/nios2-elf/lib\libc.a(lib_a-findfp.o)
 .comment       0x0000000000000000       0x24 c:/software/altera/15.1/nios2eds/bin/gnu/h-x86_64-mingw32/bin/../lib/gcc/nios2-elf/4.9.2/../../../../../H-x86_64-mingw32/nios2-elf/lib\libc.a(lib_a-fwalk.o)
 .comment       0x0000000000000000       0x24 c:/software/altera/15.1/nios2eds/bin/gnu/h-x86_64-mingw32/bin/../lib/gcc/nios2-elf/4.9.2/../../../../../H-x86_64-mingw32/nios2-elf/lib\libc.a(lib_a-mallocr.o)
 .comment       0x0000000000000000       0x24 c:/software/altera/15.1/nios2eds/bin/gnu/h-x86_64-mingw32/bin/../lib/gcc/nios2-elf/4.9.2/../../../../../H-x86_64-mingw32/nios2-elf/lib\libc.a(lib_a-putc.o)
 .comment       0x0000000000000000       0x24 c:/software/altera/15.1/nios2eds/bin/gnu/h-x86_64-mingw32/bin/../lib/gcc/nios2-elf/4.9.2/../../../../../H-x86_64-mingw32/nios2-elf/lib\libc.a(lib_a-refill.o)
 .comment       0x0000000000000000       0x24 c:/software/altera/15.1/nios2eds/bin/gnu/h-x86_64-mingw32/bin/../lib/gcc/nios2-elf/4.9.2/../../../../../H-x86_64-mingw32/nios2-elf/lib\libc.a(lib_a-sbrkr.o)
 .comment       0x0000000000000000       0x24 c:/software/altera/15.1/nios2eds/bin/gnu/h-x86_64-mingw32/bin/../lib/gcc/nios2-elf/4.9.2/../../../../../H-x86_64-mingw32/nios2-elf/lib\libc.a(lib_a-stdio.o)
 .comment       0x0000000000000000       0x24 c:/software/altera/15.1/nios2eds/bin/gnu/h-x86_64-mingw32/bin/../lib/gcc/nios2-elf/4.9.2/../../../../../H-x86_64-mingw32/nios2-elf/lib\libc.a(lib_a-wbuf.o)
 .comment       0x0000000000000000       0x24 c:/software/altera/15.1/nios2eds/bin/gnu/h-x86_64-mingw32/bin/../lib/gcc/nios2-elf/4.9.2/../../../../../H-x86_64-mingw32/nios2-elf/lib\libc.a(lib_a-writer.o)
 .comment       0x0000000000000000       0x24 c:/software/altera/15.1/nios2eds/bin/gnu/h-x86_64-mingw32/bin/../lib/gcc/nios2-elf/4.9.2/../../../../../H-x86_64-mingw32/nios2-elf/lib\libc.a(lib_a-wsetup.o)
 .comment       0x0000000000000000       0x24 c:/software/altera/15.1/nios2eds/bin/gnu/h-x86_64-mingw32/bin/../lib/gcc/nios2-elf/4.9.2/../../../../../H-x86_64-mingw32/nios2-elf/lib\libc.a(closer.o)
 .comment       0x0000000000000000       0x24 c:/software/altera/15.1/nios2eds/bin/gnu/h-x86_64-mingw32/bin/../lib/gcc/nios2-elf/4.9.2/../../../../../H-x86_64-mingw32/nios2-elf/lib\libc.a(lib_a-fclose.o)
 .comment       0x0000000000000000       0x24 c:/software/altera/15.1/nios2eds/bin/gnu/h-x86_64-mingw32/bin/../lib/gcc/nios2-elf/4.9.2/../../../../../H-x86_64-mingw32/nios2-elf/lib\libc.a(lib_a-fflush.o)
 .comment       0x0000000000000000       0x24 c:/software/altera/15.1/nios2eds/bin/gnu/h-x86_64-mingw32/bin/../lib/gcc/nios2-elf/4.9.2/../../../../../H-x86_64-mingw32/nios2-elf/lib\libc.a(lib_a-freer.o)
 .comment       0x0000000000000000       0x24 c:/software/altera/15.1/nios2eds/bin/gnu/h-x86_64-mingw32/bin/../lib/gcc/nios2-elf/4.9.2/../../../../../H-x86_64-mingw32/nios2-elf/lib\libc.a(lib_a-int_errno.o)
 .comment       0x0000000000000000       0x24 c:/software/altera/15.1/nios2eds/bin/gnu/h-x86_64-mingw32/bin/../lib/gcc/nios2-elf/4.9.2/../../../../../H-x86_64-mingw32/nios2-elf/lib\libc.a(lib_a-lseekr.o)
 .comment       0x0000000000000000       0x24 c:/software/altera/15.1/nios2eds/bin/gnu/h-x86_64-mingw32/bin/../lib/gcc/nios2-elf/4.9.2/../../../../../H-x86_64-mingw32/nios2-elf/lib\libc.a(lib_a-makebuf.o)
 .comment       0x0000000000000000       0x24 c:/software/altera/15.1/nios2eds/bin/gnu/h-x86_64-mingw32/bin/../lib/gcc/nios2-elf/4.9.2/../../../../../H-x86_64-mingw32/nios2-elf/lib\libc.a(lib_a-readr.o)
 .comment       0x0000000000000000       0x24 c:/software/altera/15.1/nios2eds/bin/gnu/h-x86_64-mingw32/bin/../lib/gcc/nios2-elf/4.9.2/../../../../../H-x86_64-mingw32/nios2-elf/lib\libc.a(lib_a-fstatr.o)
 .comment       0x0000000000000000       0x24 c:/software/altera/15.1/nios2eds/bin/gnu/h-x86_64-mingw32/bin/../lib/gcc/nios2-elf/4.9.2/../../../../../H-x86_64-mingw32/nios2-elf/lib\libc.a(lib_a-isattyr.o)
 .comment       0x0000000000000000       0x24 ../AudioPlayer_bsp/\libhal_bsp.a(alt_alarm_start.o)
 .comment       0x0000000000000000       0x24 ../AudioPlayer_bsp/\libhal_bsp.a(alt_close.o)
 .comment       0x0000000000000000       0x24 ../AudioPlayer_bsp/\libhal_bsp.a(alt_dev.o)
 .comment       0x0000000000000000       0x24 ../AudioPlayer_bsp/\libhal_bsp.a(alt_errno.o)
 .comment       0x0000000000000000       0x24 ../AudioPlayer_bsp/\libhal_bsp.a(alt_fstat.o)
 .comment       0x0000000000000000       0x24 ../AudioPlayer_bsp/\libhal_bsp.a(alt_isatty.o)
 .comment       0x0000000000000000       0x24 ../AudioPlayer_bsp/\libhal_bsp.a(alt_load.o)
 .comment       0x0000000000000000       0x24 ../AudioPlayer_bsp/\libhal_bsp.a(alt_lseek.o)
 .comment       0x0000000000000000       0x24 ../AudioPlayer_bsp/\libhal_bsp.a(alt_main.o)
 .comment       0x0000000000000000       0x24 ../AudioPlayer_bsp/\libhal_bsp.a(alt_malloc_lock.o)
 .comment       0x0000000000000000       0x24 ../AudioPlayer_bsp/\libhal_bsp.a(alt_printf.o)
 .comment       0x0000000000000000       0x24 ../AudioPlayer_bsp/\libhal_bsp.a(alt_putchar.o)
 .comment       0x0000000000000000       0x24 ../AudioPlayer_bsp/\libhal_bsp.a(alt_read.o)
 .comment       0x0000000000000000       0x24 ../AudioPlayer_bsp/\libhal_bsp.a(alt_release_fd.o)
 .comment       0x0000000000000000       0x24 ../AudioPlayer_bsp/\libhal_bsp.a(alt_sbrk.o)
 .comment       0x0000000000000000       0x24 ../AudioPlayer_bsp/\libhal_bsp.a(alt_tick.o)
 .comment       0x0000000000000000       0x24 ../AudioPlayer_bsp/\libhal_bsp.a(alt_write.o)
 .comment       0x0000000000000000       0x24 ../AudioPlayer_bsp/\libhal_bsp.a(alt_sys_init.o)
 .comment       0x0000000000000000       0x24 ../AudioPlayer_bsp/\libhal_bsp.a(altera_avalon_jtag_uart_fd.o)
 .comment       0x0000000000000000       0x24 ../AudioPlayer_bsp/\libhal_bsp.a(altera_avalon_jtag_uart_init.o)
 .comment       0x0000000000000000       0x24 ../AudioPlayer_bsp/\libhal_bsp.a(altera_avalon_jtag_uart_ioctl.o)
 .comment       0x0000000000000000       0x24 ../AudioPlayer_bsp/\libhal_bsp.a(altera_avalon_jtag_uart_read.o)
 .comment       0x0000000000000000       0x24 ../AudioPlayer_bsp/\libhal_bsp.a(altera_avalon_jtag_uart_write.o)
 .comment       0x0000000000000000       0x24 ../AudioPlayer_bsp/\libhal_bsp.a(altera_avalon_lcd_16207.o)
 .comment       0x0000000000000000       0x24 ../AudioPlayer_bsp/\libhal_bsp.a(altera_avalon_lcd_16207_fd.o)
 .comment       0x0000000000000000       0x24 ../AudioPlayer_bsp/\libhal_bsp.a(altera_avalon_timer_sc.o)
 .comment       0x0000000000000000       0x24 ../AudioPlayer_bsp/\libhal_bsp.a(altera_avalon_uart_fd.o)
 .comment       0x0000000000000000       0x24 ../AudioPlayer_bsp/\libhal_bsp.a(altera_avalon_uart_init.o)
 .comment       0x0000000000000000       0x24 ../AudioPlayer_bsp/\libhal_bsp.a(altera_avalon_uart_read.o)
 .comment       0x0000000000000000       0x24 ../AudioPlayer_bsp/\libhal_bsp.a(altera_avalon_uart_write.o)
 .comment       0x0000000000000000       0x24 ../AudioPlayer_bsp/\libhal_bsp.a(altera_up_avalon_audio.o)
 .comment       0x0000000000000000       0x24 ../AudioPlayer_bsp/\libhal_bsp.a(alt_dcache_flush_all.o)
 .comment       0x0000000000000000       0x24 ../AudioPlayer_bsp/\libhal_bsp.a(alt_dev_llist_insert.o)
 .comment       0x0000000000000000       0x24 ../AudioPlayer_bsp/\libhal_bsp.a(alt_do_ctors.o)
 .comment       0x0000000000000000       0x24 ../AudioPlayer_bsp/\libhal_bsp.a(alt_do_dtors.o)
 .comment       0x0000000000000000       0x24 ../AudioPlayer_bsp/\libhal_bsp.a(alt_find_dev.o)
 .comment       0x0000000000000000       0x24 ../AudioPlayer_bsp/\libhal_bsp.a(alt_icache_flush_all.o)
 .comment       0x0000000000000000       0x24 ../AudioPlayer_bsp/\libhal_bsp.a(alt_io_redirect.o)
 .comment       0x0000000000000000       0x24 ../AudioPlayer_bsp/\libhal_bsp.a(alt_irq_register.o)
 .comment       0x0000000000000000       0x24 ../AudioPlayer_bsp/\libhal_bsp.a(alt_irq_vars.o)
 .comment       0x0000000000000000       0x24 ../AudioPlayer_bsp/\libhal_bsp.a(alt_open.o)
 .comment       0x0000000000000000       0x24 ../AudioPlayer_bsp/\libhal_bsp.a(alt_usleep.o)
 .comment       0x0000000000000000       0x24 ../AudioPlayer_bsp/\libhal_bsp.a(altera_nios2_gen2_irq.o)
 .comment       0x0000000000000000       0x24 ../AudioPlayer_bsp/\libhal_bsp.a(alt_busy_sleep.o)
 .comment       0x0000000000000000       0x24 ../AudioPlayer_bsp/\libhal_bsp.a(alt_find_file.o)
 .comment       0x0000000000000000       0x24 ../AudioPlayer_bsp/\libhal_bsp.a(alt_get_fd.o)
 .comment       0x0000000000000000       0x24 ../AudioPlayer_bsp/\libhal_bsp.a(alt_icache_flush.o)
 .comment       0x0000000000000000       0x24 ../AudioPlayer_bsp/\libhal_bsp.a(alt_irq_handler.o)
 .comment       0x0000000000000000       0x24 ../AudioPlayer_bsp/\libhal_bsp.a(alt_instruction_exception_entry.o)
 .comment       0x0000000000000000       0x24 c:/software/altera/15.1/nios2eds/bin/gnu/h-x86_64-mingw32/bin/../lib/gcc/nios2-elf/4.9.2/../../../../../H-x86_64-mingw32/nios2-elf/lib\libc.a(lib_a-atexit.o)
 .comment       0x0000000000000000       0x24 c:/software/altera/15.1/nios2eds/bin/gnu/h-x86_64-mingw32/bin/../lib/gcc/nios2-elf/4.9.2/../../../../../H-x86_64-mingw32/nios2-elf/lib\libc.a(lib_a-ctype_.o)
 .comment       0x0000000000000000       0x24 c:/software/altera/15.1/nios2eds/bin/gnu/h-x86_64-mingw32/bin/../lib/gcc/nios2-elf/4.9.2/../../../../../H-x86_64-mingw32/nios2-elf/lib\libc.a(lib_a-exit.o)
 .comment       0x0000000000000000       0x24 c:/software/altera/15.1/nios2eds/bin/gnu/h-x86_64-mingw32/bin/../lib/gcc/nios2-elf/4.9.2/../../../../../H-x86_64-mingw32/nios2-elf/lib\libc.a(lib_a-memcmp.o)
 .comment       0x0000000000000000       0x24 c:/software/altera/15.1/nios2eds/bin/gnu/h-x86_64-mingw32/bin/../lib/gcc/nios2-elf/4.9.2/../../../../../H-x86_64-mingw32/nios2-elf/lib\libc.a(lib_a-memcpy.o)
 .comment       0x0000000000000000       0x24 c:/software/altera/15.1/nios2eds/bin/gnu/h-x86_64-mingw32/bin/../lib/gcc/nios2-elf/4.9.2/../../../../../H-x86_64-mingw32/nios2-elf/lib\libc.a(lib_a-__atexit.o)
 .comment       0x0000000000000000       0x24 c:/software/altera/15.1/nios2eds/bin/gnu/h-x86_64-mingw32/bin/../lib/gcc/nios2-elf/4.9.2/../../../../../H-x86_64-mingw32/nios2-elf/lib\libc.a(lib_a-__call_atexit.o)