Archive member included to satisfy reference by file (symbol)

c:/software/altera/15.1/nios2eds/bin/gnu/h-x86_64-mingw32/bin/../lib/gcc/nios2-elf/4.9.2\libgcc.a(lib2-divmod.o)
                              obj/default/main.o (__divsi3)
c:/software/altera/15.1/nios2eds/bin/gnu/h-x86_64-mingw32/bin/../lib/gcc/nios2-elf/4.9.2/../../../../../H-x86_64-mingw32/nios2-elf/lib\libc.a(lib_a-fclose.o)
                              obj/default/menu.o (fclose)
c:/software/altera/15.1/nios2eds/bin/gnu/h-x86_64-mingw32/bin/../lib/gcc/nios2-elf/4.9.2/../../../../../H-x86_64-mingw32/nios2-elf/lib\libc.a(lib_a-fflush.o)
                              c:/software/altera/15.1/nios2eds/bin/gnu/h-x86_64-mingw32/bin/../lib/gcc/nios2-elf/4.9.2/../../../../../H-x86_64-mingw32/nios2-elf/lib\libc.a(lib_a-fclose.o) (__sflush_r)
c:/software/altera/15.1/nios2eds/bin/gnu/h-x86_64-mingw32/bin/../lib/gcc/nios2-elf/4.9.2/../../../../../H-x86_64-mingw32/nios2-elf/lib\libc.a(lib_a-findfp.o)
                              c:/software/altera/15.1/nios2eds/bin/gnu/h-x86_64-mingw32/bin/../lib/gcc/nios2-elf/4.9.2/../../../../../H-x86_64-mingw32/nios2-elf/lib\libc.a(lib_a-fclose.o) (__sinit)
c:/software/altera/15.1/nios2eds/bin/gnu/h-x86_64-mingw32/bin/../lib/gcc/nios2-elf/4.9.2/../../../../../H-x86_64-mingw32/nios2-elf/lib\libc.a(lib_a-fopen.o)
                              obj/default/menu.o (fopen)
c:/software/altera/15.1/nios2eds/bin/gnu/h-x86_64-mingw32/bin/../lib/gcc/nios2-elf/4.9.2/../../../../../H-x86_64-mingw32/nios2-elf/lib\libc.a(lib_a-fprintf.o)
                              obj/default/menu.o (fprintf)
c:/software/altera/15.1/nios2eds/bin/gnu/h-x86_64-mingw32/bin/../lib/gcc/nios2-elf/4.9.2/../../../../../H-x86_64-mingw32/nios2-elf/lib\libc.a(lib_a-freer.o)
                              c:/software/altera/15.1/nios2eds/bin/gnu/h-x86_64-mingw32/bin/../lib/gcc/nios2-elf/4.9.2/../../../../../H-x86_64-mingw32/nios2-elf/lib\libc.a(lib_a-fclose.o) (_free_r)
c:/software/altera/15.1/nios2eds/bin/gnu/h-x86_64-mingw32/bin/../lib/gcc/nios2-elf/4.9.2/../../../../../H-x86_64-mingw32/nios2-elf/lib\libc.a(lib_a-fseek.o)
                              c:/software/altera/15.1/nios2eds/bin/gnu/h-x86_64-mingw32/bin/../lib/gcc/nios2-elf/4.9.2/../../../../../H-x86_64-mingw32/nios2-elf/lib\libc.a(lib_a-fopen.o) (_fseek_r)
c:/software/altera/15.1/nios2eds/bin/gnu/h-x86_64-mingw32/bin/../lib/gcc/nios2-elf/4.9.2/../../../../../H-x86_64-mingw32/nios2-elf/lib\libc.a(lib_a-fseeko.o)
                              c:/software/altera/15.1/nios2eds/bin/gnu/h-x86_64-mingw32/bin/../lib/gcc/nios2-elf/4.9.2/../../../../../H-x86_64-mingw32/nios2-elf/lib\libc.a(lib_a-fseek.o) (_fseeko_r)
c:/software/altera/15.1/nios2eds/bin/gnu/h-x86_64-mingw32/bin/../lib/gcc/nios2-elf/4.9.2/../../../../../H-x86_64-mingw32/nios2-elf/lib\libc.a(lib_a-fstatr.o)
                              c:/software/altera/15.1/nios2eds/bin/gnu/h-x86_64-mingw32/bin/../lib/gcc/nios2-elf/4.9.2/../../../../../H-x86_64-mingw32/nios2-elf/lib\libc.a(lib_a-fseeko.o) (_fstat_r)
c:/software/altera/15.1/nios2eds/bin/gnu/h-x86_64-mingw32/bin/../lib/gcc/nios2-elf/4.9.2/../../../../../H-x86_64-mingw32/nios2-elf/lib\libc.a(lib_a-fwalk.o)
                              c:/software/altera/15.1/nios2eds/bin/gnu/h-x86_64-mingw32/bin/../lib/gcc/nios2-elf/4.9.2/../../../../../H-x86_64-mingw32/nios2-elf/lib\libc.a(lib_a-findfp.o) (_fwalk)
c:/software/altera/15.1/nios2eds/bin/gnu/h-x86_64-mingw32/bin/../lib/gcc/nios2-elf/4.9.2/../../../../../H-x86_64-mingw32/nios2-elf/lib\libc.a(lib_a-fwrite.o)
                              obj/default/menu.o (fwrite)
c:/software/altera/15.1/nios2eds/bin/gnu/h-x86_64-mingw32/bin/../lib/gcc/nios2-elf/4.9.2/../../../../../H-x86_64-mingw32/nios2-elf/lib\libc.a(lib_a-getc.o)
                              obj/default/uart_nios2.o (getc)
c:/software/altera/15.1/nios2eds/bin/gnu/h-x86_64-mingw32/bin/../lib/gcc/nios2-elf/4.9.2/../../../../../H-x86_64-mingw32/nios2-elf/lib\libc.a(lib_a-impure.o)
                              c:/software/altera/15.1/nios2eds/bin/gnu/h-x86_64-mingw32/bin/../lib/gcc/nios2-elf/4.9.2/../../../../../H-x86_64-mingw32/nios2-elf/lib\libc.a(lib_a-fflush.o) (_global_impure_ptr)
c:/software/altera/15.1/nios2eds/bin/gnu/h-x86_64-mingw32/bin/../lib/gcc/nios2-elf/4.9.2/../../../../../H-x86_64-mingw32/nios2-elf/lib\libc.a(lib_a-int_errno.o)
                              c:/software/altera/15.1/nios2eds/bin/gnu/h-x86_64-mingw32/bin/../lib/gcc/nios2-elf/4.9.2/../../../../../H-x86_64-mingw32/nios2-elf/lib\libc.a(lib_a-fstatr.o) (errno)
c:/software/altera/15.1/nios2eds/bin/gnu/h-x86_64-mingw32/bin/../lib/gcc/nios2-elf/4.9.2/../../../../../H-x86_64-mingw32/nios2-elf/lib\libc.a(lib_a-makebuf.o)
                              c:/software/altera/15.1/nios2eds/bin/gnu/h-x86_64-mingw32/bin/../lib/gcc/nios2-elf/4.9.2/../../../../../H-x86_64-mingw32/nios2-elf/lib\libc.a(lib_a-fseeko.o) (__smakebuf_r)
[...]
Memory Configuration

Name             Origin             Length             Attributes
reset            0x0000000000800000 0x0000000000000020
sdram_0          0x0000000000800020 0x00000000007fffe0
*default*        0x0000000000000000 0xffffffffffffffff

Linker script and memory map

LOAD ../AudioPlayer_bsp//obj/HAL/src/crt0.o
LOAD obj/default/fatfs.o
LOAD obj/default/fatfs_diskio.o
LOAD obj/default/fatfs_nios2_de0_nano_spi.o
LOAD obj/default/fatfs_nios2_de1_pio.o
LOAD obj/default/fatfs_nios2_de1_spi.o
LOAD obj/default/ff.o
LOAD obj/default/hello_world.o
LOAD obj/default/main.o
LOAD obj/default/menu.o
LOAD obj/default/monitor.o
LOAD obj/default/player.o
LOAD obj/default/uart_nios2.o
LOAD obj/default/utilities.o
LOAD c:/software/altera/15.1/nios2eds/bin/gnu/h-x86_64-mingw32/bin/../lib/gcc/nios2-elf/4.9.2/../../../../../H-x86_64-mingw32/nios2-elf/lib\libstdc++.a
LOAD c:/software/altera/15.1/nios2eds/bin/gnu/h-x86_64-mingw32/bin/../lib/gcc/nios2-elf/4.9.2/../../../../../H-x86_64-mingw32/nios2-elf/lib\libm.a
LOAD c:/software/altera/15.1/nios2eds/bin/gnu/h-x86_64-mingw32/bin/../lib/gcc/nios2-elf/4.9.2\libgcc.a
START GROUP
LOAD c:/software/altera/15.1/nios2eds/bin/gnu/h-x86_64-mingw32/bin/../lib/gcc/nios2-elf/4.9.2/../../../../../H-x86_64-mingw32/nios2-elf/lib\libc.a
LOAD c:/software/altera/15.1/nios2eds/bin/gnu/h-x86_64-mingw32/bin/../lib/gcc/nios2-elf/4.9.2\libgcc.a
LOAD ../AudioPlayer_bsp/\libhal_bsp.a
LOAD c:/software/altera/15.1/nios2eds/bin/gnu/h-x86_64-mingw32/bin/../lib/gcc/nios2-elf/4.9.2/../../../../../H-x86_64-mingw32/nios2-elf/lib\libm.a
END GROUP
LOAD c:/software/altera/15.1/nios2eds/bin/gnu/h-x86_64-mingw32/bin/../lib/gcc/nios2-elf/4.9.2\libgcc.a
                0x0000000000800000                __alt_mem_sdram_0 = 0x800000

.entry          0x0000000000800000       0x20
 *(.entry)
 .entry         0x0000000000800000       0x20 ../AudioPlayer_bsp//obj/HAL/src/crt0.o
                0x0000000000800000                __reset

.exceptions     0x0000000000800020      0x224
                0x0000000000800020                PROVIDE (__ram_exceptions_start, ABSOLUTE (.))
                0x0000000000800020                . = ALIGN (0x20)
 *(.irq)
 *(.exceptions.entry.label)
 .exceptions.entry.label
                0x0000000000800020        0x0 ../AudioPlayer_bsp/\libhal_bsp.a(alt_irq_entry.o)
                0x0000000000800020                alt_irq_entry
 .exceptions.entry.label
                0x0000000000800020        0x0 ../AudioPlayer_bsp/\libhal_bsp.a(alt_exception_entry.o)
                0x0000000000800020                alt_exception
 *(.exceptions.entry.user)
 *(.exceptions.entry.ecc_fatal)
 *(.exceptions.entry)
 .exceptions.entry
                0x0000000000800020       0x54 ../AudioPlayer_bsp/\libhal_bsp.a(alt_exception_entry.o)
 *(.exceptions.irqtest.user)
 *(.exceptions.irqtest)
 .exceptions.irqtest
                0x0000000000800074       0x10 ../AudioPlayer_bsp/\libhal_bsp.a(alt_irq_entry.o)
 *(.exceptions.irqhandler.user)
 *(.exceptions.irqhandler)
 .exceptions.irqhandler
                0x0000000000800084        0x4 ../AudioPlayer_bsp/\libhal_bsp.a(alt_irq_entry.o)
 *(.exceptions.irqreturn.user)
 *(.exceptions.irqreturn)
 .exceptions.irqreturn
                0x0000000000800088        0x4 ../AudioPlayer_bsp/\libhal_bsp.a(alt_irq_entry.o)
 *(.exceptions.notirq.label)
 .exceptions.notirq.label
                0x000000000080008c        0x0 ../AudioPlayer_bsp/\libhal_bsp.a(alt_irq_entry.o)
 *(.exceptions.notirq.user)
 *(.exceptions.notirq)
 .exceptions.notirq
                0x000000000080008c        0x8 ../AudioPlayer_bsp/\libhal_bsp.a(alt_exception_entry.o)
 *(.exceptions.soft.user)
 *(.exceptions.soft)
 *(.exceptions.unknown.user)
 *(.exceptions.unknown)
 .exceptions.unknown
                0x0000000000800094       0x14 ../AudioPlayer_bsp/\libhal_bsp.a(alt_exception_entry.o)
 *(.exceptions.exit.label)
 .exceptions.exit.label
                0x00000000008000a8        0x0 ../AudioPlayer_bsp/\libhal_bsp.a(alt_irq_entry.o)
 .exceptions.exit.label
                0x00000000008000a8        0x0 ../AudioPlayer_bsp/\libhal_bsp.a(alt_exception_entry.o)
 *(.exceptions.exit.user)
 *(.exceptions.exit)
 .exceptions.exit
                0x00000000008000a8       0x54 ../AudioPlayer_bsp/\libhal_bsp.a(alt_exception_entry.o)
 *(.exceptions)
 .exceptions    0x00000000008000fc       0xd4 ../AudioPlayer_bsp/\libhal_bsp.a(alt_irq_handler.o)
                0x00000000008000fc                alt_irq_handler
 .exceptions    0x00000000008001d0       0x74 ../AudioPlayer_bsp/\libhal_bsp.a(alt_instruction_exception_entry.o)
                0x00000000008001d0                alt_instruction_exception_entry
                0x0000000000800244                PROVIDE (__ram_exceptions_end, ABSOLUTE (.))
                0x0000000000800020                PROVIDE (__flash_exceptions_start, LOADADDR (.exceptions))

.text           0x0000000000800244    0x1c6fc
                0x0000000000800244                PROVIDE (stext, ABSOLUTE (.))
 *(.interp)
 *(.hash)
 *(.dynsym)
 *(.dynstr)
 *(.gnu.version)
 *(.gnu.version_d)
 *(.gnu.version_r)
 *(.rel.init)
 *(.rela.init)
 *(.rel.text .rel.text.* .rel.gnu.linkonce.t.*)
 *(.rela.text .rela.text.* .rela.gnu.linkonce.t.*)
 *(.rel.fini)
 *(.rela.fini)
 *(.rel.rodata .rel.rodata.* .rel.gnu.linkonce.r.*)
 *(.rela.rodata .rela.rodata.* .rela.gnu.linkonce.r.*)
 *(.rel.data .rel.data.* .rel.gnu.linkonce.d.*)
 *(.rela.data .rela.data.* .rela.gnu.linkonce.d.*)
 *(.rel.tdata .rel.tdata.* .rel.gnu.linkonce.td.*)
 *(.rela.tdata .rela.tdata.* .rela.gnu.linkonce.td.*)
 *(.rel.tbss .rel.tbss.* .rel.gnu.linkonce.tb.*)
 *(.rela.tbss .rela.tbss.* .rela.gnu.linkonce.tb.*)
 *(.rel.ctors)
 *(.rela.ctors)
 *(.rel.dtors)
 *(.rela.dtors)
 *(.rel.got)
 *(.rela.got)
 *(.rel.sdata .rel.sdata.* .rel.gnu.linkonce.s.*)
 *(.rela.sdata .rela.sdata.* .rela.gnu.linkonce.s.*)
 *(.rel.sbss .rel.sbss.* .rel.gnu.linkonce.sb.*)
 *(.rela.sbss .rela.sbss.* .rela.gnu.linkonce.sb.*)
 *(.rel.sdata2 .rel.sdata2.* .rel.gnu.linkonce.s2.*)
 *(.rela.sdata2 .rela.sdata2.* .rela.gnu.linkonce.s2.*)
 *(.rel.sbss2 .rel.sbss2.* .rel.gnu.linkonce.sb2.*)
 *(.rela.sbss2 .rela.sbss2.* .rela.gnu.linkonce.sb2.*)
 *(.rel.bss .rel.bss.* .rel.gnu.linkonce.b.*)
 *(.rela.bss .rela.bss.* .rela.gnu.linkonce.b.*)
 *(.rel.plt)
 *(.rela.plt)
 *(.rel.dyn)
 *(.init)
 *(.plt)
 *(.text .stub .text.* .gnu.linkonce.t.*)
 .text          0x0000000000800244       0x4c ../AudioPlayer_bsp//obj/HAL/src/crt0.o
                0x0000000000800244                _start
 .text          0x0000000000800290       0x24 obj/default/fatfs.o
                0x0000000000800290                ffs_Init
 .text          0x00000000008002b4     0x1294 obj/default/fatfs_diskio.o
                0x0000000000800a34                ffs_DiskIOInit
                0x0000000000800a60                ffs_DiskIOTimerproc
                0x0000000000800b68                ffs_DiskIOInitialize
                0x0000000000800dc4                ffs_DiskIOStatus
                0x0000000000800dec                ffs_DiskIORead
                0x0000000000800f08                ffs_DiskIOWrite
                0x0000000000801074                ffs_DiskIOIoctl
                0x000000000080151c                get_fattime
 .text          0x0000000000801548        0x0 obj/default/fatfs_nios2_de0_nano_spi.o
 .text          0x0000000000801548        0x0 obj/default/fatfs_nios2_de1_pio.o
 .text          0x0000000000801548        0x0 obj/default/fatfs_nios2_de1_spi.o
 .text          0x0000000000801548     0x6aac obj/default/ff.o
                0x0000000000801a8c                clust2sect
                0x0000000000801af8                get_fat
                0x0000000000801d7c                put_fat
                0x0000000000803e8c                f_mount
                0x0000000000803f20                f_open
                0x00000000008043a4                f_read
                0x0000000000804888                f_write
                0x0000000000804e04                f_sync
                0x000000000080508c                f_close
                0x00000000008050d4                f_lseek
                0x00000000008055c0                f_opendir
                0x0000000000805730                f_readdir
                0x0000000000805814                f_stat
                0x00000000008058b4                f_getfree
                0x0000000000805ba0                f_truncate
                0x0000000000805d88                f_unlink
                0x0000000000805fa0                f_mkdir
                0x00000000008063e0                f_chmod
                0x00000000008064e4                f_utime
                0x00000000008065f8                f_rename
                0x000000000080690c                f_mkfs
                0x00000000008077c8                f_gets
                0x0000000000807898                f_putc
                0x000000000080790c                f_puts
                0x00000000008079a4                f_printf
 .text          0x0000000000807ff4      0x19c obj/default/hello_world.o
                0x0000000000808140                main
 .text          0x0000000000808190     0x19dc obj/default/main.o
                0x000000000080845c                notmain
 .text          0x0000000000809b6c      0x424 obj/default/menu.o
                0x0000000000809d54                loadDirectory
                0x0000000000809e6c                initializeDisk
                0x0000000000809ed0                menu
 .text          0x0000000000809f90      0x978 obj/default/monitor.o
                0x0000000000809f90                xatoi
                0x000000000080a214                xputc
                0x000000000080a264                xputs
                0x000000000080a2cc                xitoa
                0x000000000080a484                xprintf
                0x000000000080a730                put_dump
                0x000000000080a84c                get_line
 .text          0x000000000080a908      0x368 obj/default/player.o
                0x000000000080a908                pauseSong
                0x000000000080a984                playSong
 .text          0x000000000080ac70       0xb0 obj/default/uart_nios2.o
                0x000000000080ac70                uart0_init
                0x000000000080ac90                uart0_put
                0x000000000080acc8                uart0_get
 .text          0x000000000080ad20       0xa4 obj/default/utilities.o
                0x000000000080ad20                putRc
 .text          0x000000000080adc4      0x12c c:/software/altera/15.1/nios2eds/bin/gnu/h-x86_64-mingw32/bin/../lib/gcc/nios2-elf/4.9.2\libgcc.a(lib2-divmod.o)
                0x000000000080ae30                __divsi3
                0x000000000080ae84                __modsi3
                0x000000000080aee0                __udivsi3
                0x000000000080aee8                __umodsi3
 .text          0x000000000080aef0        0x0 c:/software/altera/15.1/nios2eds/bin/gnu/h-x86_64-mingw32/bin/../lib/gcc/nios2-elf/4.9.2/../../../../../H-x86_64-mingw32/nios2-elf/lib\libc.a(lib_a-fclose.o)
 .text._fclose_r
                0x000000000080aef0       0xf0 c:/software/altera/15.1/nios2eds/bin/gnu/h-x86_64-mingw32/bin/../lib/gcc/nios2-elf/4.9.2/../../../../../H-x86_64-mingw32/nios2-elf/lib\libc.a(lib_a-fclose.o)
                0x000000000080aef0                _fclose_r
 .text.fclose   0x000000000080afe0       0x14 c:/software/altera/15.1/nios2eds/bin/gnu/h-x86_64-mingw32/bin/../lib/gcc/nios2-elf/4.9.2/../../../../../H-x86_64-mingw32/nios2-elf/lib\libc.a(lib_a-fclose.o)
                0x000000000080afe0                fclose
 .text          0x000000000080aff4        0x0 c:/software/altera/15.1/nios2eds/bin/gnu/h-x86_64-mingw32/bin/../lib/gcc/nios2-elf/4.9.2/../../../../../H-x86_64-mingw32/nios2-elf/lib\libc.a(lib_a-fflush.o)
 .text.__sflush_r
                0x000000000080aff4      0x208 c:/software/altera/15.1/nios2eds/bin/gnu/h-x86_64-mingw32/bin/../lib/gcc/nios2-elf/4.9.2/../../../../../H-x86_64-mingw32/nios2-elf/lib\libc.a(lib_a-fflush.o)
                0x000000000080aff4                __sflush_r
 .text._fflush_r
                0x000000000080b1fc       0x5c c:/software/altera/15.1/nios2eds/bin/gnu/h-x86_64-mingw32/bin/../lib/gcc/nios2-elf/4.9.2/../../../../../H-x86_64-mingw32/nios2-elf/lib\libc.a(lib_a-fflush.o)
                0x000000000080b1fc                _fflush_r
 .text.fflush   0x000000000080b258       0x30 c:/software/altera/15.1/nios2eds/bin/gnu/h-x86_64-mingw32/bin/../lib/gcc/nios2-elf/4.9.2/../../../../../H-x86_64-mingw32/nios2-elf/lib\libc.a(lib_a-fflush.o)
                0x000000000080b258                fflush
 .text          0x000000000080b288        0x0 c:/software/altera/15.1/nios2eds/bin/gnu/h-x86_64-mingw32/bin/../lib/gcc/nios2-elf/4.9.2/../../../../../H-x86_64-mingw32/nios2-elf/lib\libc.a(lib_a-findfp.o)
 .text.__fp_lock
                0x000000000080b288        0x8 c:/software/altera/15.1/nios2eds/bin/gnu/h-x86_64-mingw32/bin/../lib/gcc/nios2-elf/4.9.2/../../../../../H-x86_64-mingw32/nios2-elf/lib\libc.a(lib_a-findfp.o)
 .text.__fp_unlock
                0x000000000080b290        0x8 c:/software/altera/15.1/nios2eds/bin/gnu/h-x86_64-mingw32/bin/../lib/gcc/nios2-elf/4.9.2/../../../../../H-x86_64-mingw32/nios2-elf/lib\libc.a(lib_a-findfp.o)
 .text._cleanup_r
                0x000000000080b298        0xc c:/software/altera/15.1/nios2eds/bin/gnu/h-x86_64-mingw32/bin/../lib/gcc/nios2-elf/4.9.2/../../../../../H-x86_64-mingw32/nios2-elf/lib\libc.a(lib_a-findfp.o)
                0x000000000080b298                _cleanup_r
 .text.__sinit.part.1
                0x000000000080b2a4      0x19c c:/software/altera/15.1/nios2eds/bin/gnu/h-x86_64-mingw32/bin/../lib/gcc/nios2-elf/4.9.2/../../../../../H-x86_64-mingw32/nios2-elf/lib\libc.a(lib_a-findfp.o)
 .text.__sfmoreglue
                0x000000000080b440       0x68 c:/software/altera/15.1/nios2eds/bin/gnu/h-x86_64-mingw32/bin/../lib/gcc/nios2-elf/4.9.2/../../../../../H-x86_64-mingw32/nios2-elf/lib\libc.a(lib_a-findfp.o)
                0x000000000080b440                __sfmoreglue
 .text.__sfp    0x000000000080b4a8      0x118 c:/software/altera/15.1/nios2eds/bin/gnu/h-x86_64-mingw32/bin/../lib/gcc/nios2-elf/4.9.2/../../../../../H-x86_64-mingw32/nios2-elf/lib\libc.a(lib_a-findfp.o)
                0x000000000080b4a8                __sfp
 .text._cleanup
                0x000000000080b5c0       0x18 c:/software/altera/15.1/nios2eds/bin/gnu/h-x86_64-mingw32/bin/../lib/gcc/nios2-elf/4.9.2/../../../../../H-x86_64-mingw32/nios2-elf/lib\libc.a(lib_a-findfp.o)
                0x000000000080b5c0                _cleanup
 .text.__sinit  0x000000000080b5d8       0x10 c:/software/altera/15.1/nios2eds/bin/gnu/h-x86_64-mingw32/bin/../lib/gcc/nios2-elf/4.9.2/../../../../../H-x86_64-mingw32/nios2-elf/lib\libc.a(lib_a-findfp.o)
                0x000000000080b5d8                __sinit
 .text.__sfp_lock_acquire
                0x000000000080b5e8        0x4 c:/software/altera/15.1/nios2eds/bin/gnu/h-x86_64-mingw32/bin/../lib/gcc/nios2-elf/4.9.2/../../../../../H-x86_64-mingw32/nios2-elf/lib\libc.a(lib_a-findfp.o)
                0x000000000080b5e8                __sfp_lock_acquire
 .text.__sfp_lock_release
                0x000000000080b5ec        0x4 c:/software/altera/15.1/nios2eds/bin/gnu/h-x86_64-mingw32/bin/../lib/gcc/nios2-elf/4.9.2/../../../../../H-x86_64-mingw32/nios2-elf/lib\libc.a(lib_a-findfp.o)
                0x000000000080b5ec                __sfp_lock_release
 .text.__sinit_lock_acquire
                0x000000000080b5f0        0x4 c:/software/altera/15.1/nios2eds/bin/gnu/h-x86_64-mingw32/bin/../lib/gcc/nios2-elf/4.9.2/../../../../../H-x86_64-mingw32/nios2-elf/lib\libc.a(lib_a-findfp.o)
                0x000000000080b5f0                __sinit_lock_acquire
 .text.__sinit_lock_release
                0x000000000080b5f4        0x4 c:/software/altera/15.1/nios2eds/bin/gnu/h-x86_64-mingw32/bin/../lib/gcc/nios2-elf/4.9.2/../../../../../H-x86_64-mingw32/nios2-elf/lib\libc.a(lib_a-findfp.o)
                0x000000000080b5f4                __sinit_lock_release
 .text.__fp_lock_all
                0x000000000080b5f8       0x18 c:/software/altera/15.1/nios2eds/bin/gnu/h-x86_64-mingw32/bin/../lib/gcc/nios2-elf/4.9.2/../../../../../H-x86_64-mingw32/nios2-elf/lib\libc.a(lib_a-findfp.o)
                0x000000000080b5f8                __fp_lock_all
 .text.__fp_unlock_all
                0x000000000080b610       0x18 c:/software/altera/15.1/nios2eds/bin/gnu/h-x86_64-mingw32/bin/../lib/gcc/nios2-elf/4.9.2/../../../../../H-x86_64-mingw32/nios2-elf/lib\libc.a(lib_a-findfp.o)
                0x000000000080b610                __fp_unlock_all
 .text          0x000000000080b628        0x0 c:/software/altera/15.1/nios2eds/bin/gnu/h-x86_64-mingw32/bin/../lib/gcc/nios2-elf/4.9.2/../../../../../H-x86_64-mingw32/nios2-elf/lib\libc.a(lib_a-fopen.o)
 .text._fopen_r
                0x000000000080b628       0xf0 c:/software/altera/15.1/nios2eds/bin/gnu/h-x86_64-mingw32/bin/../lib/gcc/nios2-elf/4.9.2/../../../../../H-x86_64-mingw32/nios2-elf/lib\libc.a(lib_a-fopen.o)
                0x000000000080b628                _fopen_r
 .text.fopen    0x000000000080b718       0x1c c:/software/altera/15.1/nios2eds/bin/gnu/h-x86_64-mingw32/bin/../lib/gcc/nios2-elf/4.9.2/../../../../../H-x86_64-mingw32/nios2-elf/lib\libc.a(lib_a-fopen.o)
                0x000000000080b718                fopen
 .text          0x000000000080b734        0x0 c:/software/altera/15.1/nios2eds/bin/gnu/h-x86_64-mingw32/bin/../lib/gcc/nios2-elf/4.9.2/../../../../../H-x86_64-mingw32/nios2-elf/lib\libc.a(lib_a-fprintf.o)
 .text._fprintf_r
                0x000000000080b734       0x28 c:/software/altera/15.1/nios2eds/bin/gnu/h-x86_64-mingw32/bin/../lib/gcc/nios2-elf/4.9.2/../../../../../H-x86_64-mingw32/nios2-elf/lib\libc.a(lib_a-fprintf.o)
                0x000000000080b734                _fprintf_r
 .text.fprintf  0x000000000080b75c       0x24 c:/software/altera/15.1/nios2eds/bin/gnu/h-x86_64-mingw32/bin/../lib/gcc/nios2-elf/4.9.2/../../../../../H-x86_64-mingw32/nios2-elf/lib\libc.a(lib_a-fprintf.o)
                0x000000000080b75c                fprintf
 .text          0x000000000080b780        0x0 c:/software/altera/15.1/nios2eds/bin/gnu/h-x86_64-mingw32/bin/../lib/gcc/nios2-elf/4.9.2/../../../../../H-x86_64-mingw32/nios2-elf/lib\libc.a(lib_a-freer.o)
 .text._malloc_trim_r
                0x000000000080b780      0x124 c:/software/altera/15.1/nios2eds/bin/gnu/h-x86_64-mingw32/bin/../lib/gcc/nios2-elf/4.9.2/../../../../../H-x86_64-mingw32/nios2-elf/lib\libc.a(lib_a-freer.o)
                0x000000000080b780                _malloc_trim_r
 .text._free_r  0x000000000080b8a4      0x2f0 c:/software/altera/15.1/nios2eds/bin/gnu/h-x86_64-mingw32/bin/../lib/gcc/nios2-elf/4.9.2/../../../../../H-x86_64-mingw32/nios2-elf/lib\libc.a(lib_a-freer.o)
                0x000000000080b8a4                _free_r
 .text          0x000000000080bb94        0x0 c:/software/altera/15.1/nios2eds/bin/gnu/h-x86_64-mingw32/bin/../lib/gcc/nios2-elf/4.9.2/../../../../../H-x86_64-mingw32/nios2-elf/lib\libc.a(lib_a-fseek.o)
 .text._fseek_r
                0x000000000080bb94        0x4 c:/software/altera/15.1/nios2eds/bin/gnu/h-x86_64-mingw32/bin/../lib/gcc/nios2-elf/4.9.2/../../../../../H-x86_64-mingw32/nios2-elf/lib\libc.a(lib_a-fseek.o)
                0x000000000080bb94                _fseek_r
 .text.fseek    0x000000000080bb98       0x24 c:/software/altera/15.1/nios2eds/bin/gnu/h-x86_64-mingw32/bin/../lib/gcc/nios2-elf/4.9.2/../../../../../H-x86_64-mingw32/nios2-elf/lib\libc.a(lib_a-fseek.o)
                0x000000000080bb98                fseek
 .text          0x000000000080bbbc        0x0 c:/software/altera/15.1/nios2eds/bin/gnu/h-x86_64-mingw32/bin/../lib/gcc/nios2-elf/4.9.2/../../../../../H-x86_64-mingw32/nios2-elf/lib\libc.a(lib_a-fseeko.o)
 .text._fseeko_r
                0x000000000080bbbc      0x444 c:/software/altera/15.1/nios2eds/bin/gnu/h-x86_64-mingw32/bin/../lib/gcc/nios2-elf/4.9.2/../../../../../H-x86_64-mingw32/nios2-elf/lib\libc.a(lib_a-fseeko.o)
                0x000000000080bbbc                _fseeko_r
 .text.fseeko   0x000000000080c000       0x24 c:/software/altera/15.1/nios2eds/bin/gnu/h-x86_64-mingw32/bin/../lib/gcc/nios2-elf/4.9.2/../../../../../H-x86_64-mingw32/nios2-elf/lib\libc.a(lib_a-fseeko.o)
                0x000000000080c000                fseeko
 .text          0x000000000080c024        0x0 c:/software/altera/15.1/nios2eds/bin/gnu/h-x86_64-mingw32/bin/../lib/gcc/nios2-elf/4.9.2/../../../../../H-x86_64-mingw32/nios2-elf/lib\libc.a(lib_a-fstatr.o)
 .text._fstat_r
                0x000000000080c024       0x58 c:/software/altera/15.1/nios2eds/bin/gnu/h-x86_64-mingw32/bin/../lib/gcc/nios2-elf/4.9.2/../../../../../H-x86_64-mingw32/nios2-elf/lib\libc.a(lib_a-fstatr.o)
                0x000000000080c024                _fstat_r
 .text          0x000000000080c07c        0x0 c:/software/altera/15.1/nios2eds/bin/gnu/h-x86_64-mingw32/bin/../lib/gcc/nios2-elf/4.9.2/../../../../../H-x86_64-mingw32/nios2-elf/lib\libc.a(lib_a-fwalk.o)
 .text._fwalk   0x000000000080c07c       0xc4 c:/software/altera/15.1/nios2eds/bin/gnu/h-x86_64-mingw32/bin/../lib/gcc/nios2-elf/4.9.2/../../../../../H-x86_64-mingw32/nios2-elf/lib\libc.a(lib_a-fwalk.o)
                0x000000000080c07c                _fwalk
 .text._fwalk_reent
                0x000000000080c140       0xc4 c:/software/altera/15.1/nios2eds/bin/gnu/h-x86_64-mingw32/bin/../lib/gcc/nios2-elf/4.9.2/../../../../../H-x86_64-mingw32/nios2-elf/lib\libc.a(lib_a-fwalk.o)
                0x000000000080c140                _fwalk_reent
 .text          0x000000000080c204        0x0 c:/software/altera/15.1/nios2eds/bin/gnu/h-x86_64-mingw32/bin/../lib/gcc/nios2-elf/4.9.2/../../../../../H-x86_64-mingw32/nios2-elf/lib\libc.a(lib_a-fwrite.o)
 .text._fwrite_r
                0x000000000080c204       0xcc c:/software/altera/15.1/nios2eds/bin/gnu/h-x86_64-mingw32/bin/../lib/gcc/nios2-elf/4.9.2/../../../../../H-x86_64-mingw32/nios2-elf/lib\libc.a(lib_a-fwrite.o)
                0x000000000080c204                _fwrite_r
 .text.fwrite   0x000000000080c2d0       0x40 c:/software/altera/15.1/nios2eds/bin/gnu/h-x86_64-mingw32/bin/../lib/gcc/nios2-elf/4.9.2/../../../../../H-x86_64-mingw32/nios2-elf/lib\libc.a(lib_a-fwrite.o)
                0x000000000080c2d0                fwrite
 .text          0x000000000080c310        0x0 c:/software/altera/15.1/nios2eds/bin/gnu/h-x86_64-mingw32/bin/../lib/gcc/nios2-elf/4.9.2/../../../../../H-x86_64-mingw32/nios2-elf/lib\libc.a(lib_a-getc.o)
 .text._getc_r  0x000000000080c310       0x70 c:/software/altera/15.1/nios2eds/bin/gnu/h-x86_64-mingw32/bin/../lib/gcc/nios2-elf/4.9.2/../../../../../H-x86_64-mingw32/nios2-elf/lib\libc.a(lib_a-getc.o)
                0x000000000080c310                _getc_r
 .text.getc     0x000000000080c380       0x88 c:/software/altera/15.1/nios2eds/bin/gnu/h-x86_64-mingw32/bin/../lib/gcc/nios2-elf/4.9.2/../../../../../H-x86_64-mingw32/nios2-elf/lib\libc.a(lib_a-getc.o)
                0x000000000080c380                getc
 .text          0x000000000080c408        0x0 c:/software/altera/15.1/nios2eds/bin/gnu/h-x86_64-mingw32/bin/../lib/gcc/nios2-elf/4.9.2/../../../../../H-x86_64-mingw32/nios2-elf/lib\libc.a(lib_a-impure.o)
 .text          0x000000000080c408        0x0 c:/software/altera/15.1/nios2eds/bin/gnu/h-x86_64-mingw32/bin/../lib/gcc/nios2-elf/4.9.2/../../../../../H-x86_64-mingw32/nios2-elf/lib\libc.a(lib_a-int_errno.o)
 .text          0x000000000080c408        0x0 c:/software/altera/15.1/nios2eds/bin/gnu/h-x86_64-mingw32/bin/../lib/gcc/nios2-elf/4.9.2/../../../../../H-x86_64-mingw32/nios2-elf/lib\libc.a(lib_a-makebuf.o)
 .text.__smakebuf_r
                0x000000000080c408      0x1b8 c:/software/altera/15.1/nios2eds/bin/gnu/h-x86_64-mingw32/bin/../lib/gcc/nios2-elf/4.9.2/../../../../../H-x86_64-mingw32/nios2-elf/lib\libc.a(lib_a-makebuf.o)
                0x000000000080c408                __smakebuf_r
 .text          0x000000000080c5c0        0x0 c:/software/altera/15.1/nios2eds/bin/gnu/h-x86_64-mingw32/bin/../lib/gcc/nios2-elf/4.9.2/../../../../../H-x86_64-mingw32/nios2-elf/lib\libc.a(lib_a-mallocr.o)
 .text._malloc_r
                0x000000000080c5c0      0x7a8 c:/software/altera/15.1/nios2eds/bin/gnu/h-x86_64-mingw32/bin/../lib/gcc/nios2-elf/4.9.2/../../../../../H-x86_64-mingw32/nios2-elf/lib\libc.a(lib_a-mallocr.o)
                0x000000000080c5c0                _malloc_r
 .text          0x000000000080cd68        0x0 c:/software/altera/15.1/nios2eds/bin/gnu/h-x86_64-mingw32/bin/../lib/gcc/nios2-elf/4.9.2/../../../../../H-x86_64-mingw32/nios2-elf/lib\libc.a(lib_a-memcpy.o)
 .text.memcpy   0x000000000080cd68      0x138 c:/software/altera/15.1/nios2eds/bin/gnu/h-x86_64-mingw32/bin/../lib/gcc/nios2-elf/4.9.2/../../../../../H-x86_64-mingw32/nios2-elf/lib\libc.a(lib_a-memcpy.o)
                0x000000000080cd68                memcpy
 .text          0x000000000080cea0        0x0 c:/software/altera/15.1/nios2eds/bin/gnu/h-x86_64-mingw32/bin/../lib/gcc/nios2-elf/4.9.2/../../../../../H-x86_64-mingw32/nios2-elf/lib\libc.a(lib_a-memset.o)
 .text.memset   0x000000000080cea0      0x124 c:/software/altera/15.1/nios2eds/bin/gnu/h-x86_64-mingw32/bin/../lib/gcc/nios2-elf/4.9.2/../../../../../H-x86_64-mingw32/nios2-elf/lib\libc.a(lib_a-memset.o)
                0x000000000080cea0                memset
 .text          0x000000000080cfc4        0x0 c:/software/altera/15.1/nios2eds/bin/gnu/h-x86_64-mingw32/bin/../lib/gcc/nios2-elf/4.9.2/../../../../../H-x86_64-mingw32/nios2-elf/lib\libc.a(lib_a-openr.o)
 .text._open_r  0x000000000080cfc4       0x5c c:/software/altera/15.1/nios2eds/bin/gnu/h-x86_64-mingw32/bin/../lib/gcc/nios2-elf/4.9.2/../../../../../H-x86_64-mingw32/nios2-elf/lib\libc.a(lib_a-openr.o)
                0x000000000080cfc4                _open_r
 .text          0x000000000080d020        0x0 c:/software/altera/15.1/nios2eds/bin/gnu/h-x86_64-mingw32/bin/../lib/gcc/nios2-elf/4.9.2/../../../../../H-x86_64-mingw32/nios2-elf/lib\libc.a(lib_a-putchar.o)
 .text._putchar_r
                0x000000000080d020        0x8 c:/software/altera/15.1/nios2eds/bin/gnu/h-x86_64-mingw32/bin/../lib/gcc/nios2-elf/4.9.2/../../../../../H-x86_64-mingw32/nios2-elf/lib\libc.a(lib_a-putchar.o)
                0x000000000080d020                _putchar_r
 .text.putchar  0x000000000080d028       0x18 c:/software/altera/15.1/nios2eds/bin/gnu/h-x86_64-mingw32/bin/../lib/gcc/nios2-elf/4.9.2/../../../../../H-x86_64-mingw32/nios2-elf/lib\libc.a(lib_a-putchar.o)
                0x000000000080d028                putchar
 .text          0x000000000080d040        0x0 c:/software/altera/15.1/nios2eds/bin/gnu/h-x86_64-mingw32/bin/../lib/gcc/nios2-elf/4.9.2/../../../../../H-x86_64-mingw32/nios2-elf/lib\libc.a(lib_a-refill.o)
 .text.lflush   0x000000000080d040       0x1c c:/software/altera/15.1/nios2eds/bin/gnu/h-x86_64-mingw32/bin/../lib/gcc/nios2-elf/4.9.2/../../../../../H-x86_64-mingw32/nios2-elf/lib\libc.a(lib_a-refill.o)
 .text.__srefill_r
                0x000000000080d05c      0x1d4 c:/software/altera/15.1/nios2eds/bin/gnu/h-x86_64-mingw32/bin/../lib/gcc/nios2-elf/4.9.2/../../../../../H-x86_64-mingw32/nios2-elf/lib\libc.a(lib_a-refill.o)
                0x000000000080d05c                __srefill_r
 .text          0x000000000080d230        0x0 c:/software/altera/15.1/nios2eds/bin/gnu/h-x86_64-mingw32/bin/../lib/gcc/nios2-elf/4.9.2/../../../../../H-x86_64-mingw32/nios2-elf/lib\libc.a(lib_a-rget.o)
 .text.__srget_r
                0x000000000080d230       0x74 c:/software/altera/15.1/nios2eds/bin/gnu/h-x86_64-mingw32/bin/../lib/gcc/nios2-elf/4.9.2/../../../../../H-x86_64-mingw32/nios2-elf/lib\libc.a(lib_a-rget.o)
                0x000000000080d230                __srget_r
 .text.__srget  0x000000000080d2a4       0x14 c:/software/altera/15.1/nios2eds/bin/gnu/h-x86_64-mingw32/bin/../lib/gcc/nios2-elf/4.9.2/../../../../../H-x86_64-mingw32/nios2-elf/lib\libc.a(lib_a-rget.o)
                0x000000000080d2a4                __srget
 .text          0x000000000080d2b8        0x0 c:/software/altera/15.1/nios2eds/bin/gnu/h-x86_64-mingw32/bin/../lib/gcc/nios2-elf/4.9.2/../../../../../H-x86_64-mingw32/nios2-elf/lib\libc.a(lib_a-sbrkr.o)
 .text._sbrk_r  0x000000000080d2b8       0x54 c:/software/altera/15.1/nios2eds/bin/gnu/h-x86_64-mingw32/bin/../lib/gcc/nios2-elf/4.9.2/../../../../../H-x86_64-mingw32/nios2-elf/lib\libc.a(lib_a-sbrkr.o)
                0x000000000080d2b8                _sbrk_r
 .text          0x000000000080d30c        0x0 c:/software/altera/15.1/nios2eds/bin/gnu/h-x86_64-mingw32/bin/../lib/gcc/nios2-elf/4.9.2/../../../../../H-x86_64-mingw32/nios2-elf/lib\libc.a(lib_a-stdio.o)
 .text.__sread  0x000000000080d30c       0x54 c:/software/altera/15.1/nios2eds/bin/gnu/h-x86_64-mingw32/bin/../lib/gcc/nios2-elf/4.9.2/../../../../../H-x86_64-mingw32/nios2-elf/lib\libc.a(lib_a-stdio.o)
                0x000000000080d30c                __sread
 .text.__seofread
                0x000000000080d360        0x8 c:/software/altera/15.1/nios2eds/bin/gnu/h-x86_64-mingw32/bin/../lib/gcc/nios2-elf/4.9.2/../../../../../H-x86_64-mingw32/nios2-elf/lib\libc.a(lib_a-stdio.o)
                0x000000000080d360                __seofread
 .text.__swrite
                0x000000000080d368       0x7c c:/software/altera/15.1/nios2eds/bin/gnu/h-x86_64-mingw32/bin/../lib/gcc/nios2-elf/4.9.2/../../../../../H-x86_64-mingw32/nios2-elf/lib\libc.a(lib_a-stdio.o)
                0x000000000080d368                __swrite
 .text.__sseek  0x000000000080d3e4       0x5c c:/software/altera/15.1/nios2eds/bin/gnu/h-x86_64-mingw32/bin/../lib/gcc/nios2-elf/4.9.2/../../../../../H-x86_64-mingw32/nios2-elf/lib\libc.a(lib_a-stdio.o)
                0x000000000080d3e4                __sseek
 .text.__sclose
                0x000000000080d440        0x8 c:/software/altera/15.1/nios2eds/bin/gnu/h-x86_64-mingw32/bin/../lib/gcc/nios2-elf/4.9.2/../../../../../H-x86_64-mingw32/nios2-elf/lib\libc.a(lib_a-stdio.o)
                0x000000000080d440                __sclose
 .text          0x000000000080d448        0x0 c:/software/altera/15.1/nios2eds/bin/gnu/h-x86_64-mingw32/bin/../lib/gcc/nios2-elf/4.9.2/../../../../../H-x86_64-mingw32/nios2-elf/lib\libc.a(lib_a-strcpy.o)
 .text.strcpy   0x000000000080d448       0x90 c:/software/altera/15.1/nios2eds/bin/gnu/h-x86_64-mingw32/bin/../lib/gcc/nios2-elf/4.9.2/../../../../../H-x86_64-mingw32/nios2-elf/lib\libc.a(lib_a-strcpy.o)
                0x000000000080d448                strcpy
 .text          0x000000000080d4d8        0x0 c:/software/altera/15.1/nios2eds/bin/gnu/h-x86_64-mingw32/bin/../lib/gcc/nios2-elf/4.9.2/../../../../../H-x86_64-mingw32/nios2-elf/lib\libc.a(lib_a-strlen.o)
 .text.strlen   0x000000000080d4d8       0x98 c:/software/altera/15.1/nios2eds/bin/gnu/h-x86_64-mingw32/bin/../lib/gcc/nios2-elf/4.9.2/../../../../../H-x86_64-mingw32/nios2-elf/lib\libc.a(lib_a-strlen.o)
                0x000000000080d4d8                strlen
 .text          0x000000000080d570        0x0 c:/software/altera/15.1/nios2eds/bin/gnu/h-x86_64-mingw32/bin/../lib/gcc/nios2-elf/4.9.2/../../../../../H-x86_64-mingw32/nios2-elf/lib\libc.a(lib_a-strncasecmp.o)
 .text.strncasecmp
                0x000000000080d570       0x7c c:/software/altera/15.1/nios2eds/bin/gnu/h-x86_64-mingw32/bin/../lib/gcc/nios2-elf/4.9.2/../../../../../H-x86_64-mingw32/nios2-elf/lib\libc.a(lib_a-strncasecmp.o)
                0x000000000080d570                strncasecmp
 .text          0x000000000080d5ec        0x0 c:/software/altera/15.1/nios2eds/bin/gnu/h-x86_64-mingw32/bin/../lib/gcc/nios2-elf/4.9.2/../../../../../H-x86_64-mingw32/nios2-elf/lib\libc.a(lib_a-vfprintf.o)
 .text.___vfprintf_internal_r
                0x000000000080d5ec     0x1f50 c:/software/altera/15.1/nios2eds/bin/gnu/h-x86_64-mingw32/bin/../lib/gcc/nios2-elf/4.9.2/../../../../../H-x86_64-mingw32/nios2-elf/lib\libc.a(lib_a-vfprintf.o)
                0x000000000080d5ec                ___vfprintf_internal_r
 .text.__vfprintf_internal
                0x000000000080f53c       0x24 c:/software/altera/15.1/nios2eds/bin/gnu/h-x86_64-mingw32/bin/../lib/gcc/nios2-elf/4.9.2/../../../../../H-x86_64-mingw32/nios2-elf/lib\libc.a(lib_a-vfprintf.o)
                0x000000000080f53c                __vfprintf_internal
 .text.__sbprintf
                0x000000000080f560       0xbc c:/software/altera/15.1/nios2eds/bin/gnu/h-x86_64-mingw32/bin/../lib/gcc/nios2-elf/4.9.2/../../../../../H-x86_64-mingw32/nios2-elf/lib\libc.a(lib_a-vfprintf.o)
 .text          0x000000000080f61c        0x0 c:/software/altera/15.1/nios2eds/bin/gnu/h-x86_64-mingw32/bin/../lib/gcc/nios2-elf/4.9.2/../../../../../H-x86_64-mingw32/nios2-elf/lib\libc.a(lib_a-writer.o)
 .text._write_r
                0x000000000080f61c       0x5c c:/software/altera/15.1/nios2eds/bin/gnu/h-x86_64-mingw32/bin/../lib/gcc/nios2-elf/4.9.2/../../../../../H-x86_64-mingw32/nios2-elf/lib\libc.a(lib_a-writer.o)
                0x000000000080f61c                _write_r
 .text          0x000000000080f678        0x0 c:/software/altera/15.1/nios2eds/bin/gnu/h-x86_64-mingw32/bin/../lib/gcc/nios2-elf/4.9.2/../../../../../H-x86_64-mingw32/nios2-elf/lib\libc.a(lib_a-wsetup.o)
 .text.__swsetup_r
                0x000000000080f678      0x154 c:/software/altera/15.1/nios2eds/bin/gnu/h-x86_64-mingw32/bin/../lib/gcc/nios2-elf/4.9.2/../../../../../H-x86_64-mingw32/nios2-elf/lib\libc.a(lib_a-wsetup.o)
                0x000000000080f678                __swsetup_r
 .text          0x000000000080f7cc        0x0 c:/software/altera/15.1/nios2eds/bin/gnu/h-x86_64-mingw32/bin/../lib/gcc/nios2-elf/4.9.2/../../../../../H-x86_64-mingw32/nios2-elf/lib\libc.a(closer.o)
 .text._close_r
                0x000000000080f7cc       0x54 c:/software/altera/15.1/nios2eds/bin/gnu/h-x86_64-mingw32/bin/../lib/gcc/nios2-elf/4.9.2/../../../../../H-x86_64-mingw32/nios2-elf/lib\libc.a(closer.o)
                0x000000000080f7cc                _close_r
 .text          0x000000000080f820        0x0 c:/software/altera/15.1/nios2eds/bin/gnu/h-x86_64-mingw32/bin/../lib/gcc/nios2-elf/4.9.2/../../../../../H-x86_64-mingw32/nios2-elf/lib\libc.a(lib_a-ctype_.o)
 .text          0x000000000080f820        0x0 c:/software/altera/15.1/nios2eds/bin/gnu/h-x86_64-mingw32/bin/../lib/gcc/nios2-elf/4.9.2/../../../../../H-x86_64-mingw32/nios2-elf/lib\libc.a(lib_a-dtoa.o)
 .text.quorem   0x000000000080f820      0x200 c:/software/altera/15.1/nios2eds/bin/gnu/h-x86_64-mingw32/bin/../lib/gcc/nios2-elf/4.9.2/../../../../../H-x86_64-mingw32/nios2-elf/lib\libc.a(lib_a-dtoa.o)
 .text._dtoa_r  0x000000000080fa20     0x1728 c:/software/altera/15.1/nios2eds/bin/gnu/h-x86_64-mingw32/bin/../lib/gcc/nios2-elf/4.9.2/../../../../../H-x86_64-mingw32/nios2-elf/lib\libc.a(lib_a-dtoa.o)
                0x000000000080fa20                _dtoa_r
 .text          0x0000000000811148        0x0 c:/software/altera/15.1/nios2eds/bin/gnu/h-x86_64-mingw32/bin/../lib/gcc/nios2-elf/4.9.2/../../../../../H-x86_64-mingw32/nios2-elf/lib\libc.a(lib_a-flags.o)
 .text.__sflags
                0x0000000000811148       0xac c:/software/altera/15.1/nios2eds/bin/gnu/h-x86_64-mingw32/bin/../lib/gcc/nios2-elf/4.9.2/../../../../../H-x86_64-mingw32/nios2-elf/lib\libc.a(lib_a-flags.o)
                0x0000000000811148                __sflags
 .text          0x00000000008111f4        0x0 c:/software/altera/15.1/nios2eds/bin/gnu/h-x86_64-mingw32/bin/../lib/gcc/nios2-elf/4.9.2/../../../../../H-x86_64-mingw32/nios2-elf/lib\libc.a(lib_a-fvwrite.o)
 .text.__sfvwrite_r
                0x00000000008111f4      0x4c0 c:/software/altera/15.1/nios2eds/bin/gnu/h-x86_64-mingw32/bin/../lib/gcc/nios2-elf/4.9.2/../../../../../H-x86_64-mingw32/nios2-elf/lib\libc.a(lib_a-fvwrite.o)
                0x00000000008111f4                __sfvwrite_r
 .text          0x00000000008116b4        0x0 c:/software/altera/15.1/nios2eds/bin/gnu/h-x86_64-mingw32/bin/../lib/gcc/nios2-elf/4.9.2/../../../../../H-x86_64-mingw32/nios2-elf/lib\libc.a(lib_a-isattyr.o)
 .text._isatty_r
                0x00000000008116b4       0x54 c:/software/altera/15.1/nios2eds/bin/gnu/h-x86_64-mingw32/bin/../lib/gcc/nios2-elf/4.9.2/../../../../../H-x86_64-mingw32/nios2-elf/lib\libc.a(lib_a-isattyr.o)
                0x00000000008116b4                _isatty_r
 .text          0x0000000000811708        0x0 c:/software/altera/15.1/nios2eds/bin/gnu/h-x86_64-mingw32/bin/../lib/gcc/nios2-elf/4.9.2/../../../../../H-x86_64-mingw32/nios2-elf/lib\libc.a(lib_a-locale.o)
 .text._setlocale_r
                0x0000000000811708       0x7c c:/software/altera/15.1/nios2eds/bin/gnu/h-x86_64-mingw32/bin/../lib/gcc/nios2-elf/4.9.2/../../../../../H-x86_64-mingw32/nios2-elf/lib\libc.a(lib_a-locale.o)
                0x0000000000811708                _setlocale_r
 .text.__locale_charset
                0x0000000000811784        0xc c:/software/altera/15.1/nios2eds/bin/gnu/h-x86_64-mingw32/bin/../lib/gcc/nios2-elf/4.9.2/../../../../../H-x86_64-mingw32/nios2-elf/lib\libc.a(lib_a-locale.o)
                0x0000000000811784                __locale_charset
 .text.__locale_mb_cur_max
                0x0000000000811790       0x10 c:/software/altera/15.1/nios2eds/bin/gnu/h-x86_64-mingw32/bin/../lib/gcc/nios2-elf/4.9.2/../../../../../H-x86_64-mingw32/nios2-elf/lib\libc.a(lib_a-locale.o)
                0x0000000000811790                __locale_mb_cur_max
 .text.__locale_msgcharset
                0x00000000008117a0        0xc c:/software/altera/15.1/nios2eds/bin/gnu/h-x86_64-mingw32/bin/../lib/gcc/nios2-elf/4.9.2/../../../../../H-x86_64-mingw32/nios2-elf/lib\libc.a(lib_a-locale.o)
                0x00000000008117a0                __locale_msgcharset
 .text.__locale_cjk_lang
                0x00000000008117ac        0x8 c:/software/altera/15.1/nios2eds/bin/gnu/h-x86_64-mingw32/bin/../lib/gcc/nios2-elf/4.9.2/../../../../../H-x86_64-mingw32/nios2-elf/lib\libc.a(lib_a-locale.o)
                0x00000000008117ac                __locale_cjk_lang
 .text._localeconv_r
                0x00000000008117b4        0xc c:/software/altera/15.1/nios2eds/bin/gnu/h-x86_64-mingw32/bin/../lib/gcc/nios2-elf/4.9.2/../../../../../H-x86_64-mingw32/nios2-elf/lib\libc.a(lib_a-locale.o)
                0x00000000008117b4                _localeconv_r
 .text.setlocale
                0x00000000008117c0       0x1c c:/software/altera/15.1/nios2eds/bin/gnu/h-x86_64-mingw32/bin/../lib/gcc/nios2-elf/4.9.2/../../../../../H-x86_64-mingw32/nios2-elf/lib\libc.a(lib_a-locale.o)
                0x00000000008117c0                setlocale
 .text.localeconv
                0x00000000008117dc        0xc c:/software/altera/15.1/nios2eds/bin/gnu/h-x86_64-mingw32/bin/../lib/gcc/nios2-elf/4.9.2/../../../../../H-x86_64-mingw32/nios2-elf/lib\libc.a(lib_a-locale.o)
                0x00000000008117dc                localeconv
 .text          0x00000000008117e8        0x0 c:/software/altera/15.1/nios2eds/bin/gnu/h-x86_64-mingw32/bin/../lib/gcc/nios2-elf/4.9.2/../../../../../H-x86_64-mingw32/nios2-elf/lib\libc.a(lib_a-lseekr.o)
 .text._lseek_r
                0x00000000008117e8       0x5c c:/software/altera/15.1/nios2eds/bin/gnu/h-x86_64-mingw32/bin/../lib/gcc/nios2-elf/4.9.2/../../../../../H-x86_64-mingw32/nios2-elf/lib\libc.a(lib_a-lseekr.o)
                0x00000000008117e8                _lseek_r
 .text          0x0000000000811844        0x0 c:/software/altera/15.1/nios2eds/bin/gnu/h-x86_64-mingw32/bin/../lib/gcc/nios2-elf/4.9.2/../../../../../H-x86_64-mingw32/nios2-elf/lib\libc.a(lib_a-memchr.o)
 .text.memchr   0x0000000000811844       0xe8 c:/software/altera/15.1/nios2eds/bin/gnu/h-x86_64-mingw32/bin/../lib/gcc/nios2-elf/4.9.2/../../../../../H-x86_64-mingw32/nios2-elf/lib\libc.a(lib_a-memchr.o)
                0x0000000000811844                memchr
 .text          0x000000000081192c        0x0 c:/software/altera/15.1/nios2eds/bin/gnu/h-x86_64-mingw32/bin/../lib/gcc/nios2-elf/4.9.2/../../../../../H-x86_64-mingw32/nios2-elf/lib\libc.a(lib_a-memmove.o)
 .text.memmove  0x000000000081192c      0x15c c:/software/altera/15.1/nios2eds/bin/gnu/h-x86_64-mingw32/bin/../lib/gcc/nios2-elf/4.9.2/../../../../../H-x86_64-mingw32/nios2-elf/lib\libc.a(lib_a-memmove.o)
                0x000000000081192c                memmove
 .text          0x0000000000811a88        0x0 c:/software/altera/15.1/nios2eds/bin/gnu/h-x86_64-mingw32/bin/../lib/gcc/nios2-elf/4.9.2/../../../../../H-x86_64-mingw32/nios2-elf/lib\libc.a(lib_a-mprec.o)
 .text._Balloc  0x0000000000811a88       0xa8 c:/software/altera/15.1/nios2eds/bin/gnu/h-x86_64-mingw32/bin/../lib/gcc/nios2-elf/4.9.2/../../../../../H-x86_64-mingw32/nios2-elf/lib\libc.a(lib_a-mprec.o)
                0x0000000000811a88                _Balloc
 .text._Bfree   0x0000000000811b30       0x28 c:/software/altera/15.1/nios2eds/bin/gnu/h-x86_64-mingw32/bin/../lib/gcc/nios2-elf/4.9.2/../../../../../H-x86_64-mingw32/nios2-elf/lib\libc.a(lib_a-mprec.o)
                0x0000000000811b30                _Bfree
 .text.__multadd
                0x0000000000811b58      0x120 c:/software/altera/15.1/nios2eds/bin/gnu/h-x86_64-mingw32/bin/../lib/gcc/nios2-elf/4.9.2/../../../../../H-x86_64-mingw32/nios2-elf/lib\libc.a(lib_a-mprec.o)
                0x0000000000811b58                __multadd
 .text.__s2b    0x0000000000811c78      0x104 c:/software/altera/15.1/nios2eds/bin/gnu/h-x86_64-mingw32/bin/../lib/gcc/nios2-elf/4.9.2/../../../../../H-x86_64-mingw32/nios2-elf/lib\libc.a(lib_a-mprec.o)
                0x0000000000811c78                __s2b
 .text.__hi0bits
                0x0000000000811d7c       0x68 c:/software/altera/15.1/nios2eds/bin/gnu/h-x86_64-mingw32/bin/../lib/gcc/nios2-elf/4.9.2/../../../../../H-x86_64-mingw32/nios2-elf/lib\libc.a(lib_a-mprec.o)
                0x0000000000811d7c                __hi0bits
 .text.__lo0bits
                0x0000000000811de4       0xb0 c:/software/altera/15.1/nios2eds/bin/gnu/h-x86_64-mingw32/bin/../lib/gcc/nios2-elf/4.9.2/../../../../../H-x86_64-mingw32/nios2-elf/lib\libc.a(lib_a-mprec.o)
                0x0000000000811de4                __lo0bits
 .text.__i2b    0x0000000000811e94       0x3c c:/software/altera/15.1/nios2eds/bin/gnu/h-x86_64-mingw32/bin/../lib/gcc/nios2-elf/4.9.2/../../../../../H-x86_64-mingw32/nios2-elf/lib\libc.a(lib_a-mprec.o)
                0x0000000000811e94                __i2b
 .text.__multiply
                0x0000000000811ed0      0x1fc c:/software/altera/15.1/nios2eds/bin/gnu/h-x86_64-mingw32/bin/../lib/gcc/nios2-elf/4.9.2/../../../../../H-x86_64-mingw32/nios2-elf/lib\libc.a(lib_a-mprec.o)
                0x0000000000811ed0                __multiply
 .text.__pow5mult
                0x00000000008120cc      0x140 c:/software/altera/15.1/nios2eds/bin/gnu/h-x86_64-mingw32/bin/../lib/gcc/nios2-elf/4.9.2/../../../../../H-x86_64-mingw32/nios2-elf/lib\libc.a(lib_a-mprec.o)
                0x00000000008120cc                __pow5mult
 .text.__lshift
                0x000000000081220c      0x150 c:/software/altera/15.1/nios2eds/bin/gnu/h-x86_64-mingw32/bin/../lib/gcc/nios2-elf/4.9.2/../../../../../H-x86_64-mingw32/nios2-elf/lib\libc.a(lib_a-mprec.o)
                0x000000000081220c                __lshift
 .text.__mcmp   0x000000000081235c       0x60 c:/software/altera/15.1/nios2eds/bin/gnu/h-x86_64-mingw32/bin/../lib/gcc/nios2-elf/4.9.2/../../../../../H-x86_64-mingw32/nios2-elf/lib\libc.a(lib_a-mprec.o)
                0x000000000081235c                __mcmp
 .text.__mdiff  0x00000000008123bc      0x198 c:/software/altera/15.1/nios2eds/bin/gnu/h-x86_64-mingw32/bin/../lib/gcc/nios2-elf/4.9.2/../../../../../H-x86_64-mingw32/nios2-elf/lib\libc.a(lib_a-mprec.o)
                0x00000000008123bc                __mdiff
 .text.__ulp    0x0000000000812554       0x60 c:/software/altera/15.1/nios2eds/bin/gnu/h-x86_64-mingw32/bin/../lib/gcc/nios2-elf/4.9.2/../../../../../H-x86_64-mingw32/nios2-elf/lib\libc.a(lib_a-mprec.o)
                0x0000000000812554                __ulp
 .text.__b2d    0x00000000008125b4      0x11c c:/software/altera/15.1/nios2eds/bin/gnu/h-x86_64-mingw32/bin/../lib/gcc/nios2-elf/4.9.2/../../../../../H-x86_64-mingw32/nios2-elf/lib\libc.a(lib_a-mprec.o)
                0x00000000008125b4                __b2d
 .text.__d2b    0x00000000008126d0      0x13c c:/software/altera/15.1/nios2eds/bin/gnu/h-x86_64-mingw32/bin/../lib/gcc/nios2-elf/4.9.2/../../../../../H-x86_64-mingw32/nios2-elf/lib\libc.a(lib_a-mprec.o)
                0x00000000008126d0                __d2b
 .text.__ratio  0x000000000081280c       0xa4 c:/software/altera/15.1/nios2eds/bin/gnu/h-x86_64-mingw32/bin/../lib/gcc/nios2-elf/4.9.2/../../../../../H-x86_64-mingw32/nios2-elf/lib\libc.a(lib_a-mprec.o)
                0x000000000081280c                __ratio
 .text._mprec_log10
                0x00000000008128b0       0x74 c:/software/altera/15.1/nios2eds/bin/gnu/h-x86_64-mingw32/bin/../lib/gcc/nios2-elf/4.9.2/../../../../../H-x86_64-mingw32/nios2-elf/lib\libc.a(lib_a-mprec.o)
                0x00000000008128b0                _mprec_log10
 .text.__copybits
                0x0000000000812924       0x78 c:/software/altera/15.1/nios2eds/bin/gnu/h-x86_64-mingw32/bin/../lib/gcc/nios2-elf/4.9.2/../../../../../H-x86_64-mingw32/nios2-elf/lib\libc.a(lib_a-mprec.o)
                0x0000000000812924                __copybits
 .text.__any_on
                0x000000000081299c       0x8c c:/software/altera/15.1/nios2eds/bin/gnu/h-x86_64-mingw32/bin/../lib/gcc/nios2-elf/4.9.2/../../../../../H-x86_64-mingw32/nios2-elf/lib\libc.a(lib_a-mprec.o)
                0x000000000081299c                __any_on
 .text          0x0000000000812a28        0x0 c:/software/altera/15.1/nios2eds/bin/gnu/h-x86_64-mingw32/bin/../lib/gcc/nios2-elf/4.9.2/../../../../../H-x86_64-mingw32/nios2-elf/lib\libc.a(lib_a-putc.o)
 .text._putc_r  0x0000000000812a28       0xa0 c:/software/altera/15.1/nios2eds/bin/gnu/h-x86_64-mingw32/bin/../lib/gcc/nios2-elf/4.9.2/../../../../../H-x86_64-mingw32/nios2-elf/lib\libc.a(lib_a-putc.o)
                0x0000000000812a28                _putc_r
 .text.putc     0x0000000000812ac8       0xcc c:/software/altera/15.1/nios2eds/bin/gnu/h-x86_64-mingw32/bin/../lib/gcc/nios2-elf/4.9.2/../../../../../H-x86_64-mingw32/nios2-elf/lib\libc.a(lib_a-putc.o)
                0x0000000000812ac8                putc
 .text          0x0000000000812b94        0x0 c:/software/altera/15.1/nios2eds/bin/gnu/h-x86_64-mingw32/bin/../lib/gcc/nios2-elf/4.9.2/../../../../../H-x86_64-mingw32/nios2-elf/lib\libc.a(lib_a-readr.o)
 .text._read_r  0x0000000000812b94       0x5c c:/software/altera/15.1/nios2eds/bin/gnu/h-x86_64-mingw32/bin/../lib/gcc/nios2-elf/4.9.2/../../../../../H-x86_64-mingw32/nios2-elf/lib\libc.a(lib_a-readr.o)
                0x0000000000812b94                _read_r
 .text          0x0000000000812bf0        0x0 c:/software/altera/15.1/nios2eds/bin/gnu/h-x86_64-mingw32/bin/../lib/gcc/nios2-elf/4.9.2/../../../../../H-x86_64-mingw32/nios2-elf/lib\libc.a(lib_a-reallocr.o)
 .text._realloc_r
                0x0000000000812bf0      0x568 c:/software/altera/15.1/nios2eds/bin/gnu/h-x86_64-mingw32/bin/../lib/gcc/nios2-elf/4.9.2/../../../../../H-x86_64-mingw32/nios2-elf/lib\libc.a(lib_a-reallocr.o)
                0x0000000000812bf0                _realloc_r
 .text          0x0000000000813158        0x0 c:/software/altera/15.1/nios2eds/bin/gnu/h-x86_64-mingw32/bin/../lib/gcc/nios2-elf/4.9.2/../../../../../H-x86_64-mingw32/nios2-elf/lib\libc.a(lib_a-s_fpclassify.o)
 .text.__fpclassifyd
                0x0000000000813158       0x74 c:/software/altera/15.1/nios2eds/bin/gnu/h-x86_64-mingw32/bin/../lib/gcc/nios2-elf/4.9.2/../../../../../H-x86_64-mingw32/nios2-elf/lib\libc.a(lib_a-s_fpclassify.o)
                0x0000000000813158                __fpclassifyd
 .text          0x00000000008131cc        0x0 c:/software/altera/15.1/nios2eds/bin/gnu/h-x86_64-mingw32/bin/../lib/gcc/nios2-elf/4.9.2/../../../../../H-x86_64-mingw32/nios2-elf/lib\libc.a(lib_a-strcmp.o)
 .text.strcmp   0x00000000008131cc       0xa4 c:/software/altera/15.1/nios2eds/bin/gnu/h-x86_64-mingw32/bin/../lib/gcc/nios2-elf/4.9.2/../../../../../H-x86_64-mingw32/nios2-elf/lib\libc.a(lib_a-strcmp.o)
                0x00000000008131cc                strcmp
 .text          0x0000000000813270        0x0 c:/software/altera/15.1/nios2eds/bin/gnu/h-x86_64-mingw32/bin/../lib/gcc/nios2-elf/4.9.2/../../../../../H-x86_64-mingw32/nios2-elf/lib\libc.a(lib_a-vfiprintf.o)
 .text.__sprint_r.part.0
                0x0000000000813270       0xfc c:/software/altera/15.1/nios2eds/bin/gnu/h-x86_64-mingw32/bin/../lib/gcc/nios2-elf/4.9.2/../../../../../H-x86_64-mingw32/nios2-elf/lib\libc.a(lib_a-vfiprintf.o)
 .text.__sprint_r
                0x000000000081336c       0x18 c:/software/altera/15.1/nios2eds/bin/gnu/h-x86_64-mingw32/bin/../lib/gcc/nios2-elf/4.9.2/../../../../../H-x86_64-mingw32/nios2-elf/lib\libc.a(lib_a-vfiprintf.o)
                0x000000000081336c                __sprint_r
 .text.___vfiprintf_internal_r
                0x0000000000813384     0x12d0 c:/software/altera/15.1/nios2eds/bin/gnu/h-x86_64-mingw32/bin/../lib/gcc/nios2-elf/4.9.2/../../../../../H-x86_64-mingw32/nios2-elf/lib\libc.a(lib_a-vfiprintf.o)
                0x0000000000813384                ___vfiprintf_internal_r
 .text.__vfiprintf_internal
                0x0000000000814654       0x24 c:/software/altera/15.1/nios2eds/bin/gnu/h-x86_64-mingw32/bin/../lib/gcc/nios2-elf/4.9.2/../../../../../H-x86_64-mingw32/nios2-elf/lib\libc.a(lib_a-vfiprintf.o)
                0x0000000000814654                __vfiprintf_internal
 .text.__sbprintf
                0x0000000000814678       0xbc c:/software/altera/15.1/nios2eds/bin/gnu/h-x86_64-mingw32/bin/../lib/gcc/nios2-elf/4.9.2/../../../../../H-x86_64-mingw32/nios2-elf/lib\libc.a(lib_a-vfiprintf.o)
 .text          0x0000000000814734        0x0 c:/software/altera/15.1/nios2eds/bin/gnu/h-x86_64-mingw32/bin/../lib/gcc/nios2-elf/4.9.2/../../../../../H-x86_64-mingw32/nios2-elf/lib\libc.a(lib_a-wbuf.o)
 .text.__swbuf_r
                0x0000000000814734      0x138 c:/software/altera/15.1/nios2eds/bin/gnu/h-x86_64-mingw32/bin/../lib/gcc/nios2-elf/4.9.2/../../../../../H-x86_64-mingw32/nios2-elf/lib\libc.a(lib_a-wbuf.o)
                0x0000000000814734                __swbuf_r
 .text.__swbuf  0x000000000081486c       0x1c c:/software/altera/15.1/nios2eds/bin/gnu/h-x86_64-mingw32/bin/../lib/gcc/nios2-elf/4.9.2/../../../../../H-x86_64-mingw32/nios2-elf/lib\libc.a(lib_a-wbuf.o)
                0x000000000081486c                __swbuf
 .text          0x0000000000814888        0x0 c:/software/altera/15.1/nios2eds/bin/gnu/h-x86_64-mingw32/bin/../lib/gcc/nios2-elf/4.9.2/../../../../../H-x86_64-mingw32/nios2-elf/lib\libc.a(lib_a-callocr.o)
 .text._calloc_r
                0x0000000000814888       0xc4 c:/software/altera/15.1/nios2eds/bin/gnu/h-x86_64-mingw32/bin/../lib/gcc/nios2-elf/4.9.2/../../../../../H-x86_64-mingw32/nios2-elf/lib\libc.a(lib_a-callocr.o)
                0x0000000000814888                _calloc_r
 .text          0x000000000081494c        0x0 c:/software/altera/15.1/nios2eds/bin/gnu/h-x86_64-mingw32/bin/../lib/gcc/nios2-elf/4.9.2/../../../../../H-x86_64-mingw32/nios2-elf/lib\libc.a(lib_a-fputwc.o)
 .text._fputwc_r
                0x000000000081494c      0x184 c:/software/altera/15.1/nios2eds/bin/gnu/h-x86_64-mingw32/bin/../lib/gcc/nios2-elf/4.9.2/../../../../../H-x86_64-mingw32/nios2-elf/lib\libc.a(lib_a-fputwc.o)
                0x000000000081494c                _fputwc_r
 .text.fputwc   0x0000000000814ad0       0x5c c:/software/altera/15.1/nios2eds/bin/gnu/h-x86_64-mingw32/bin/../lib/gcc/nios2-elf/4.9.2/../../../../../H-x86_64-mingw32/nios2-elf/lib\libc.a(lib_a-fputwc.o)
                0x0000000000814ad0                fputwc
 .text          0x0000000000814b2c        0x0 c:/software/altera/15.1/nios2eds/bin/gnu/h-x86_64-mingw32/bin/../lib/gcc/nios2-elf/4.9.2/../../../../../H-x86_64-mingw32/nios2-elf/lib\libc.a(lib_a-wcrtomb.o)
 .text._wcrtomb_r
                0x0000000000814b2c       0x9c c:/software/altera/15.1/nios2eds/bin/gnu/h-x86_64-mingw32/bin/../lib/gcc/nios2-elf/4.9.2/../../../../../H-x86_64-mingw32/nios2-elf/lib\libc.a(lib_a-wcrtomb.o)
                0x0000000000814b2c                _wcrtomb_r
 .text.wcrtomb  0x0000000000814bc8       0xc0 c:/software/altera/15.1/nios2eds/bin/gnu/h-x86_64-mingw32/bin/../lib/gcc/nios2-elf/4.9.2/../../../../../H-x86_64-mingw32/nios2-elf/lib\libc.a(lib_a-wcrtomb.o)
                0x0000000000814bc8                wcrtomb
 .text          0x0000000000814c88        0x0 c:/software/altera/15.1/nios2eds/bin/gnu/h-x86_64-mingw32/bin/../lib/gcc/nios2-elf/4.9.2/../../../../../H-x86_64-mingw32/nios2-elf/lib\libc.a(lib_a-wctomb_r.o)
 .text.__ascii_wctomb
                0x0000000000814c88       0x30 c:/software/altera/15.1/nios2eds/bin/gnu/h-x86_64-mingw32/bin/../lib/gcc/nios2-elf/4.9.2/../../../../../H-x86_64-mingw32/nios2-elf/lib\libc.a(lib_a-wctomb_r.o)
                0x0000000000814c88                __ascii_wctomb
 .text._wctomb_r
                0x0000000000814cb8       0x5c c:/software/altera/15.1/nios2eds/bin/gnu/h-x86_64-mingw32/bin/../lib/gcc/nios2-elf/4.9.2/../../../../../H-x86_64-mingw32/nios2-elf/lib\libc.a(lib_a-wctomb_r.o)
                0x0000000000814cb8                _wctomb_r
 .text          0x0000000000814d14      0x5c0 c:/software/altera/15.1/nios2eds/bin/gnu/h-x86_64-mingw32/bin/../lib/gcc/nios2-elf/4.9.2\libgcc.a(_udivdi3.o)
                0x0000000000814d14                __udivdi3
 .text          0x00000000008152d4      0x590 c:/software/altera/15.1/nios2eds/bin/gnu/h-x86_64-mingw32/bin/../lib/gcc/nios2-elf/4.9.2\libgcc.a(_umoddi3.o)
                0x00000000008152d4                __umoddi3
 .text          0x0000000000815864      0x89c c:/software/altera/15.1/nios2eds/bin/gnu/h-x86_64-mingw32/bin/../lib/gcc/nios2-elf/4.9.2\libgcc.a(adddf3.o)
                0x0000000000815864                __adddf3
 .text          0x0000000000816100      0x8cc c:/software/altera/15.1/nios2eds/bin/gnu/h-x86_64-mingw32/bin/../lib/gcc/nios2-elf/4.9.2\libgcc.a(divdf3.o)
                0x0000000000816100                __divdf3
 .text          0x00000000008169cc       0x84 c:/software/altera/15.1/nios2eds/bin/gnu/h-x86_64-mingw32/bin/../lib/gcc/nios2-elf/4.9.2\libgcc.a(eqdf2.o)
                0x00000000008169cc                __nedf2
                0x00000000008169cc                __eqdf2
 .text          0x0000000000816a50       0xe0 c:/software/altera/15.1/nios2eds/bin/gnu/h-x86_64-mingw32/bin/../lib/gcc/nios2-elf/4.9.2\libgcc.a(gedf2.o)
                0x0000000000816a50                __gedf2
                0x0000000000816a50                __gtdf2
 .text          0x0000000000816b30       0xe0 c:/software/altera/15.1/nios2eds/bin/gnu/h-x86_64-mingw32/bin/../lib/gcc/nios2-elf/4.9.2\libgcc.a(ledf2.o)
                0x0000000000816b30                __ledf2
                0x0000000000816b30                __ltdf2
 .text          0x0000000000816c10      0x724 c:/software/altera/15.1/nios2eds/bin/gnu/h-x86_64-mingw32/bin/../lib/gcc/nios2-elf/4.9.2\libgcc.a(muldf3.o)
                0x0000000000816c10                __muldf3
 .text          0x0000000000817334      0x8d0 c:/software/altera/15.1/nios2eds/bin/gnu/h-x86_64-mingw32/bin/../lib/gcc/nios2-elf/4.9.2\libgcc.a(subdf3.o)
                0x0000000000817334                __subdf3
 .text          0x0000000000817c04       0x88 c:/software/altera/15.1/nios2eds/bin/gnu/h-x86_64-mingw32/bin/../lib/gcc/nios2-elf/4.9.2\libgcc.a(fixdfsi.o)
                0x0000000000817c04                __fixdfsi
 .text          0x0000000000817c8c       0xd0 c:/software/altera/15.1/nios2eds/bin/gnu/h-x86_64-mingw32/bin/../lib/gcc/nios2-elf/4.9.2\libgcc.a(floatsidf.o)
                0x0000000000817c8c                __floatsidf
 .text          0x0000000000817d5c       0xa4 c:/software/altera/15.1/nios2eds/bin/gnu/h-x86_64-mingw32/bin/../lib/gcc/nios2-elf/4.9.2\libgcc.a(floatunsidf.o)
                0x0000000000817d5c                __floatunsidf
 .text          0x0000000000817e00        0x0 c:/software/altera/15.1/nios2eds/bin/gnu/h-x86_64-mingw32/bin/../lib/gcc/nios2-elf/4.9.2\libgcc.a(_clz.o)
 .text          0x0000000000817e00       0x64 c:/software/altera/15.1/nios2eds/bin/gnu/h-x86_64-mingw32/bin/../lib/gcc/nios2-elf/4.9.2\libgcc.a(_clzsi2.o)
                0x0000000000817e00                __clzsi2
 .text          0x0000000000817e64      0x140 ../AudioPlayer_bsp/\libhal_bsp.a(alt_alarm_start.o)
                0x0000000000817e64                alt_alarm_start
 .text          0x0000000000817fa4      0x120 ../AudioPlayer_bsp/\libhal_bsp.a(alt_close.o)
                0x0000000000817ff4                close
 .text          0x00000000008180c4       0x2c ../AudioPlayer_bsp/\libhal_bsp.a(alt_dev.o)
 .text          0x00000000008180f0        0x0 ../AudioPlayer_bsp/\libhal_bsp.a(alt_errno.o)
 .text          0x00000000008180f0      0x100 ../AudioPlayer_bsp/\libhal_bsp.a(alt_fstat.o)
                0x0000000000818140                fstat
 .text          0x00000000008181f0      0x1b0 ../AudioPlayer_bsp/\libhal_bsp.a(alt_irq_register.o)
                0x00000000008181f0                alt_irq_register
 .text          0x00000000008183a0        0x0 ../AudioPlayer_bsp/\libhal_bsp.a(alt_irq_vars.o)
 .text          0x00000000008183a0       0xf4 ../AudioPlayer_bsp/\libhal_bsp.a(alt_isatty.o)
                0x00000000008183f0                isatty
 .text          0x0000000000818494       0xe4 ../AudioPlayer_bsp/\libhal_bsp.a(alt_load.o)
                0x00000000008184f8                alt_load
 .text          0x0000000000818578      0x124 ../AudioPlayer_bsp/\libhal_bsp.a(alt_lseek.o)
                0x00000000008185c8                lseek
 .text          0x000000000081869c       0x78 ../AudioPlayer_bsp/\libhal_bsp.a(alt_main.o)
                0x000000000081869c                alt_main
 .text          0x0000000000818714       0x40 ../AudioPlayer_bsp/\libhal_bsp.a(alt_malloc_lock.o)
                0x0000000000818714                __malloc_lock
                0x0000000000818734                __malloc_unlock
 .text          0x0000000000818754      0x274 ../AudioPlayer_bsp/\libhal_bsp.a(alt_open.o)
                0x0000000000818870                open
 .text          0x00000000008189c8      0x228 ../AudioPlayer_bsp/\libhal_bsp.a(alt_printf.o)
                0x00000000008189c8                alt_printf
 .text          0x0000000000818bf0       0x44 ../AudioPlayer_bsp/\libhal_bsp.a(alt_putchar.o)
                0x0000000000818bf0                alt_putchar
 .text          0x0000000000818c34      0x14c ../AudioPlayer_bsp/\libhal_bsp.a(alt_read.o)
                0x0000000000818c84                read
 .text          0x0000000000818d80       0x60 ../AudioPlayer_bsp/\libhal_bsp.a(alt_release_fd.o)
                0x0000000000818d80                alt_release_fd
 .text          0x0000000000818de0       0xb0 ../AudioPlayer_bsp/\libhal_bsp.a(alt_sbrk.o)
                0x0000000000818de0                sbrk
 .text          0x0000000000818e90      0x19c ../AudioPlayer_bsp/\libhal_bsp.a(alt_tick.o)
                0x0000000000818e90                alt_alarm_stop
                0x0000000000818f28                alt_tick
 .text          0x000000000081902c      0x148 ../AudioPlayer_bsp/\libhal_bsp.a(alt_write.o)
                0x000000000081907c                write
 .text          0x0000000000819174      0x11c ../AudioPlayer_bsp/\libhal_bsp.a(alt_sys_init.o)
                0x00000000008191ac                alt_irq_init
                0x00000000008191e0                alt_sys_init
 .text          0x0000000000819290      0x164 ../AudioPlayer_bsp/\libhal_bsp.a(altera_avalon_jtag_uart_fd.o)
                0x0000000000819290                altera_avalon_jtag_uart_read_fd
                0x00000000008192f0                altera_avalon_jtag_uart_write_fd
                0x0000000000819350                altera_avalon_jtag_uart_close_fd
                0x00000000008193a0                altera_avalon_jtag_uart_ioctl_fd
 .text          0x00000000008193f4      0x3d0 ../AudioPlayer_bsp/\libhal_bsp.a(altera_avalon_jtag_uart_init.o)
                0x00000000008193f4                altera_avalon_jtag_uart_init
                0x000000000081975c                altera_avalon_jtag_uart_close
 .text          0x00000000008197c4       0xec ../AudioPlayer_bsp/\libhal_bsp.a(altera_avalon_jtag_uart_ioctl.o)
                0x00000000008197c4                altera_avalon_jtag_uart_ioctl
 .text          0x00000000008198b0      0x20c ../AudioPlayer_bsp/\libhal_bsp.a(altera_avalon_jtag_uart_read.o)
                0x00000000008198b0                altera_avalon_jtag_uart_read
 .text          0x0000000000819abc      0x218 ../AudioPlayer_bsp/\libhal_bsp.a(altera_avalon_jtag_uart_write.o)
                0x0000000000819abc                altera_avalon_jtag_uart_write
 .text          0x0000000000819cd4      0xe70 ../AudioPlayer_bsp/\libhal_bsp.a(altera_avalon_lcd_16207.o)
                0x000000000081a478                altera_avalon_lcd_16207_write
                0x000000000081aa0c                altera_avalon_lcd_16207_init
 .text          0x000000000081ab44       0x60 ../AudioPlayer_bsp/\libhal_bsp.a(altera_avalon_lcd_16207_fd.o)
                0x000000000081ab44                altera_avalon_lcd_16207_write_fd
 .text          0x000000000081aba4       0xf8 ../AudioPlayer_bsp/\libhal_bsp.a(altera_avalon_timer_sc.o)
                0x000000000081ac1c                alt_avalon_timer_sc_init
 .text          0x000000000081ac9c      0x110 ../AudioPlayer_bsp/\libhal_bsp.a(altera_avalon_uart_fd.o)
                0x000000000081ac9c                altera_avalon_uart_read_fd
                0x000000000081acfc                altera_avalon_uart_write_fd
                0x000000000081ad5c                altera_avalon_uart_close_fd
 .text          0x000000000081adac      0x3b4 ../AudioPlayer_bsp/\libhal_bsp.a(altera_avalon_uart_init.o)
                0x000000000081adac                altera_avalon_uart_init
                0x000000000081b10c                altera_avalon_uart_close
 .text          0x000000000081b160      0x22c ../AudioPlayer_bsp/\libhal_bsp.a(altera_avalon_uart_read.o)
                0x000000000081b1b0                altera_avalon_uart_read
 .text          0x000000000081b38c      0x1fc ../AudioPlayer_bsp/\libhal_bsp.a(altera_avalon_uart_write.o)
                0x000000000081b3dc                altera_avalon_uart_write
 .text          0x000000000081b588      0x794 ../AudioPlayer_bsp/\libhal_bsp.a(altera_up_avalon_audio.o)
                0x000000000081b588                alt_up_audio_open_dev
                0x000000000081b5c8                alt_up_audio_enable_read_interrupt
                0x000000000081b618                alt_up_audio_disable_read_interrupt
                0x000000000081b66c                alt_up_audio_enable_write_interrupt
                0x000000000081b6bc                alt_up_audio_disable_write_interrupt
                0x000000000081b710                alt_up_audio_read_interrupt_pending
                0x000000000081b750                alt_up_audio_write_interrupt_pending
                0x000000000081b790                alt_up_audio_reset_audio_core
                0x000000000081b820                alt_up_audio_read_fifo_avail
                0x000000000081b880                alt_up_audio_record_r
                0x000000000081b8e8                alt_up_audio_record_l
                0x000000000081b950                alt_up_audio_write_fifo_space
                0x000000000081b9b0                alt_up_audio_play_r
                0x000000000081ba18                alt_up_audio_play_l
                0x000000000081ba80                alt_up_audio_read_fifo
                0x000000000081bb60                alt_up_audio_write_fifo
                0x000000000081bc68                alt_up_audio_read_fifo_head
                0x000000000081bcb8                alt_up_audio_write_fifo_head
 .text          0x000000000081bd1c       0x44 ../AudioPlayer_bsp/\libhal_bsp.a(alt_dcache_flush_all.o)
                0x000000000081bd1c                alt_dcache_flush_all
 .text          0x000000000081bd60       0xf4 ../AudioPlayer_bsp/\libhal_bsp.a(alt_dev_llist_insert.o)
                0x000000000081bdb0                alt_dev_llist_insert
 .text          0x000000000081be54       0x5c ../AudioPlayer_bsp/\libhal_bsp.a(alt_do_ctors.o)
                0x000000000081be54                _do_ctors
 .text          0x000000000081beb0       0x5c ../AudioPlayer_bsp/\libhal_bsp.a(alt_do_dtors.o)
                0x000000000081beb0                _do_dtors
 .text          0x000000000081bf0c       0x90 ../AudioPlayer_bsp/\libhal_bsp.a(alt_find_dev.o)
                0x000000000081bf0c                alt_find_dev
 .text          0x000000000081bf9c      0x114 ../AudioPlayer_bsp/\libhal_bsp.a(alt_find_file.o)
                0x000000000081bf9c                alt_find_file
 .text          0x000000000081c0b0       0xb4 ../AudioPlayer_bsp/\libhal_bsp.a(alt_get_fd.o)
                0x000000000081c0b0                alt_get_fd
 .text          0x000000000081c164       0x30 ../AudioPlayer_bsp/\libhal_bsp.a(alt_icache_flush_all.o)
                0x000000000081c164                alt_icache_flush_all
 .text          0x000000000081c194      0x138 ../AudioPlayer_bsp/\libhal_bsp.a(alt_io_redirect.o)
                0x000000000081c254                alt_io_redirect
 .text          0x000000000081c2cc        0x0 ../AudioPlayer_bsp/\libhal_bsp.a(alt_irq_entry.o)
 .text          0x000000000081c2cc        0x0 ../AudioPlayer_bsp/\libhal_bsp.a(alt_irq_handler.o)
 .text          0x000000000081c2cc       0x30 ../AudioPlayer_bsp/\libhal_bsp.a(alt_usleep.o)
                0x000000000081c2cc                usleep
 .text          0x000000000081c2fc       0x20 ../AudioPlayer_bsp/\libhal_bsp.a(altera_nios2_gen2_irq.o)
                0x000000000081c2fc                altera_nios2_gen2_irq_init
 .text          0x000000000081c31c      0x158 ../AudioPlayer_bsp/\libhal_bsp.a(alt_busy_sleep.o)
                0x000000000081c31c                alt_busy_sleep
 .text          0x000000000081c474        0x0 ../AudioPlayer_bsp/\libhal_bsp.a(alt_exception_entry.o)
 .text          0x000000000081c474       0x8c ../AudioPlayer_bsp/\libhal_bsp.a(alt_icache_flush.o)
                0x000000000081c474                alt_icache_flush
 .text          0x000000000081c500       0x9c ../AudioPlayer_bsp/\libhal_bsp.a(alt_instruction_exception_entry.o)
                0x000000000081c500                alt_exception_cause_generated_bad_addr
 .text          0x000000000081c59c        0x0 c:/software/altera/15.1/nios2eds/bin/gnu/h-x86_64-mingw32/bin/../lib/gcc/nios2-elf/4.9.2/../../../../../H-x86_64-mingw32/nios2-elf/lib\libc.a(lib_a-atexit.o)
 .text.atexit   0x000000000081c59c       0x14 c:/software/altera/15.1/nios2eds/bin/gnu/h-x86_64-mingw32/bin/../lib/gcc/nios2-elf/4.9.2/../../../../../H-x86_64-mingw32/nios2-elf/lib\libc.a(lib_a-atexit.o)
                0x000000000081c59c                atexit
 .text          0x000000000081c5b0        0x0 c:/software/altera/15.1/nios2eds/bin/gnu/h-x86_64-mingw32/bin/../lib/gcc/nios2-elf/4.9.2/../../../../../H-x86_64-mingw32/nios2-elf/lib\libc.a(lib_a-exit.o)
 .text.exit     0x000000000081c5b0       0x38 c:/software/altera/15.1/nios2eds/bin/gnu/h-x86_64-mingw32/bin/../lib/gcc/nios2-elf/4.9.2/../../../../../H-x86_64-mingw32/nios2-elf/lib\libc.a(lib_a-exit.o)
                0x000000000081c5b0                exit
 .text          0x000000000081c5e8        0x0 c:/software/altera/15.1/nios2eds/bin/gnu/h-x86_64-mingw32/bin/../lib/gcc/nios2-elf/4.9.2/../../../../../H-x86_64-mingw32/nios2-elf/lib\libc.a(lib_a-memcmp.o)
 .text.memcmp   0x000000000081c5e8       0x7c c:/software/altera/15.1/nios2eds/bin/gnu/h-x86_64-mingw32/bin/../lib/gcc/nios2-elf/4.9.2/../../../../../H-x86_64-mingw32/nios2-elf/lib\libc.a(lib_a-memcmp.o)
                0x000000000081c5e8                memcmp
 .text          0x000000000081c664        0x0 c:/software/altera/15.1/nios2eds/bin/gnu/h-x86_64-mingw32/bin/../lib/gcc/nios2-elf/4.9.2/../../../../../H-x86_64-mingw32/nios2-elf/lib\libc.a(lib_a-__atexit.o)
 .text.__register_exitproc
                0x000000000081c664      0x114 c:/software/altera/15.1/nios2eds/bin/gnu/h-x86_64-mingw32/bin/../lib/gcc/nios2-elf/4.9.2/../../../../../H-x86_64-mingw32/nios2-elf/lib\libc.a(lib_a-__atexit.o)
                0x000000000081c664                __register_exitproc
 .text          0x000000000081c778        0x0 c:/software/altera/15.1/nios2eds/bin/gnu/h-x86_64-mingw32/bin/../lib/gcc/nios2-elf/4.9.2/../../../../../H-x86_64-mingw32/nios2-elf/lib\libc.a(lib_a-__call_atexit.o)
 .text.__call_exitprocs
                0x000000000081c778      0x194 c:/software/altera/15.1/nios2eds/bin/gnu/h-x86_64-mingw32/bin/../lib/gcc/nios2-elf/4.9.2/../../../../../H-x86_64-mingw32/nios2-elf/lib\libc.a(lib_a-__call_atexit.o)
                0x000000000081c778                __call_exitprocs
 .text          0x000000000081c90c       0x34 ../AudioPlayer_bsp/\libhal_bsp.a(alt_exit.o)
                0x000000000081c90c                _exit
 *(.gnu.warning.*)
 *(.fini)
                0x000000000081c940                PROVIDE (__etext, ABSOLUTE (.))
                0x000000000081c940                PROVIDE (_etext, ABSOLUTE (.))
                0x000000000081c940                PROVIDE (etext, ABSOLUTE (.))
 *(.eh_frame_hdr)
                0x000000000081c940                . = ALIGN (0x4)
                0x000000000081c940                PROVIDE (__preinit_array_start, ABSOLUTE (.))
 *(.preinit_array)
                0x000000000081c940                PROVIDE (__preinit_array_end, ABSOLUTE (.))
                0x000000000081c940                PROVIDE (__init_array_start, ABSOLUTE (.))
 *(.init_array)
                0x000000000081c940                PROVIDE (__init_array_end, ABSOLUTE (.))
                0x000000000081c940                PROVIDE (__fini_array_start, ABSOLUTE (.))
 *(.fini_array)
                0x000000000081c940                PROVIDE (__fini_array_end, ABSOLUTE (.))
 *(.eh_frame)
 *(.gcc_except_table .gcc_except_table.*)
 *(.dynamic)
                0x000000000081c940                PROVIDE (__CTOR_LIST__, ABSOLUTE (.))
 *(.ctors)
 *(SORT(.ctors.*))
                0x000000000081c940                PROVIDE (__CTOR_END__, ABSOLUTE (.))
                0x000000000081c940                PROVIDE (__DTOR_LIST__, ABSOLUTE (.))
 *(.dtors)
 *(SORT(.dtors.*))
                0x000000000081c940                PROVIDE (__DTOR_END__, ABSOLUTE (.))
 *(.jcr)
                0x000000000081c940                . = ALIGN (0x4)

.rodata         0x000000000081c940      0xf14
                0x000000000081c940                PROVIDE (__ram_rodata_start, ABSOLUTE (.))
                0x000000000081c940                . = ALIGN (0x4)
 *(.rodata .rodata.* .gnu.linkonce.r.*)
 .rodata        0x000000000081c940       0xf0 obj/default/ff.o
 .rodata        0x000000000081ca30        0x4 obj/default/hello_world.o
 .rodata        0x000000000081ca34      0x6a4 obj/default/main.o
 .rodata        0x000000000081d0d8       0x58 obj/default/menu.o
 .rodata        0x000000000081d130       0x10 obj/default/monitor.o
 .rodata        0x000000000081d140       0x70 obj/default/player.o
 .rodata        0x000000000081d1b0       0xe4 obj/default/utilities.o
 .rodata.str1.4
                0x000000000081d294        0x2 c:/software/altera/15.1/nios2eds/bin/gnu/h-x86_64-mingw32/bin/../lib/gcc/nios2-elf/4.9.2/../../../../../H-x86_64-mingw32/nios2-elf/lib\libc.a(lib_a-impure.o)
                                          0x4 (size before relaxing)
 *fill*         0x000000000081d296        0x2 
 .rodata.str1.4
                0x000000000081d298       0x42 c:/software/altera/15.1/nios2eds/bin/gnu/h-x86_64-mingw32/bin/../lib/gcc/nios2-elf/4.9.2/../../../../../H-x86_64-mingw32/nios2-elf/lib\libc.a(lib_a-vfprintf.o)
                                         0x44 (size before relaxing)
 .rodata.zeroes.4255
                0x000000000081d2da       0x10 c:/software/altera/15.1/nios2eds/bin/gnu/h-x86_64-mingw32/bin/../lib/gcc/nios2-elf/4.9.2/../../../../../H-x86_64-mingw32/nios2-elf/lib\libc.a(lib_a-vfprintf.o)
 .rodata.blanks.4254
                0x000000000081d2ea       0x10 c:/software/altera/15.1/nios2eds/bin/gnu/h-x86_64-mingw32/bin/../lib/gcc/nios2-elf/4.9.2/../../../../../H-x86_64-mingw32/nios2-elf/lib\libc.a(lib_a-vfprintf.o)
 .rodata._ctype_
                0x000000000081d2fa      0x101 c:/software/altera/15.1/nios2eds/bin/gnu/h-x86_64-mingw32/bin/../lib/gcc/nios2-elf/4.9.2/../../../../../H-x86_64-mingw32/nios2-elf/lib\libc.a(lib_a-ctype_.o)
                0x000000000081d2fa                _ctype_
 .rodata._ctype_b
                0x000000000081d3fb      0x180 c:/software/altera/15.1/nios2eds/bin/gnu/h-x86_64-mingw32/bin/../lib/gcc/nios2-elf/4.9.2/../../../../../H-x86_64-mingw32/nios2-elf/lib\libc.a(lib_a-ctype_.o)
 *fill*         0x000000000081d57b        0x1 
 .rodata.str1.4
                0x000000000081d57c       0x10 c:/software/altera/15.1/nios2eds/bin/gnu/h-x86_64-mingw32/bin/../lib/gcc/nios2-elf/4.9.2/../../../../../H-x86_64-mingw32/nios2-elf/lib\libc.a(lib_a-dtoa.o)
                                         0x14 (size before relaxing)
 .rodata.str1.4
                0x000000000081d58c        0xc c:/software/altera/15.1/nios2eds/bin/gnu/h-x86_64-mingw32/bin/../lib/gcc/nios2-elf/4.9.2/../../../../../H-x86_64-mingw32/nios2-elf/lib\libc.a(lib_a-locale.o)
                                         0x14 (size before relaxing)
 .rodata.p05.2710
                0x000000000081d598        0xc c:/software/altera/15.1/nios2eds/bin/gnu/h-x86_64-mingw32/bin/../lib/gcc/nios2-elf/4.9.2/../../../../../H-x86_64-mingw32/nios2-elf/lib\libc.a(lib_a-mprec.o)
 .rodata.__mprec_tinytens
                0x000000000081d5a4       0x28 c:/software/altera/15.1/nios2eds/bin/gnu/h-x86_64-mingw32/bin/../lib/gcc/nios2-elf/4.9.2/../../../../../H-x86_64-mingw32/nios2-elf/lib\libc.a(lib_a-mprec.o)
                0x000000000081d5a4                __mprec_tinytens
 .rodata.__mprec_bigtens
                0x000000000081d5cc       0x28 c:/software/altera/15.1/nios2eds/bin/gnu/h-x86_64-mingw32/bin/../lib/gcc/nios2-elf/4.9.2/../../../../../H-x86_64-mingw32/nios2-elf/lib\libc.a(lib_a-mprec.o)
                0x000000000081d5cc                __mprec_bigtens
 .rodata.__mprec_tens
                0x000000000081d5f4       0xc8 c:/software/altera/15.1/nios2eds/bin/gnu/h-x86_64-mingw32/bin/../lib/gcc/nios2-elf/4.9.2/../../../../../H-x86_64-mingw32/nios2-elf/lib\libc.a(lib_a-mprec.o)
                0x000000000081d5f4                __mprec_tens
 .rodata.str1.4
                0x0000000000000000       0x30 c:/software/altera/15.1/nios2eds/bin/gnu/h-x86_64-mingw32/bin/../lib/gcc/nios2-elf/4.9.2/../../../../../H-x86_64-mingw32/nios2-elf/lib\libc.a(lib_a-vfiprintf.o)
 .rodata.zeroes.4200
                0x000000000081d6bc       0x10 c:/software/altera/15.1/nios2eds/bin/gnu/h-x86_64-mingw32/bin/../lib/gcc/nios2-elf/4.9.2/../../../../../H-x86_64-mingw32/nios2-elf/lib\libc.a(lib_a-vfiprintf.o)
 .rodata.blanks.4199
                0x000000000081d6cc       0x10 c:/software/altera/15.1/nios2eds/bin/gnu/h-x86_64-mingw32/bin/../lib/gcc/nios2-elf/4.9.2/../../../../../H-x86_64-mingw32/nios2-elf/lib\libc.a(lib_a-vfiprintf.o)
 .rodata        0x000000000081d6dc      0x100 c:/software/altera/15.1/nios2eds/bin/gnu/h-x86_64-mingw32/bin/../lib/gcc/nios2-elf/4.9.2\libgcc.a(_clz.o)
                0x000000000081d6dc                __clz_tab
 .rodata        0x000000000081d7dc        0xc ../AudioPlayer_bsp/\libhal_bsp.a(alt_dev.o)
 .rodata        0x000000000081d7e8       0x14 ../AudioPlayer_bsp/\libhal_bsp.a(alt_main.o)
 .rodata        0x000000000081d7fc       0x58 ../AudioPlayer_bsp/\libhal_bsp.a(alt_sys_init.o)
 *(.rodata1)
                0x000000000081d854                . = ALIGN (0x4)
                0x000000000081d854                PROVIDE (__ram_rodata_end, ABSOLUTE (.))
                0x000000000081c940                PROVIDE (__flash_rodata_start, LOADADDR (.rodata))

.rwdata         0x000000000081d854     0x1d44 load address 0x000000000081f598
                0x000000000081d854                PROVIDE (__ram_rwdata_start, ABSOLUTE (.))
                0x000000000081d854                . = ALIGN (0x4)
 *(.got.plt)
 *(.got)
 *(.data1)
 *(.data .data.* .gnu.linkonce.d.*)
 .data          0x000000000081d854        0x0 ../AudioPlayer_bsp//obj/HAL/src/crt0.o
 .data          0x000000000081d854        0x0 obj/default/fatfs.o
 .data          0x000000000081d854        0x0 obj/default/fatfs_diskio.o
 .data          0x000000000081d854        0x0 obj/default/fatfs_nios2_de0_nano_spi.o
 .data          0x000000000081d854        0x0 obj/default/fatfs_nios2_de1_pio.o
 .data          0x000000000081d854        0x0 obj/default/fatfs_nios2_de1_spi.o
 .data          0x000000000081d854        0x0 obj/default/ff.o
 .data          0x000000000081d854        0x0 obj/default/hello_world.o
 .data          0x000000000081d854        0x0 obj/default/main.o
 .data          0x000000000081d854        0x0 obj/default/menu.o
 .data          0x000000000081d854        0x0 obj/default/monitor.o
 .data          0x000000000081d854        0x0 obj/default/player.o
 .data          0x000000000081d854        0x0 obj/default/uart_nios2.o
 .data          0x000000000081d854        0x0 obj/default/utilities.o
 .data          0x000000000081d854        0x0 c:/software/altera/15.1/nios2eds/bin/gnu/h-x86_64-mingw32/bin/../lib/gcc/nios2-elf/4.9.2\libgcc.a(lib2-divmod.o)
 .data          0x000000000081d854        0x0 c:/software/altera/15.1/nios2eds/bin/gnu/h-x86_64-mingw32/bin/../lib/gcc/nios2-elf/4.9.2/../../../../../H-x86_64-mingw32/nios2-elf/lib\libc.a(lib_a-fclose.o)
 .data          0x000000000081d854        0x0 c:/software/altera/15.1/nios2eds/bin/gnu/h-x86_64-mingw32/bin/../lib/gcc/nios2-elf/4.9.2/../../../../../H-x86_64-mingw32/nios2-elf/lib\libc.a(lib_a-fflush.o)
 .data          0x000000000081d854        0x0 c:/software/altera/15.1/nios2eds/bin/gnu/h-x86_64-mingw32/bin/../lib/gcc/nios2-elf/4.9.2/../../../../../H-x86_64-mingw32/nios2-elf/lib\libc.a(lib_a-findfp.o)
 .data          0x000000000081d854        0x0 c:/software/altera/15.1/nios2eds/bin/gnu/h-x86_64-mingw32/bin/../lib/gcc/nios2-elf/4.9.2/../../../../../H-x86_64-mingw32/nios2-elf/lib\libc.a(lib_a-fopen.o)
 .data          0x000000000081d854        0x0 c:/software/altera/15.1/nios2eds/bin/gnu/h-x86_64-mingw32/bin/../lib/gcc/nios2-elf/4.9.2/../../../../../H-x86_64-mingw32/nios2-elf/lib\libc.a(lib_a-fprintf.o)
 .data          0x000000000081d854        0x0 c:/software/altera/15.1/nios2eds/bin/gnu/h-x86_64-mingw32/bin/../lib/gcc/nios2-elf/4.9.2/../../../../../H-x86_64-mingw32/nios2-elf/lib\libc.a(lib_a-freer.o)
 .data          0x000000000081d854        0x0 c:/software/altera/15.1/nios2eds/bin/gnu/h-x86_64-mingw32/bin/../lib/gcc/nios2-elf/4.9.2/../../../../../H-x86_64-mingw32/nios2-elf/lib\libc.a(lib_a-fseek.o)
 .data          0x000000000081d854        0x0 c:/software/altera/15.1/nios2eds/bin/gnu/h-x86_64-mingw32/bin/../lib/gcc/nios2-elf/4.9.2/../../../../../H-x86_64-mingw32/nios2-elf/lib\libc.a(lib_a-fseeko.o)
 .data          0x000000000081d854        0x0 c:/software/altera/15.1/nios2eds/bin/gnu/h-x86_64-mingw32/bin/../lib/gcc/nios2-elf/4.9.2/../../../../../H-x86_64-mingw32/nios2-elf/lib\libc.a(lib_a-fstatr.o)
 .data          0x000000000081d854        0x0 c:/software/altera/15.1/nios2eds/bin/gnu/h-x86_64-mingw32/bin/../lib/gcc/nios2-elf/4.9.2/../../../../../H-x86_64-mingw32/nios2-elf/lib\libc.a(lib_a-fwalk.o)
 .data          0x000000000081d854        0x0 c:/software/altera/15.1/nios2eds/bin/gnu/h-x86_64-mingw32/bin/../lib/gcc/nios2-elf/4.9.2/../../../../../H-x86_64-mingw32/nios2-elf/lib\libc.a(lib_a-fwrite.o)
 .data          0x000000000081d854        0x0 c:/software/altera/15.1/nios2eds/bin/gnu/h-x86_64-mingw32/bin/../lib/gcc/nios2-elf/4.9.2/../../../../../H-x86_64-mingw32/nios2-elf/lib\libc.a(lib_a-getc.o)
 .data          0x000000000081d854        0x0 c:/software/altera/15.1/nios2eds/bin/gnu/h-x86_64-mingw32/bin/../lib/gcc/nios2-elf/4.9.2/../../../../../H-x86_64-mingw32/nios2-elf/lib\libc.a(lib_a-impure.o)
 .data.impure_data
                0x000000000081d854      0x424 c:/software/altera/15.1/nios2eds/bin/gnu/h-x86_64-mingw32/bin/../lib/gcc/nios2-elf/4.9.2/../../../../../H-x86_64-mingw32/nios2-elf/lib\libc.a(lib_a-impure.o)
 .data          0x000000000081dc78        0x0 c:/software/altera/15.1/nios2eds/bin/gnu/h-x86_64-mingw32/bin/../lib/gcc/nios2-elf/4.9.2/../../../../../H-x86_64-mingw32/nios2-elf/lib\libc.a(lib_a-int_errno.o)
 .data          0x000000000081dc78        0x0 c:/software/altera/15.1/nios2eds/bin/gnu/h-x86_64-mingw32/bin/../lib/gcc/nios2-elf/4.9.2/../../../../../H-x86_64-mingw32/nios2-elf/lib\libc.a(lib_a-makebuf.o)
 .data          0x000000000081dc78        0x0 c:/software/altera/15.1/nios2eds/bin/gnu/h-x86_64-mingw32/bin/../lib/gcc/nios2-elf/4.9.2/../../../../../H-x86_64-mingw32/nios2-elf/lib\libc.a(lib_a-mallocr.o)
 .data.__malloc_av_
                0x000000000081dc78      0x408 c:/software/altera/15.1/nios2eds/bin/gnu/h-x86_64-mingw32/bin/../lib/gcc/nios2-elf/4.9.2/../../../../../H-x86_64-mingw32/nios2-elf/lib\libc.a(lib_a-mallocr.o)
                0x000000000081dc78                __malloc_av_
 .data          0x000000000081e080        0x0 c:/software/altera/15.1/nios2eds/bin/gnu/h-x86_64-mingw32/bin/../lib/gcc/nios2-elf/4.9.2/../../../../../H-x86_64-mingw32/nios2-elf/lib\libc.a(lib_a-memcpy.o)
 .data          0x000000000081e080        0x0 c:/software/altera/15.1/nios2eds/bin/gnu/h-x86_64-mingw32/bin/../lib/gcc/nios2-elf/4.9.2/../../../../../H-x86_64-mingw32/nios2-elf/lib\libc.a(lib_a-memset.o)
 .data          0x000000000081e080        0x0 c:/software/altera/15.1/nios2eds/bin/gnu/h-x86_64-mingw32/bin/../lib/gcc/nios2-elf/4.9.2/../../../../../H-x86_64-mingw32/nios2-elf/lib\libc.a(lib_a-openr.o)
 .data          0x000000000081e080        0x0 c:/software/altera/15.1/nios2eds/bin/gnu/h-x86_64-mingw32/bin/../lib/gcc/nios2-elf/4.9.2/../../../../../H-x86_64-mingw32/nios2-elf/lib\libc.a(lib_a-putchar.o)
 .data          0x000000000081e080        0x0 c:/software/altera/15.1/nios2eds/bin/gnu/h-x86_64-mingw32/bin/../lib/gcc/nios2-elf/4.9.2/../../../../../H-x86_64-mingw32/nios2-elf/lib\libc.a(lib_a-refill.o)
 .data          0x000000000081e080        0x0 c:/software/altera/15.1/nios2eds/bin/gnu/h-x86_64-mingw32/bin/../lib/gcc/nios2-elf/4.9.2/../../../../../H-x86_64-mingw32/nios2-elf/lib\libc.a(lib_a-rget.o)
 .data          0x000000000081e080        0x0 c:/software/altera/15.1/nios2eds/bin/gnu/h-x86_64-mingw32/bin/../lib/gcc/nios2-elf/4.9.2/../../../../../H-x86_64-mingw32/nios2-elf/lib\libc.a(lib_a-sbrkr.o)
 .data          0x000000000081e080        0x0 c:/software/altera/15.1/nios2eds/bin/gnu/h-x86_64-mingw32/bin/../lib/gcc/nios2-elf/4.9.2/../../../../../H-x86_64-mingw32/nios2-elf/lib\libc.a(lib_a-stdio.o)
 .data          0x000000000081e080        0x0 c:/software/altera/15.1/nios2eds/bin/gnu/h-x86_64-mingw32/bin/../lib/gcc/nios2-elf/4.9.2/../../../../../H-x86_64-mingw32/nios2-elf/lib\libc.a(lib_a-strcpy.o)
 .data          0x000000000081e080        0x0 c:/software/altera/15.1/nios2eds/bin/gnu/h-x86_64-mingw32/bin/../lib/gcc/nios2-elf/4.9.2/../../../../../H-x86_64-mingw32/nios2-elf/lib\libc.a(lib_a-strlen.o)
 .data          0x000000000081e080        0x0 c:/software/altera/15.1/nios2eds/bin/gnu/h-x86_64-mingw32/bin/../lib/gcc/nios2-elf/4.9.2/../../../../../H-x86_64-mingw32/nios2-elf/lib\libc.a(lib_a-strncasecmp.o)
 .data          0x000000000081e080        0x0 c:/software/altera/15.1/nios2eds/bin/gnu/h-x86_64-mingw32/bin/../lib/gcc/nios2-elf/4.9.2/../../../../../H-x86_64-mingw32/nios2-elf/lib\libc.a(lib_a-vfprintf.o)
 .data          0x000000000081e080        0x0 c:/software/altera/15.1/nios2eds/bin/gnu/h-x86_64-mingw32/bin/../lib/gcc/nios2-elf/4.9.2/../../../../../H-x86_64-mingw32/nios2-elf/lib\libc.a(lib_a-writer.o)
 .data          0x000000000081e080        0x0 c:/software/altera/15.1/nios2eds/bin/gnu/h-x86_64-mingw32/bin/../lib/gcc/nios2-elf/4.9.2/../../../../../H-x86_64-mingw32/nios2-elf/lib\libc.a(lib_a-wsetup.o)
 .data          0x000000000081e080        0x0 c:/software/altera/15.1/nios2eds/bin/gnu/h-x86_64-mingw32/bin/../lib/gcc/nios2-elf/4.9.2/../../../../../H-x86_64-mingw32/nios2-elf/lib\libc.a(closer.o)
 .data          0x000000000081e080        0x0 c:/software/altera/15.1/nios2eds/bin/gnu/h-x86_64-mingw32/bin/../lib/gcc/nios2-elf/4.9.2/../../../../../H-x86_64-mingw32/nios2-elf/lib\libc.a(lib_a-ctype_.o)
 .data          0x000000000081e080        0x0 c:/software/altera/15.1/nios2eds/bin/gnu/h-x86_64-mingw32/bin/../lib/gcc/nios2-elf/4.9.2/../../../../../H-x86_64-mingw32/nios2-elf/lib\libc.a(lib_a-dtoa.o)
 .data          0x000000000081e080        0x0 c:/software/altera/15.1/nios2eds/bin/gnu/h-x86_64-mingw32/bin/../lib/gcc/nios2-elf/4.9.2/../../../../../H-x86_64-mingw32/nios2-elf/lib\libc.a(lib_a-flags.o)
 .data          0x000000000081e080        0x0 c:/software/altera/15.1/nios2eds/bin/gnu/h-x86_64-mingw32/bin/../lib/gcc/nios2-elf/4.9.2/../../../../../H-x86_64-mingw32/nios2-elf/lib\libc.a(lib_a-fvwrite.o)
 .data          0x000000000081e080        0x0 c:/software/altera/15.1/nios2eds/bin/gnu/h-x86_64-mingw32/bin/../lib/gcc/nios2-elf/4.9.2/../../../../../H-x86_64-mingw32/nios2-elf/lib\libc.a(lib_a-isattyr.o)
 .data          0x000000000081e080        0x0 c:/software/altera/15.1/nios2eds/bin/gnu/h-x86_64-mingw32/bin/../lib/gcc/nios2-elf/4.9.2/../../../../../H-x86_64-mingw32/nios2-elf/lib\libc.a(lib_a-locale.o)
 .data.lc_message_charset
                0x000000000081e080       0x20 c:/software/altera/15.1/nios2eds/bin/gnu/h-x86_64-mingw32/bin/../lib/gcc/nios2-elf/4.9.2/../../../../../H-x86_64-mingw32/nios2-elf/lib\libc.a(lib_a-locale.o)
 .data.lc_ctype_charset
                0x000000000081e0a0       0x20 c:/software/altera/15.1/nios2eds/bin/gnu/h-x86_64-mingw32/bin/../lib/gcc/nios2-elf/4.9.2/../../../../../H-x86_64-mingw32/nios2-elf/lib\libc.a(lib_a-locale.o)
 .data.lconv    0x000000000081e0c0       0x38 c:/software/altera/15.1/nios2eds/bin/gnu/h-x86_64-mingw32/bin/../lib/gcc/nios2-elf/4.9.2/../../../../../H-x86_64-mingw32/nios2-elf/lib\libc.a(lib_a-locale.o)
 .data          0x000000000081e0f8        0x0 c:/software/altera/15.1/nios2eds/bin/gnu/h-x86_64-mingw32/bin/../lib/gcc/nios2-elf/4.9.2/../../../../../H-x86_64-mingw32/nios2-elf/lib\libc.a(lib_a-lseekr.o)
 .data          0x000000000081e0f8        0x0 c:/software/altera/15.1/nios2eds/bin/gnu/h-x86_64-mingw32/bin/../lib/gcc/nios2-elf/4.9.2/../../../../../H-x86_64-mingw32/nios2-elf/lib\libc.a(lib_a-memchr.o)
 .data          0x000000000081e0f8        0x0 c:/software/altera/15.1/nios2eds/bin/gnu/h-x86_64-mingw32/bin/../lib/gcc/nios2-elf/4.9.2/../../../../../H-x86_64-mingw32/nios2-elf/lib\libc.a(lib_a-memmove.o)
 .data          0x000000000081e0f8        0x0 c:/software/altera/15.1/nios2eds/bin/gnu/h-x86_64-mingw32/bin/../lib/gcc/nios2-elf/4.9.2/../../../../../H-x86_64-mingw32/nios2-elf/lib\libc.a(lib_a-mprec.o)
 .data          0x000000000081e0f8        0x0 c:/software/altera/15.1/nios2eds/bin/gnu/h-x86_64-mingw32/bin/../lib/gcc/nios2-elf/4.9.2/../../../../../H-x86_64-mingw32/nios2-elf/lib\libc.a(lib_a-putc.o)
 .data          0x000000000081e0f8        0x0 c:/software/altera/15.1/nios2eds/bin/gnu/h-x86_64-mingw32/bin/../lib/gcc/nios2-elf/4.9.2/../../../../../H-x86_64-mingw32/nios2-elf/lib\libc.a(lib_a-readr.o)
 .data          0x000000000081e0f8        0x0 c:/software/altera/15.1/nios2eds/bin/gnu/h-x86_64-mingw32/bin/../lib/gcc/nios2-elf/4.9.2/../../../../../H-x86_64-mingw32/nios2-elf/lib\libc.a(lib_a-reallocr.o)
 .data          0x000000000081e0f8        0x0 c:/software/altera/15.1/nios2eds/bin/gnu/h-x86_64-mingw32/bin/../lib/gcc/nios2-elf/4.9.2/../../../../../H-x86_64-mingw32/nios2-elf/lib\libc.a(lib_a-s_fpclassify.o)
 .data          0x000000000081e0f8        0x0 c:/software/altera/15.1/nios2eds/bin/gnu/h-x86_64-mingw32/bin/../lib/gcc/nios2-elf/4.9.2/../../../../../H-x86_64-mingw32/nios2-elf/lib\libc.a(lib_a-strcmp.o)
 .data          0x000000000081e0f8        0x0 c:/software/altera/15.1/nios2eds/bin/gnu/h-x86_64-mingw32/bin/../lib/gcc/nios2-elf/4.9.2/../../../../../H-x86_64-mingw32/nios2-elf/lib\libc.a(lib_a-vfiprintf.o)
 .data          0x000000000081e0f8        0x0 c:/software/altera/15.1/nios2eds/bin/gnu/h-x86_64-mingw32/bin/../lib/gcc/nios2-elf/4.9.2/../../../../../H-x86_64-mingw32/nios2-elf/lib\libc.a(lib_a-wbuf.o)
 .data          0x000000000081e0f8        0x0 c:/software/altera/15.1/nios2eds/bin/gnu/h-x86_64-mingw32/bin/../lib/gcc/nios2-elf/4.9.2/../../../../../H-x86_64-mingw32/nios2-elf/lib\libc.a(lib_a-callocr.o)
 .data          0x000000000081e0f8        0x0 c:/software/altera/15.1/nios2eds/bin/gnu/h-x86_64-mingw32/bin/../lib/gcc/nios2-elf/4.9.2/../../../../../H-x86_64-mingw32/nios2-elf/lib\libc.a(lib_a-fputwc.o)
 .data          0x000000000081e0f8        0x0 c:/software/altera/15.1/nios2eds/bin/gnu/h-x86_64-mingw32/bin/../lib/gcc/nios2-elf/4.9.2/../../../../../H-x86_64-mingw32/nios2-elf/lib\libc.a(lib_a-wcrtomb.o)
 .data          0x000000000081e0f8        0x0 c:/software/altera/15.1/nios2eds/bin/gnu/h-x86_64-mingw32/bin/../lib/gcc/nios2-elf/4.9.2/../../../../../H-x86_64-mingw32/nios2-elf/lib\libc.a(lib_a-wctomb_r.o)
 .data          0x000000000081e0f8        0x0 c:/software/altera/15.1/nios2eds/bin/gnu/h-x86_64-mingw32/bin/../lib/gcc/nios2-elf/4.9.2\libgcc.a(_udivdi3.o)
 .data          0x000000000081e0f8        0x0 c:/software/altera/15.1/nios2eds/bin/gnu/h-x86_64-mingw32/bin/../lib/gcc/nios2-elf/4.9.2\libgcc.a(_umoddi3.o)
 .data          0x000000000081e0f8        0x0 c:/software/altera/15.1/nios2eds/bin/gnu/h-x86_64-mingw32/bin/../lib/gcc/nios2-elf/4.9.2\libgcc.a(adddf3.o)
 .data          0x000000000081e0f8        0x0 c:/software/altera/15.1/nios2eds/bin/gnu/h-x86_64-mingw32/bin/../lib/gcc/nios2-elf/4.9.2\libgcc.a(divdf3.o)
 .data          0x000000000081e0f8        0x0 c:/software/altera/15.1/nios2eds/bin/gnu/h-x86_64-mingw32/bin/../lib/gcc/nios2-elf/4.9.2\libgcc.a(eqdf2.o)
 .data          0x000000000081e0f8        0x0 c:/software/altera/15.1/nios2eds/bin/gnu/h-x86_64-mingw32/bin/../lib/gcc/nios2-elf/4.9.2\libgcc.a(gedf2.o)
 .data          0x000000000081e0f8        0x0 c:/software/altera/15.1/nios2eds/bin/gnu/h-x86_64-mingw32/bin/../lib/gcc/nios2-elf/4.9.2\libgcc.a(ledf2.o)
 .data          0x000000000081e0f8        0x0 c:/software/altera/15.1/nios2eds/bin/gnu/h-x86_64-mingw32/bin/../lib/gcc/nios2-elf/4.9.2\libgcc.a(muldf3.o)
 .data          0x000000000081e0f8        0x0 c:/software/altera/15.1/nios2eds/bin/gnu/h-x86_64-mingw32/bin/../lib/gcc/nios2-elf/4.9.2\libgcc.a(subdf3.o)
 .data          0x000000000081e0f8        0x0 c:/software/altera/15.1/nios2eds/bin/gnu/h-x86_64-mingw32/bin/../lib/gcc/nios2-elf/4.9.2\libgcc.a(fixdfsi.o)
 .data          0x000000000081e0f8        0x0 c:/software/altera/15.1/nios2eds/bin/gnu/h-x86_64-mingw32/bin/../lib/gcc/nios2-elf/4.9.2\libgcc.a(floatsidf.o)
 .data          0x000000000081e0f8        0x0 c:/software/altera/15.1/nios2eds/bin/gnu/h-x86_64-mingw32/bin/../lib/gcc/nios2-elf/4.9.2\libgcc.a(floatunsidf.o)
 .data          0x000000000081e0f8        0x0 c:/software/altera/15.1/nios2eds/bin/gnu/h-x86_64-mingw32/bin/../lib/gcc/nios2-elf/4.9.2\libgcc.a(_clz.o)
 .data          0x000000000081e0f8        0x0 c:/software/altera/15.1/nios2eds/bin/gnu/h-x86_64-mingw32/bin/../lib/gcc/nios2-elf/4.9.2\libgcc.a(_clzsi2.o)
 .data          0x000000000081e0f8        0x0 ../AudioPlayer_bsp/\libhal_bsp.a(alt_alarm_start.o)
 .data          0x000000000081e0f8        0x0 ../AudioPlayer_bsp/\libhal_bsp.a(alt_close.o)
 .data          0x000000000081e0f8      0x1a8 ../AudioPlayer_bsp/\libhal_bsp.a(alt_dev.o)
                0x000000000081e0f8                alt_dev_null
                0x000000000081e120                alt_fd_list
 .data          0x000000000081e2a0        0x0 ../AudioPlayer_bsp/\libhal_bsp.a(alt_errno.o)
 .data          0x000000000081e2a0        0x0 ../AudioPlayer_bsp/\libhal_bsp.a(alt_fstat.o)
 .data          0x000000000081e2a0        0x0 ../AudioPlayer_bsp/\libhal_bsp.a(alt_irq_register.o)
 .data          0x000000000081e2a0        0x0 ../AudioPlayer_bsp/\libhal_bsp.a(alt_irq_vars.o)
 .data          0x000000000081e2a0        0x0 ../AudioPlayer_bsp/\libhal_bsp.a(alt_isatty.o)
 .data          0x000000000081e2a0        0x0 ../AudioPlayer_bsp/\libhal_bsp.a(alt_load.o)
 .data          0x000000000081e2a0        0x0 ../AudioPlayer_bsp/\libhal_bsp.a(alt_lseek.o)
 .data          0x000000000081e2a0        0x0 ../AudioPlayer_bsp/\libhal_bsp.a(alt_main.o)
 .data          0x000000000081e2a0        0x0 ../AudioPlayer_bsp/\libhal_bsp.a(alt_malloc_lock.o)
 .data          0x000000000081e2a0        0x0 ../AudioPlayer_bsp/\libhal_bsp.a(alt_open.o)
 .data          0x000000000081e2a0        0x0 ../AudioPlayer_bsp/\libhal_bsp.a(alt_printf.o)
 .data          0x000000000081e2a0        0x0 ../AudioPlayer_bsp/\libhal_bsp.a(alt_putchar.o)
 .data          0x000000000081e2a0        0x0 ../AudioPlayer_bsp/\libhal_bsp.a(alt_read.o)
 .data          0x000000000081e2a0        0x0 ../AudioPlayer_bsp/\libhal_bsp.a(alt_release_fd.o)
 .data          0x000000000081e2a0        0x0 ../AudioPlayer_bsp/\libhal_bsp.a(alt_sbrk.o)
 .data          0x000000000081e2a0        0x0 ../AudioPlayer_bsp/\libhal_bsp.a(alt_tick.o)
 .data          0x000000000081e2a0        0x0 ../AudioPlayer_bsp/\libhal_bsp.a(alt_write.o)
 .data          0x000000000081e2a0     0x12a4 ../AudioPlayer_bsp/\libhal_bsp.a(alt_sys_init.o)
 .data          0x000000000081f544        0x0 ../AudioPlayer_bsp/\libhal_bsp.a(altera_avalon_jtag_uart_fd.o)
 .data          0x000000000081f544        0x0 ../AudioPlayer_bsp/\libhal_bsp.a(altera_avalon_jtag_uart_init.o)
 .data          0x000000000081f544        0x0 ../AudioPlayer_bsp/\libhal_bsp.a(altera_avalon_jtag_uart_ioctl.o)
 .data          0x000000000081f544        0x0 ../AudioPlayer_bsp/\libhal_bsp.a(altera_avalon_jtag_uart_read.o)
 .data          0x000000000081f544        0x0 ../AudioPlayer_bsp/\libhal_bsp.a(altera_avalon_jtag_uart_write.o)
 .data          0x000000000081f544        0x0 ../AudioPlayer_bsp/\libhal_bsp.a(altera_avalon_lcd_16207.o)
 .data          0x000000000081f544        0x0 ../AudioPlayer_bsp/\libhal_bsp.a(altera_avalon_lcd_16207_fd.o)
 .data          0x000000000081f544        0x0 ../AudioPlayer_bsp/\libhal_bsp.a(altera_avalon_timer_sc.o)
 .data          0x000000000081f544        0x0 ../AudioPlayer_bsp/\libhal_bsp.a(altera_avalon_uart_fd.o)
 .data          0x000000000081f544        0x0 ../AudioPlayer_bsp/\libhal_bsp.a(altera_avalon_uart_init.o)