Archive member included to satisfy reference by file (symbol)

c:/software/altera/15.1/nios2eds/bin/gnu/h-x86_64-mingw32/bin/../lib/gcc/nios2-elf/4.9.2\libgcc.a(lib2-divmod.o)
                              obj/default/main.o (__divsi3)
c:/software/altera/15.1/nios2eds/bin/gnu/h-x86_64-mingw32/bin/../lib/gcc/nios2-elf/4.9.2/../../../../../H-x86_64-mingw32/nios2-elf/lib\libc.a(lib_a-fclose.o)
                              obj/default/menu.o (fclose)
c:/software/altera/15.1/nios2eds/bin/gnu/h-x86_64-mingw32/bin/../lib/gcc/nios2-elf/4.9.2/../../../../../H-x86_64-mingw32/nios2-elf/lib\libc.a(lib_a-fflush.o)
                              c:/software/altera/15.1/nios2eds/bin/gnu/h-x86_64-mingw32/bin/../lib/gcc/nios2-elf/4.9.2/../../../../../H-x86_64-mingw32/nios2-elf/lib\libc.a(lib_a-fclose.o) (__sflush_r)
c:/software/altera/15.1/nios2eds/bin/gnu/h-x86_64-mingw32/bin/../lib/gcc/nios2-elf/4.9.2/../../../../../H-x86_64-mingw32/nios2-elf/lib\libc.a(lib_a-findfp.o)
                              c:/software/altera/15.1/nios2eds/bin/gnu/h-x86_64-mingw32/bin/../lib/gcc/nios2-elf/4.9.2/../../../../../H-x86_64-mingw32/nios2-elf/lib\libc.a(lib_a-fclose.o) (__sinit)
c:/software/altera/15.1/nios2eds/bin/gnu/h-x86_64-mingw32/bin/../lib/gcc/nios2-elf/4.9.2/../../../../../H-x86_64-mingw32/nios2-elf/lib\libc.a(lib_a-fopen.o)
                              obj/default/menu.o (fopen)
c:/software/altera/15.1/nios2eds/bin/gnu/h-x86_64-mingw32/bin/../lib/gcc/nios2-elf/4.9.2/../../../../../H-x86_64-mingw32/nios2-elf/lib\libc.a(lib_a-fprintf.o)
                              obj/default/menu.o (fprintf)
c:/software/altera/15.1/nios2eds/bin/gnu/h-x86_64-mingw32/bin/../lib/gcc/nios2-elf/4.9.2/../../../../../H-x86_64-mingw32/nios2-elf/lib\libc.a(lib_a-freer.o)
                              c:/software/altera/15.1/nios2eds/bin/gnu/h-x86_64-mingw32/bin/../lib/gcc/nios2-elf/4.9.2/../../../../../H-x86_64-mingw32/nios2-elf/lib\libc.a(lib_a-fclose.o) (_free_r)
c:/software/altera/15.1/nios2eds/bin/gnu/h-x86_64-mingw32/bin/../lib/gcc/nios2-elf/4.9.2/../../../../../H-x86_64-mingw32/nios2-elf/lib\libc.a(lib_a-fseek.o)
                              c:/software/altera/15.1/nios2eds/bin/gnu/h-x86_64-mingw32/bin/../lib/gcc/nios2-elf/4.9.2/../../../../../H-x86_64-mingw32/nios2-elf/lib\libc.a(lib_a-fopen.o) (_fseek_r)
c:/software/altera/15.1/nios2eds/bin/gnu/h-x86_64-mingw32/bin/../lib/gcc/nios2-elf/4.9.2/../../../../../H-x86_64-mingw32/nios2-elf/lib\libc.a(lib_a-fseeko.o)
                              c:/software/altera/15.1/nios2eds/bin/gnu/h-x86_64-mingw32/bin/../lib/gcc/nios2-elf/4.9.2/../../../../../H-x86_64-mingw32/nios2-elf/lib\libc.a(lib_a-fseek.o) (_fseeko_r)
c:/software/altera/15.1/nios2eds/bin/gnu/h-x86_64-mingw32/bin/../lib/gcc/nios2-elf/4.9.2/../../../../../H-x86_64-mingw32/nios2-elf/lib\libc.a(lib_a-fstatr.o)
                              c:/software/altera/15.1/nios2eds/bin/gnu/h-x86_64-mingw32/bin/../lib/gcc/nios2-elf/4.9.2/../../../../../H-x86_64-mingw32/nios2-elf/lib\libc.a(lib_a-fseeko.o) (_fstat_r)
c:/software/altera/15.1/nios2eds/bin/gnu/h-x86_64-mingw32/bin/../lib/gcc/nios2-elf/4.9.2/../../../../../H-x86_64-mingw32/nios2-elf/lib\libc.a(lib_a-fwalk.o)
                              c:/software/altera/15.1/nios2eds/bin/gnu/h-x86_64-mingw32/bin/../lib/gcc/nios2-elf/4.9.2/../../../../../H-x86_64-mingw32/nios2-elf/lib\libc.a(lib_a-findfp.o) (_fwalk)
c:/software/altera/15.1/nios2eds/bin/gnu/h-x86_64-mingw32/bin/../lib/gcc/nios2-elf/4.9.2/../../../../../H-x86_64-mingw32/nios2-elf/lib\libc.a(lib_a-fwrite.o)
                              obj/default/menu.o (fwrite)
c:/software/altera/15.1/nios2eds/bin/gnu/h-x86_64-mingw32/bin/../lib/gcc/nios2-elf/4.9.2/../../../../../H-x86_64-mingw32/nios2-elf/lib\libc.a(lib_a-getc.o)
                              obj/default/uart_nios2.o (getc)
c:/software/altera/15.1/nios2eds/bin/gnu/h-x86_64-mingw32/bin/../lib/gcc/nios2-elf/4.9.2/../../../../../H-x86_64-mingw32/nios2-elf/lib\libc.a(lib_a-impure.o)
                              c:/software/altera/15.1/nios2eds/bin/gnu/h-x86_64-mingw32/bin/../lib/gcc/nios2-elf/4.9.2/../../../../../H-x86_64-mingw32/nios2-elf/lib\libc.a(lib_a-fflush.o) (_global_impure_ptr)
c:/software/altera/15.1/nios2eds/bin/gnu/h-x86_64-mingw32/bin/../lib/gcc/nios2-elf/4.9.2/../../../../../H-x86_64-mingw32/nios2-elf/lib\libc.a(lib_a-int_errno.o)
                              c:/software/altera/15.1/nios2eds/bin/gnu/h-x86_64-mingw32/bin/../lib/gcc/nios2-elf/4.9.2/../../../../../H-x86_64-mingw32/nios2-elf/lib\libc.a(lib_a-fstatr.o) (errno)
c:/software/altera/15.1/nios2eds/bin/gnu/h-x86_64-mingw32/bin/../lib/gcc/nios2-elf/4.9.2/../../../../../H-x86_64-mingw32/nios2-elf/lib\libc.a(lib_a-makebuf.o)
                              c:/software/altera/15.1/nios2eds/bin/gnu/h-x86_64-mingw32/bin/../lib/gcc/nios2-elf/4.9.2/../../../../../H-x86_64-mingw32/nios2-elf/lib\libc.a(lib_a-fseeko.o) (__smakebuf_r)
[...]
Memory Configuration

Name             Origin             Length             Attributes
reset            0x0000000000800000 0x0000000000000020
sdram_0          0x0000000000800020 0x00000000007fffe0
*default*        0x0000000000000000 0xffffffffffffffff

Linker script and memory map

LOAD ../AudioPlayer_bsp//obj/HAL/src/crt0.o
LOAD obj/default/fatfs.o
LOAD obj/default/fatfs_diskio.o
LOAD obj/default/fatfs_nios2_de0_nano_spi.o
LOAD obj/default/fatfs_nios2_de1_pio.o
LOAD obj/default/fatfs_nios2_de1_spi.o
LOAD obj/default/ff.o
LOAD obj/default/hello_world.o
LOAD obj/default/main.o
LOAD obj/default/menu.o
LOAD obj/default/monitor.o
LOAD obj/default/player.o
LOAD obj/default/uart_nios2.o
LOAD obj/default/utilities.o
LOAD c:/software/altera/15.1/nios2eds/bin/gnu/h-x86_64-mingw32/bin/../lib/gcc/nios2-elf/4.9.2/../../../../../H-x86_64-mingw32/nios2-elf/lib\libstdc++.a
LOAD c:/software/altera/15.1/nios2eds/bin/gnu/h-x86_64-mingw32/bin/../lib/gcc/nios2-elf/4.9.2/../../../../../H-x86_64-mingw32/nios2-elf/lib\libm.a
LOAD c:/software/altera/15.1/nios2eds/bin/gnu/h-x86_64-mingw32/bin/../lib/gcc/nios2-elf/4.9.2\libgcc.a
START GROUP
LOAD c:/software/altera/15.1/nios2eds/bin/gnu/h-x86_64-mingw32/bin/../lib/gcc/nios2-elf/4.9.2/../../../../../H-x86_64-mingw32/nios2-elf/lib\libc.a
LOAD c:/software/altera/15.1/nios2eds/bin/gnu/h-x86_64-mingw32/bin/../lib/gcc/nios2-elf/4.9.2\libgcc.a
LOAD ../AudioPlayer_bsp/\libhal_bsp.a
LOAD c:/software/altera/15.1/nios2eds/bin/gnu/h-x86_64-mingw32/bin/../lib/gcc/nios2-elf/4.9.2/../../../../../H-x86_64-mingw32/nios2-elf/lib\libm.a
END GROUP
LOAD c:/software/altera/15.1/nios2eds/bin/gnu/h-x86_64-mingw32/bin/../lib/gcc/nios2-elf/4.9.2\libgcc.a
                0x0000000000800000                __alt_mem_sdram_0 = 0x800000

.entry          0x0000000000800000       0x20
 *(.entry)
 .entry         0x0000000000800000       0x20 ../AudioPlayer_bsp//obj/HAL/src/crt0.o
                0x0000000000800000                __reset

.exceptions     0x0000000000800020      0x224
                0x0000000000800020                PROVIDE (__ram_exceptions_start, ABSOLUTE (.))
                0x0000000000800020                . = ALIGN (0x20)
 *(.irq)
 *(.exceptions.entry.label)
 .exceptions.entry.label
                0x0000000000800020        0x0 ../AudioPlayer_bsp/\libhal_bsp.a(alt_irq_entry.o)
                0x0000000000800020                alt_irq_entry
 .exceptions.entry.label
                0x0000000000800020        0x0 ../AudioPlayer_bsp/\libhal_bsp.a(alt_exception_entry.o)
                0x0000000000800020                alt_exception
 *(.exceptions.entry.user)
 *(.exceptions.entry.ecc_fatal)
 *(.exceptions.entry)
 .exceptions.entry
                0x0000000000800020       0x54 ../AudioPlayer_bsp/\libhal_bsp.a(alt_exception_entry.o)
 *(.exceptions.irqtest.user)
 *(.exceptions.irqtest)
 .exceptions.irqtest
                0x0000000000800074       0x10 ../AudioPlayer_bsp/\libhal_bsp.a(alt_irq_entry.o)
 *(.exceptions.irqhandler.user)
 *(.exceptions.irqhandler)
 .exceptions.irqhandler
                0x0000000000800084        0x4 ../AudioPlayer_bsp/\libhal_bsp.a(alt_irq_entry.o)
 *(.exceptions.irqreturn.user)
 *(.exceptions.irqreturn)
 .exceptions.irqreturn
                0x0000000000800088        0x4 ../AudioPlayer_bsp/\libhal_bsp.a(alt_irq_entry.o)
 *(.exceptions.notirq.label)
 .exceptions.notirq.label
                0x000000000080008c        0x0 ../AudioPlayer_bsp/\libhal_bsp.a(alt_irq_entry.o)
 *(.exceptions.notirq.user)
 *(.exceptions.notirq)
 .exceptions.notirq
                0x000000000080008c        0x8 ../AudioPlayer_bsp/\libhal_bsp.a(alt_exception_entry.o)
 *(.exceptions.soft.user)
 *(.exceptions.soft)
 *(.exceptions.unknown.user)
 *(.exceptions.unknown)
 .exceptions.unknown
                0x0000000000800094       0x14 ../AudioPlayer_bsp/\libhal_bsp.a(alt_exception_entry.o)
 *(.exceptions.exit.label)
 .exceptions.exit.label
                0x00000000008000a8        0x0 ../AudioPlayer_bsp/\libhal_bsp.a(alt_irq_entry.o)
 .exceptions.exit.label
                0x00000000008000a8        0x0 ../AudioPlayer_bsp/\libhal_bsp.a(alt_exception_entry.o)
 *(.exceptions.exit.user)
 *(.exceptions.exit)
 .exceptions.exit
                0x00000000008000a8       0x54 ../AudioPlayer_bsp/\libhal_bsp.a(alt_exception_entry.o)
 *(.exceptions)
 .exceptions    0x00000000008000fc       0xd4 ../AudioPlayer_bsp/\libhal_bsp.a(alt_irq_handler.o)
                0x00000000008000fc                alt_irq_handler
 .exceptions    0x00000000008001d0       0x74 ../AudioPlayer_bsp/\libhal_bsp.a(alt_instruction_exception_entry.o)
                0x00000000008001d0                alt_instruction_exception_entry
                0x0000000000800244                PROVIDE (__ram_exceptions_end, ABSOLUTE (.))
                0x0000000000800020                PROVIDE (__flash_exceptions_start, LOADADDR (.exceptions))

.text           0x0000000000800244    0x1c404
                0x0000000000800244                PROVIDE (stext, ABSOLUTE (.))
 *(.interp)
 *(.hash)
 *(.dynsym)
 *(.dynstr)
 *(.gnu.version)
 *(.gnu.version_d)
 *(.gnu.version_r)
 *(.rel.init)
 *(.rela.init)
 *(.rel.text .rel.text.* .rel.gnu.linkonce.t.*)
 *(.rela.text .rela.text.* .rela.gnu.linkonce.t.*)
 *(.rel.fini)
 *(.rela.fini)
 *(.rel.rodata .rel.rodata.* .rel.gnu.linkonce.r.*)
 *(.rela.rodata .rela.rodata.* .rela.gnu.linkonce.r.*)
 *(.rel.data .rel.data.* .rel.gnu.linkonce.d.*)
 *(.rela.data .rela.data.* .rela.gnu.linkonce.d.*)
 *(.rel.tdata .rel.tdata.* .rel.gnu.linkonce.td.*)
 *(.rela.tdata .rela.tdata.* .rela.gnu.linkonce.td.*)
 *(.rel.tbss .rel.tbss.* .rel.gnu.linkonce.tb.*)
 *(.rela.tbss .rela.tbss.* .rela.gnu.linkonce.tb.*)
 *(.rel.ctors)
 *(.rela.ctors)
 *(.rel.dtors)
 *(.rela.dtors)
 *(.rel.got)
 *(.rela.got)
 *(.rel.sdata .rel.sdata.* .rel.gnu.linkonce.s.*)
 *(.rela.sdata .rela.sdata.* .rela.gnu.linkonce.s.*)
 *(.rel.sbss .rel.sbss.* .rel.gnu.linkonce.sb.*)
 *(.rela.sbss .rela.sbss.* .rela.gnu.linkonce.sb.*)
 *(.rel.sdata2 .rel.sdata2.* .rel.gnu.linkonce.s2.*)
 *(.rela.sdata2 .rela.sdata2.* .rela.gnu.linkonce.s2.*)
 *(.rel.sbss2 .rel.sbss2.* .rel.gnu.linkonce.sb2.*)
 *(.rela.sbss2 .rela.sbss2.* .rela.gnu.linkonce.sb2.*)
 *(.rel.bss .rel.bss.* .rel.gnu.linkonce.b.*)
 *(.rela.bss .rela.bss.* .rela.gnu.linkonce.b.*)
 *(.rel.plt)
 *(.rela.plt)
 *(.rel.dyn)
 *(.init)
 *(.plt)
 *(.text .stub .text.* .gnu.linkonce.t.*)
 .text          0x0000000000800244       0x4c ../AudioPlayer_bsp//obj/HAL/src/crt0.o
                0x0000000000800244                _start
 .text          0x0000000000800290       0x24 obj/default/fatfs.o
                0x0000000000800290                ffs_Init
 .text          0x00000000008002b4     0x1294 obj/default/fatfs_diskio.o
                0x0000000000800a34                ffs_DiskIOInit
                0x0000000000800a60                ffs_DiskIOTimerproc
                0x0000000000800b68                ffs_DiskIOInitialize
                0x0000000000800dc4                ffs_DiskIOStatus
                0x0000000000800dec                ffs_DiskIORead
                0x0000000000800f08                ffs_DiskIOWrite
                0x0000000000801074                ffs_DiskIOIoctl
                0x000000000080151c                get_fattime
 .text          0x0000000000801548        0x0 obj/default/fatfs_nios2_de0_nano_spi.o
 .text          0x0000000000801548        0x0 obj/default/fatfs_nios2_de1_pio.o
 .text          0x0000000000801548        0x0 obj/default/fatfs_nios2_de1_spi.o
 .text          0x0000000000801548     0x6aac obj/default/ff.o
                0x0000000000801a8c                clust2sect
                0x0000000000801af8                get_fat
                0x0000000000801d7c                put_fat
                0x0000000000803e8c                f_mount
                0x0000000000803f20                f_open
                0x00000000008043a4                f_read
                0x0000000000804888                f_write
                0x0000000000804e04                f_sync
                0x000000000080508c                f_close
                0x00000000008050d4                f_lseek
                0x00000000008055c0                f_opendir
                0x0000000000805730                f_readdir
                0x0000000000805814                f_stat
                0x00000000008058b4                f_getfree
                0x0000000000805ba0                f_truncate
                0x0000000000805d88                f_unlink
                0x0000000000805fa0                f_mkdir
                0x00000000008063e0                f_chmod
                0x00000000008064e4                f_utime
                0x00000000008065f8                f_rename
                0x000000000080690c                f_mkfs
                0x00000000008077c8                f_gets
                0x0000000000807898                f_putc
                0x000000000080790c                f_puts
                0x00000000008079a4                f_printf
 .text          0x0000000000807ff4      0x190 obj/default/hello_world.o
                0x0000000000808140                main
 .text          0x0000000000808184     0x19dc obj/default/main.o
                0x0000000000808450                notmain
 .text          0x0000000000809b60      0x414 obj/default/menu.o
                0x0000000000809d4c                loadDirectory
                0x0000000000809e64                initializeDisk
                0x0000000000809ec8                menu
 .text          0x0000000000809f74      0x978 obj/default/monitor.o
                0x0000000000809f74                xatoi
                0x000000000080a1f8                xputc
                0x000000000080a248                xputs
                0x000000000080a2b0                xitoa
                0x000000000080a468                xprintf
                0x000000000080a714                put_dump
                0x000000000080a830                get_line
 .text          0x000000000080a8ec       0x8c obj/default/player.o
                0x000000000080a8ec                setupPlayer
                0x000000000080a908                playSong
                0x000000000080a92c                exitPlayer
                0x000000000080a948                play
 .text          0x000000000080a978       0xb0 obj/default/uart_nios2.o
                0x000000000080a978                uart0_init
                0x000000000080a998                uart0_put
                0x000000000080a9d0                uart0_get
 .text          0x000000000080aa28       0xa4 obj/default/utilities.o
                0x000000000080aa28                putRc
 .text          0x000000000080aacc      0x12c c:/software/altera/15.1/nios2eds/bin/gnu/h-x86_64-mingw32/bin/../lib/gcc/nios2-elf/4.9.2\libgcc.a(lib2-divmod.o)
                0x000000000080ab38                __divsi3
                0x000000000080ab8c                __modsi3
                0x000000000080abe8                __udivsi3
                0x000000000080abf0                __umodsi3
 .text          0x000000000080abf8        0x0 c:/software/altera/15.1/nios2eds/bin/gnu/h-x86_64-mingw32/bin/../lib/gcc/nios2-elf/4.9.2/../../../../../H-x86_64-mingw32/nios2-elf/lib\libc.a(lib_a-fclose.o)
 .text._fclose_r
                0x000000000080abf8       0xf0 c:/software/altera/15.1/nios2eds/bin/gnu/h-x86_64-mingw32/bin/../lib/gcc/nios2-elf/4.9.2/../../../../../H-x86_64-mingw32/nios2-elf/lib\libc.a(lib_a-fclose.o)
                0x000000000080abf8                _fclose_r
 .text.fclose   0x000000000080ace8       0x14 c:/software/altera/15.1/nios2eds/bin/gnu/h-x86_64-mingw32/bin/../lib/gcc/nios2-elf/4.9.2/../../../../../H-x86_64-mingw32/nios2-elf/lib\libc.a(lib_a-fclose.o)
                0x000000000080ace8                fclose
 .text          0x000000000080acfc        0x0 c:/software/altera/15.1/nios2eds/bin/gnu/h-x86_64-mingw32/bin/../lib/gcc/nios2-elf/4.9.2/../../../../../H-x86_64-mingw32/nios2-elf/lib\libc.a(lib_a-fflush.o)
 .text.__sflush_r
                0x000000000080acfc      0x208 c:/software/altera/15.1/nios2eds/bin/gnu/h-x86_64-mingw32/bin/../lib/gcc/nios2-elf/4.9.2/../../../../../H-x86_64-mingw32/nios2-elf/lib\libc.a(lib_a-fflush.o)
                0x000000000080acfc                __sflush_r
 .text._fflush_r
                0x000000000080af04       0x5c c:/software/altera/15.1/nios2eds/bin/gnu/h-x86_64-mingw32/bin/../lib/gcc/nios2-elf/4.9.2/../../../../../H-x86_64-mingw32/nios2-elf/lib\libc.a(lib_a-fflush.o)
                0x000000000080af04                _fflush_r
 .text.fflush   0x000000000080af60       0x30 c:/software/altera/15.1/nios2eds/bin/gnu/h-x86_64-mingw32/bin/../lib/gcc/nios2-elf/4.9.2/../../../../../H-x86_64-mingw32/nios2-elf/lib\libc.a(lib_a-fflush.o)
                0x000000000080af60                fflush
 .text          0x000000000080af90        0x0 c:/software/altera/15.1/nios2eds/bin/gnu/h-x86_64-mingw32/bin/../lib/gcc/nios2-elf/4.9.2/../../../../../H-x86_64-mingw32/nios2-elf/lib\libc.a(lib_a-findfp.o)
 .text.__fp_lock
                0x000000000080af90        0x8 c:/software/altera/15.1/nios2eds/bin/gnu/h-x86_64-mingw32/bin/../lib/gcc/nios2-elf/4.9.2/../../../../../H-x86_64-mingw32/nios2-elf/lib\libc.a(lib_a-findfp.o)
 .text.__fp_unlock
                0x000000000080af98        0x8 c:/software/altera/15.1/nios2eds/bin/gnu/h-x86_64-mingw32/bin/../lib/gcc/nios2-elf/4.9.2/../../../../../H-x86_64-mingw32/nios2-elf/lib\libc.a(lib_a-findfp.o)
 .text._cleanup_r
                0x000000000080afa0        0xc c:/software/altera/15.1/nios2eds/bin/gnu/h-x86_64-mingw32/bin/../lib/gcc/nios2-elf/4.9.2/../../../../../H-x86_64-mingw32/nios2-elf/lib\libc.a(lib_a-findfp.o)
                0x000000000080afa0                _cleanup_r
 .text.__sinit.part.1
                0x000000000080afac      0x19c c:/software/altera/15.1/nios2eds/bin/gnu/h-x86_64-mingw32/bin/../lib/gcc/nios2-elf/4.9.2/../../../../../H-x86_64-mingw32/nios2-elf/lib\libc.a(lib_a-findfp.o)
 .text.__sfmoreglue
                0x000000000080b148       0x68 c:/software/altera/15.1/nios2eds/bin/gnu/h-x86_64-mingw32/bin/../lib/gcc/nios2-elf/4.9.2/../../../../../H-x86_64-mingw32/nios2-elf/lib\libc.a(lib_a-findfp.o)
                0x000000000080b148                __sfmoreglue
 .text.__sfp    0x000000000080b1b0      0x118 c:/software/altera/15.1/nios2eds/bin/gnu/h-x86_64-mingw32/bin/../lib/gcc/nios2-elf/4.9.2/../../../../../H-x86_64-mingw32/nios2-elf/lib\libc.a(lib_a-findfp.o)
                0x000000000080b1b0                __sfp
 .text._cleanup
                0x000000000080b2c8       0x18 c:/software/altera/15.1/nios2eds/bin/gnu/h-x86_64-mingw32/bin/../lib/gcc/nios2-elf/4.9.2/../../../../../H-x86_64-mingw32/nios2-elf/lib\libc.a(lib_a-findfp.o)
                0x000000000080b2c8                _cleanup
 .text.__sinit  0x000000000080b2e0       0x10 c:/software/altera/15.1/nios2eds/bin/gnu/h-x86_64-mingw32/bin/../lib/gcc/nios2-elf/4.9.2/../../../../../H-x86_64-mingw32/nios2-elf/lib\libc.a(lib_a-findfp.o)
                0x000000000080b2e0                __sinit
 .text.__sfp_lock_acquire
                0x000000000080b2f0        0x4 c:/software/altera/15.1/nios2eds/bin/gnu/h-x86_64-mingw32/bin/../lib/gcc/nios2-elf/4.9.2/../../../../../H-x86_64-mingw32/nios2-elf/lib\libc.a(lib_a-findfp.o)
                0x000000000080b2f0                __sfp_lock_acquire
 .text.__sfp_lock_release
                0x000000000080b2f4        0x4 c:/software/altera/15.1/nios2eds/bin/gnu/h-x86_64-mingw32/bin/../lib/gcc/nios2-elf/4.9.2/../../../../../H-x86_64-mingw32/nios2-elf/lib\libc.a(lib_a-findfp.o)
                0x000000000080b2f4                __sfp_lock_release
 .text.__sinit_lock_acquire
                0x000000000080b2f8        0x4 c:/software/altera/15.1/nios2eds/bin/gnu/h-x86_64-mingw32/bin/../lib/gcc/nios2-elf/4.9.2/../../../../../H-x86_64-mingw32/nios2-elf/lib\libc.a(lib_a-findfp.o)
                0x000000000080b2f8                __sinit_lock_acquire
 .text.__sinit_lock_release
                0x000000000080b2fc        0x4 c:/software/altera/15.1/nios2eds/bin/gnu/h-x86_64-mingw32/bin/../lib/gcc/nios2-elf/4.9.2/../../../../../H-x86_64-mingw32/nios2-elf/lib\libc.a(lib_a-findfp.o)
                0x000000000080b2fc                __sinit_lock_release
 .text.__fp_lock_all
                0x000000000080b300       0x18 c:/software/altera/15.1/nios2eds/bin/gnu/h-x86_64-mingw32/bin/../lib/gcc/nios2-elf/4.9.2/../../../../../H-x86_64-mingw32/nios2-elf/lib\libc.a(lib_a-findfp.o)
                0x000000000080b300                __fp_lock_all
 .text.__fp_unlock_all
                0x000000000080b318       0x18 c:/software/altera/15.1/nios2eds/bin/gnu/h-x86_64-mingw32/bin/../lib/gcc/nios2-elf/4.9.2/../../../../../H-x86_64-mingw32/nios2-elf/lib\libc.a(lib_a-findfp.o)
                0x000000000080b318                __fp_unlock_all
 .text          0x000000000080b330        0x0 c:/software/altera/15.1/nios2eds/bin/gnu/h-x86_64-mingw32/bin/../lib/gcc/nios2-elf/4.9.2/../../../../../H-x86_64-mingw32/nios2-elf/lib\libc.a(lib_a-fopen.o)
 .text._fopen_r
                0x000000000080b330       0xf0 c:/software/altera/15.1/nios2eds/bin/gnu/h-x86_64-mingw32/bin/../lib/gcc/nios2-elf/4.9.2/../../../../../H-x86_64-mingw32/nios2-elf/lib\libc.a(lib_a-fopen.o)
                0x000000000080b330                _fopen_r
 .text.fopen    0x000000000080b420       0x1c c:/software/altera/15.1/nios2eds/bin/gnu/h-x86_64-mingw32/bin/../lib/gcc/nios2-elf/4.9.2/../../../../../H-x86_64-mingw32/nios2-elf/lib\libc.a(lib_a-fopen.o)
                0x000000000080b420                fopen
 .text          0x000000000080b43c        0x0 c:/software/altera/15.1/nios2eds/bin/gnu/h-x86_64-mingw32/bin/../lib/gcc/nios2-elf/4.9.2/../../../../../H-x86_64-mingw32/nios2-elf/lib\libc.a(lib_a-fprintf.o)
 .text._fprintf_r
                0x000000000080b43c       0x28 c:/software/altera/15.1/nios2eds/bin/gnu/h-x86_64-mingw32/bin/../lib/gcc/nios2-elf/4.9.2/../../../../../H-x86_64-mingw32/nios2-elf/lib\libc.a(lib_a-fprintf.o)
                0x000000000080b43c                _fprintf_r
 .text.fprintf  0x000000000080b464       0x24 c:/software/altera/15.1/nios2eds/bin/gnu/h-x86_64-mingw32/bin/../lib/gcc/nios2-elf/4.9.2/../../../../../H-x86_64-mingw32/nios2-elf/lib\libc.a(lib_a-fprintf.o)
                0x000000000080b464                fprintf
 .text          0x000000000080b488        0x0 c:/software/altera/15.1/nios2eds/bin/gnu/h-x86_64-mingw32/bin/../lib/gcc/nios2-elf/4.9.2/../../../../../H-x86_64-mingw32/nios2-elf/lib\libc.a(lib_a-freer.o)
 .text._malloc_trim_r
                0x000000000080b488      0x124 c:/software/altera/15.1/nios2eds/bin/gnu/h-x86_64-mingw32/bin/../lib/gcc/nios2-elf/4.9.2/../../../../../H-x86_64-mingw32/nios2-elf/lib\libc.a(lib_a-freer.o)
                0x000000000080b488                _malloc_trim_r
 .text._free_r  0x000000000080b5ac      0x2f0 c:/software/altera/15.1/nios2eds/bin/gnu/h-x86_64-mingw32/bin/../lib/gcc/nios2-elf/4.9.2/../../../../../H-x86_64-mingw32/nios2-elf/lib\libc.a(lib_a-freer.o)
                0x000000000080b5ac                _free_r
 .text          0x000000000080b89c        0x0 c:/software/altera/15.1/nios2eds/bin/gnu/h-x86_64-mingw32/bin/../lib/gcc/nios2-elf/4.9.2/../../../../../H-x86_64-mingw32/nios2-elf/lib\libc.a(lib_a-fseek.o)
 .text._fseek_r
                0x000000000080b89c        0x4 c:/software/altera/15.1/nios2eds/bin/gnu/h-x86_64-mingw32/bin/../lib/gcc/nios2-elf/4.9.2/../../../../../H-x86_64-mingw32/nios2-elf/lib\libc.a(lib_a-fseek.o)
                0x000000000080b89c                _fseek_r
 .text.fseek    0x000000000080b8a0       0x24 c:/software/altera/15.1/nios2eds/bin/gnu/h-x86_64-mingw32/bin/../lib/gcc/nios2-elf/4.9.2/../../../../../H-x86_64-mingw32/nios2-elf/lib\libc.a(lib_a-fseek.o)
                0x000000000080b8a0                fseek
 .text          0x000000000080b8c4        0x0 c:/software/altera/15.1/nios2eds/bin/gnu/h-x86_64-mingw32/bin/../lib/gcc/nios2-elf/4.9.2/../../../../../H-x86_64-mingw32/nios2-elf/lib\libc.a(lib_a-fseeko.o)
 .text._fseeko_r
                0x000000000080b8c4      0x444 c:/software/altera/15.1/nios2eds/bin/gnu/h-x86_64-mingw32/bin/../lib/gcc/nios2-elf/4.9.2/../../../../../H-x86_64-mingw32/nios2-elf/lib\libc.a(lib_a-fseeko.o)
                0x000000000080b8c4                _fseeko_r
 .text.fseeko   0x000000000080bd08       0x24 c:/software/altera/15.1/nios2eds/bin/gnu/h-x86_64-mingw32/bin/../lib/gcc/nios2-elf/4.9.2/../../../../../H-x86_64-mingw32/nios2-elf/lib\libc.a(lib_a-fseeko.o)
                0x000000000080bd08                fseeko
 .text          0x000000000080bd2c        0x0 c:/software/altera/15.1/nios2eds/bin/gnu/h-x86_64-mingw32/bin/../lib/gcc/nios2-elf/4.9.2/../../../../../H-x86_64-mingw32/nios2-elf/lib\libc.a(lib_a-fstatr.o)
 .text._fstat_r
                0x000000000080bd2c       0x58 c:/software/altera/15.1/nios2eds/bin/gnu/h-x86_64-mingw32/bin/../lib/gcc/nios2-elf/4.9.2/../../../../../H-x86_64-mingw32/nios2-elf/lib\libc.a(lib_a-fstatr.o)
                0x000000000080bd2c                _fstat_r
 .text          0x000000000080bd84        0x0 c:/software/altera/15.1/nios2eds/bin/gnu/h-x86_64-mingw32/bin/../lib/gcc/nios2-elf/4.9.2/../../../../../H-x86_64-mingw32/nios2-elf/lib\libc.a(lib_a-fwalk.o)
 .text._fwalk   0x000000000080bd84       0xc4 c:/software/altera/15.1/nios2eds/bin/gnu/h-x86_64-mingw32/bin/../lib/gcc/nios2-elf/4.9.2/../../../../../H-x86_64-mingw32/nios2-elf/lib\libc.a(lib_a-fwalk.o)
                0x000000000080bd84                _fwalk
 .text._fwalk_reent
                0x000000000080be48       0xc4 c:/software/altera/15.1/nios2eds/bin/gnu/h-x86_64-mingw32/bin/../lib/gcc/nios2-elf/4.9.2/../../../../../H-x86_64-mingw32/nios2-elf/lib\libc.a(lib_a-fwalk.o)
                0x000000000080be48                _fwalk_reent
 .text          0x000000000080bf0c        0x0 c:/software/altera/15.1/nios2eds/bin/gnu/h-x86_64-mingw32/bin/../lib/gcc/nios2-elf/4.9.2/../../../../../H-x86_64-mingw32/nios2-elf/lib\libc.a(lib_a-fwrite.o)
 .text._fwrite_r
                0x000000000080bf0c       0xcc c:/software/altera/15.1/nios2eds/bin/gnu/h-x86_64-mingw32/bin/../lib/gcc/nios2-elf/4.9.2/../../../../../H-x86_64-mingw32/nios2-elf/lib\libc.a(lib_a-fwrite.o)
                0x000000000080bf0c                _fwrite_r
 .text.fwrite   0x000000000080bfd8       0x40 c:/software/altera/15.1/nios2eds/bin/gnu/h-x86_64-mingw32/bin/../lib/gcc/nios2-elf/4.9.2/../../../../../H-x86_64-mingw32/nios2-elf/lib\libc.a(lib_a-fwrite.o)
                0x000000000080bfd8                fwrite
 .text          0x000000000080c018        0x0 c:/software/altera/15.1/nios2eds/bin/gnu/h-x86_64-mingw32/bin/../lib/gcc/nios2-elf/4.9.2/../../../../../H-x86_64-mingw32/nios2-elf/lib\libc.a(lib_a-getc.o)
 .text._getc_r  0x000000000080c018       0x70 c:/software/altera/15.1/nios2eds/bin/gnu/h-x86_64-mingw32/bin/../lib/gcc/nios2-elf/4.9.2/../../../../../H-x86_64-mingw32/nios2-elf/lib\libc.a(lib_a-getc.o)
                0x000000000080c018                _getc_r
 .text.getc     0x000000000080c088       0x88 c:/software/altera/15.1/nios2eds/bin/gnu/h-x86_64-mingw32/bin/../lib/gcc/nios2-elf/4.9.2/../../../../../H-x86_64-mingw32/nios2-elf/lib\libc.a(lib_a-getc.o)
                0x000000000080c088                getc
 .text          0x000000000080c110        0x0 c:/software/altera/15.1/nios2eds/bin/gnu/h-x86_64-mingw32/bin/../lib/gcc/nios2-elf/4.9.2/../../../../../H-x86_64-mingw32/nios2-elf/lib\libc.a(lib_a-impure.o)
 .text          0x000000000080c110        0x0 c:/software/altera/15.1/nios2eds/bin/gnu/h-x86_64-mingw32/bin/../lib/gcc/nios2-elf/4.9.2/../../../../../H-x86_64-mingw32/nios2-elf/lib\libc.a(lib_a-int_errno.o)
 .text          0x000000000080c110        0x0 c:/software/altera/15.1/nios2eds/bin/gnu/h-x86_64-mingw32/bin/../lib/gcc/nios2-elf/4.9.2/../../../../../H-x86_64-mingw32/nios2-elf/lib\libc.a(lib_a-makebuf.o)
 .text.__smakebuf_r
                0x000000000080c110      0x1b8 c:/software/altera/15.1/nios2eds/bin/gnu/h-x86_64-mingw32/bin/../lib/gcc/nios2-elf/4.9.2/../../../../../H-x86_64-mingw32/nios2-elf/lib\libc.a(lib_a-makebuf.o)
                0x000000000080c110                __smakebuf_r
 .text          0x000000000080c2c8        0x0 c:/software/altera/15.1/nios2eds/bin/gnu/h-x86_64-mingw32/bin/../lib/gcc/nios2-elf/4.9.2/../../../../../H-x86_64-mingw32/nios2-elf/lib\libc.a(lib_a-mallocr.o)
 .text._malloc_r
                0x000000000080c2c8      0x7a8 c:/software/altera/15.1/nios2eds/bin/gnu/h-x86_64-mingw32/bin/../lib/gcc/nios2-elf/4.9.2/../../../../../H-x86_64-mingw32/nios2-elf/lib\libc.a(lib_a-mallocr.o)
                0x000000000080c2c8                _malloc_r
 .text          0x000000000080ca70        0x0 c:/software/altera/15.1/nios2eds/bin/gnu/h-x86_64-mingw32/bin/../lib/gcc/nios2-elf/4.9.2/../../../../../H-x86_64-mingw32/nios2-elf/lib\libc.a(lib_a-memcpy.o)
 .text.memcpy   0x000000000080ca70      0x138 c:/software/altera/15.1/nios2eds/bin/gnu/h-x86_64-mingw32/bin/../lib/gcc/nios2-elf/4.9.2/../../../../../H-x86_64-mingw32/nios2-elf/lib\libc.a(lib_a-memcpy.o)
                0x000000000080ca70                memcpy
 .text          0x000000000080cba8        0x0 c:/software/altera/15.1/nios2eds/bin/gnu/h-x86_64-mingw32/bin/../lib/gcc/nios2-elf/4.9.2/../../../../../H-x86_64-mingw32/nios2-elf/lib\libc.a(lib_a-memset.o)
 .text.memset   0x000000000080cba8      0x124 c:/software/altera/15.1/nios2eds/bin/gnu/h-x86_64-mingw32/bin/../lib/gcc/nios2-elf/4.9.2/../../../../../H-x86_64-mingw32/nios2-elf/lib\libc.a(lib_a-memset.o)
                0x000000000080cba8                memset
 .text          0x000000000080cccc        0x0 c:/software/altera/15.1/nios2eds/bin/gnu/h-x86_64-mingw32/bin/../lib/gcc/nios2-elf/4.9.2/../../../../../H-x86_64-mingw32/nios2-elf/lib\libc.a(lib_a-openr.o)
 .text._open_r  0x000000000080cccc       0x5c c:/software/altera/15.1/nios2eds/bin/gnu/h-x86_64-mingw32/bin/../lib/gcc/nios2-elf/4.9.2/../../../../../H-x86_64-mingw32/nios2-elf/lib\libc.a(lib_a-openr.o)
                0x000000000080cccc                _open_r
 .text          0x000000000080cd28        0x0 c:/software/altera/15.1/nios2eds/bin/gnu/h-x86_64-mingw32/bin/../lib/gcc/nios2-elf/4.9.2/../../../../../H-x86_64-mingw32/nios2-elf/lib\libc.a(lib_a-putchar.o)
 .text._putchar_r
                0x000000000080cd28        0x8 c:/software/altera/15.1/nios2eds/bin/gnu/h-x86_64-mingw32/bin/../lib/gcc/nios2-elf/4.9.2/../../../../../H-x86_64-mingw32/nios2-elf/lib\libc.a(lib_a-putchar.o)
                0x000000000080cd28                _putchar_r
 .text.putchar  0x000000000080cd30       0x18 c:/software/altera/15.1/nios2eds/bin/gnu/h-x86_64-mingw32/bin/../lib/gcc/nios2-elf/4.9.2/../../../../../H-x86_64-mingw32/nios2-elf/lib\libc.a(lib_a-putchar.o)
                0x000000000080cd30                putchar
 .text          0x000000000080cd48        0x0 c:/software/altera/15.1/nios2eds/bin/gnu/h-x86_64-mingw32/bin/../lib/gcc/nios2-elf/4.9.2/../../../../../H-x86_64-mingw32/nios2-elf/lib\libc.a(lib_a-refill.o)
 .text.lflush   0x000000000080cd48       0x1c c:/software/altera/15.1/nios2eds/bin/gnu/h-x86_64-mingw32/bin/../lib/gcc/nios2-elf/4.9.2/../../../../../H-x86_64-mingw32/nios2-elf/lib\libc.a(lib_a-refill.o)
 .text.__srefill_r
                0x000000000080cd64      0x1d4 c:/software/altera/15.1/nios2eds/bin/gnu/h-x86_64-mingw32/bin/../lib/gcc/nios2-elf/4.9.2/../../../../../H-x86_64-mingw32/nios2-elf/lib\libc.a(lib_a-refill.o)
                0x000000000080cd64                __srefill_r
 .text          0x000000000080cf38        0x0 c:/software/altera/15.1/nios2eds/bin/gnu/h-x86_64-mingw32/bin/../lib/gcc/nios2-elf/4.9.2/../../../../../H-x86_64-mingw32/nios2-elf/lib\libc.a(lib_a-rget.o)
 .text.__srget_r
                0x000000000080cf38       0x74 c:/software/altera/15.1/nios2eds/bin/gnu/h-x86_64-mingw32/bin/../lib/gcc/nios2-elf/4.9.2/../../../../../H-x86_64-mingw32/nios2-elf/lib\libc.a(lib_a-rget.o)
                0x000000000080cf38                __srget_r
 .text.__srget  0x000000000080cfac       0x14 c:/software/altera/15.1/nios2eds/bin/gnu/h-x86_64-mingw32/bin/../lib/gcc/nios2-elf/4.9.2/../../../../../H-x86_64-mingw32/nios2-elf/lib\libc.a(lib_a-rget.o)
                0x000000000080cfac                __srget
 .text          0x000000000080cfc0        0x0 c:/software/altera/15.1/nios2eds/bin/gnu/h-x86_64-mingw32/bin/../lib/gcc/nios2-elf/4.9.2/../../../../../H-x86_64-mingw32/nios2-elf/lib\libc.a(lib_a-sbrkr.o)
 .text._sbrk_r  0x000000000080cfc0       0x54 c:/software/altera/15.1/nios2eds/bin/gnu/h-x86_64-mingw32/bin/../lib/gcc/nios2-elf/4.9.2/../../../../../H-x86_64-mingw32/nios2-elf/lib\libc.a(lib_a-sbrkr.o)
                0x000000000080cfc0                _sbrk_r
 .text          0x000000000080d014        0x0 c:/software/altera/15.1/nios2eds/bin/gnu/h-x86_64-mingw32/bin/../lib/gcc/nios2-elf/4.9.2/../../../../../H-x86_64-mingw32/nios2-elf/lib\libc.a(lib_a-stdio.o)
 .text.__sread  0x000000000080d014       0x54 c:/software/altera/15.1/nios2eds/bin/gnu/h-x86_64-mingw32/bin/../lib/gcc/nios2-elf/4.9.2/../../../../../H-x86_64-mingw32/nios2-elf/lib\libc.a(lib_a-stdio.o)
                0x000000000080d014                __sread
 .text.__seofread
                0x000000000080d068        0x8 c:/software/altera/15.1/nios2eds/bin/gnu/h-x86_64-mingw32/bin/../lib/gcc/nios2-elf/4.9.2/../../../../../H-x86_64-mingw32/nios2-elf/lib\libc.a(lib_a-stdio.o)
                0x000000000080d068                __seofread
 .text.__swrite
                0x000000000080d070       0x7c c:/software/altera/15.1/nios2eds/bin/gnu/h-x86_64-mingw32/bin/../lib/gcc/nios2-elf/4.9.2/../../../../../H-x86_64-mingw32/nios2-elf/lib\libc.a(lib_a-stdio.o)
                0x000000000080d070                __swrite
 .text.__sseek  0x000000000080d0ec       0x5c c:/software/altera/15.1/nios2eds/bin/gnu/h-x86_64-mingw32/bin/../lib/gcc/nios2-elf/4.9.2/../../../../../H-x86_64-mingw32/nios2-elf/lib\libc.a(lib_a-stdio.o)
                0x000000000080d0ec                __sseek
 .text.__sclose
                0x000000000080d148        0x8 c:/software/altera/15.1/nios2eds/bin/gnu/h-x86_64-mingw32/bin/../lib/gcc/nios2-elf/4.9.2/../../../../../H-x86_64-mingw32/nios2-elf/lib\libc.a(lib_a-stdio.o)
                0x000000000080d148                __sclose
 .text          0x000000000080d150        0x0 c:/software/altera/15.1/nios2eds/bin/gnu/h-x86_64-mingw32/bin/../lib/gcc/nios2-elf/4.9.2/../../../../../H-x86_64-mingw32/nios2-elf/lib\libc.a(lib_a-strcpy.o)
 .text.strcpy   0x000000000080d150       0x90 c:/software/altera/15.1/nios2eds/bin/gnu/h-x86_64-mingw32/bin/../lib/gcc/nios2-elf/4.9.2/../../../../../H-x86_64-mingw32/nios2-elf/lib\libc.a(lib_a-strcpy.o)
                0x000000000080d150                strcpy
 .text          0x000000000080d1e0        0x0 c:/software/altera/15.1/nios2eds/bin/gnu/h-x86_64-mingw32/bin/../lib/gcc/nios2-elf/4.9.2/../../../../../H-x86_64-mingw32/nios2-elf/lib\libc.a(lib_a-strlen.o)
 .text.strlen   0x000000000080d1e0       0x98 c:/software/altera/15.1/nios2eds/bin/gnu/h-x86_64-mingw32/bin/../lib/gcc/nios2-elf/4.9.2/../../../../../H-x86_64-mingw32/nios2-elf/lib\libc.a(lib_a-strlen.o)
                0x000000000080d1e0                strlen
 .text          0x000000000080d278        0x0 c:/software/altera/15.1/nios2eds/bin/gnu/h-x86_64-mingw32/bin/../lib/gcc/nios2-elf/4.9.2/../../../../../H-x86_64-mingw32/nios2-elf/lib\libc.a(lib_a-strncasecmp.o)
 .text.strncasecmp
                0x000000000080d278       0x7c c:/software/altera/15.1/nios2eds/bin/gnu/h-x86_64-mingw32/bin/../lib/gcc/nios2-elf/4.9.2/../../../../../H-x86_64-mingw32/nios2-elf/lib\libc.a(lib_a-strncasecmp.o)
                0x000000000080d278                strncasecmp
 .text          0x000000000080d2f4        0x0 c:/software/altera/15.1/nios2eds/bin/gnu/h-x86_64-mingw32/bin/../lib/gcc/nios2-elf/4.9.2/../../../../../H-x86_64-mingw32/nios2-elf/lib\libc.a(lib_a-vfprintf.o)
 .text.___vfprintf_internal_r
                0x000000000080d2f4     0x1f50 c:/software/altera/15.1/nios2eds/bin/gnu/h-x86_64-mingw32/bin/../lib/gcc/nios2-elf/4.9.2/../../../../../H-x86_64-mingw32/nios2-elf/lib\libc.a(lib_a-vfprintf.o)
                0x000000000080d2f4                ___vfprintf_internal_r
 .text.__vfprintf_internal
                0x000000000080f244       0x24 c:/software/altera/15.1/nios2eds/bin/gnu/h-x86_64-mingw32/bin/../lib/gcc/nios2-elf/4.9.2/../../../../../H-x86_64-mingw32/nios2-elf/lib\libc.a(lib_a-vfprintf.o)
                0x000000000080f244                __vfprintf_internal
 .text.__sbprintf
                0x000000000080f268       0xbc c:/software/altera/15.1/nios2eds/bin/gnu/h-x86_64-mingw32/bin/../lib/gcc/nios2-elf/4.9.2/../../../../../H-x86_64-mingw32/nios2-elf/lib\libc.a(lib_a-vfprintf.o)
 .text          0x000000000080f324        0x0 c:/software/altera/15.1/nios2eds/bin/gnu/h-x86_64-mingw32/bin/../lib/gcc/nios2-elf/4.9.2/../../../../../H-x86_64-mingw32/nios2-elf/lib\libc.a(lib_a-writer.o)
 .text._write_r
                0x000000000080f324       0x5c c:/software/altera/15.1/nios2eds/bin/gnu/h-x86_64-mingw32/bin/../lib/gcc/nios2-elf/4.9.2/../../../../../H-x86_64-mingw32/nios2-elf/lib\libc.a(lib_a-writer.o)
                0x000000000080f324                _write_r
 .text          0x000000000080f380        0x0 c:/software/altera/15.1/nios2eds/bin/gnu/h-x86_64-mingw32/bin/../lib/gcc/nios2-elf/4.9.2/../../../../../H-x86_64-mingw32/nios2-elf/lib\libc.a(lib_a-wsetup.o)
 .text.__swsetup_r
                0x000000000080f380      0x154 c:/software/altera/15.1/nios2eds/bin/gnu/h-x86_64-mingw32/bin/../lib/gcc/nios2-elf/4.9.2/../../../../../H-x86_64-mingw32/nios2-elf/lib\libc.a(lib_a-wsetup.o)
                0x000000000080f380                __swsetup_r
 .text          0x000000000080f4d4        0x0 c:/software/altera/15.1/nios2eds/bin/gnu/h-x86_64-mingw32/bin/../lib/gcc/nios2-elf/4.9.2/../../../../../H-x86_64-mingw32/nios2-elf/lib\libc.a(closer.o)
 .text._close_r
                0x000000000080f4d4       0x54 c:/software/altera/15.1/nios2eds/bin/gnu/h-x86_64-mingw32/bin/../lib/gcc/nios2-elf/4.9.2/../../../../../H-x86_64-mingw32/nios2-elf/lib\libc.a(closer.o)
                0x000000000080f4d4                _close_r
 .text          0x000000000080f528        0x0 c:/software/altera/15.1/nios2eds/bin/gnu/h-x86_64-mingw32/bin/../lib/gcc/nios2-elf/4.9.2/../../../../../H-x86_64-mingw32/nios2-elf/lib\libc.a(lib_a-ctype_.o)
 .text          0x000000000080f528        0x0 c:/software/altera/15.1/nios2eds/bin/gnu/h-x86_64-mingw32/bin/../lib/gcc/nios2-elf/4.9.2/../../../../../H-x86_64-mingw32/nios2-elf/lib\libc.a(lib_a-dtoa.o)
 .text.quorem   0x000000000080f528      0x200 c:/software/altera/15.1/nios2eds/bin/gnu/h-x86_64-mingw32/bin/../lib/gcc/nios2-elf/4.9.2/../../../../../H-x86_64-mingw32/nios2-elf/lib\libc.a(lib_a-dtoa.o)
 .text._dtoa_r  0x000000000080f728     0x1728 c:/software/altera/15.1/nios2eds/bin/gnu/h-x86_64-mingw32/bin/../lib/gcc/nios2-elf/4.9.2/../../../../../H-x86_64-mingw32/nios2-elf/lib\libc.a(lib_a-dtoa.o)
                0x000000000080f728                _dtoa_r
 .text          0x0000000000810e50        0x0 c:/software/altera/15.1/nios2eds/bin/gnu/h-x86_64-mingw32/bin/../lib/gcc/nios2-elf/4.9.2/../../../../../H-x86_64-mingw32/nios2-elf/lib\libc.a(lib_a-flags.o)
 .text.__sflags
                0x0000000000810e50       0xac c:/software/altera/15.1/nios2eds/bin/gnu/h-x86_64-mingw32/bin/../lib/gcc/nios2-elf/4.9.2/../../../../../H-x86_64-mingw32/nios2-elf/lib\libc.a(lib_a-flags.o)
                0x0000000000810e50                __sflags
 .text          0x0000000000810efc        0x0 c:/software/altera/15.1/nios2eds/bin/gnu/h-x86_64-mingw32/bin/../lib/gcc/nios2-elf/4.9.2/../../../../../H-x86_64-mingw32/nios2-elf/lib\libc.a(lib_a-fvwrite.o)
 .text.__sfvwrite_r
                0x0000000000810efc      0x4c0 c:/software/altera/15.1/nios2eds/bin/gnu/h-x86_64-mingw32/bin/../lib/gcc/nios2-elf/4.9.2/../../../../../H-x86_64-mingw32/nios2-elf/lib\libc.a(lib_a-fvwrite.o)
                0x0000000000810efc                __sfvwrite_r
 .text          0x00000000008113bc        0x0 c:/software/altera/15.1/nios2eds/bin/gnu/h-x86_64-mingw32/bin/../lib/gcc/nios2-elf/4.9.2/../../../../../H-x86_64-mingw32/nios2-elf/lib\libc.a(lib_a-isattyr.o)
 .text._isatty_r
                0x00000000008113bc       0x54 c:/software/altera/15.1/nios2eds/bin/gnu/h-x86_64-mingw32/bin/../lib/gcc/nios2-elf/4.9.2/../../../../../H-x86_64-mingw32/nios2-elf/lib\libc.a(lib_a-isattyr.o)
                0x00000000008113bc                _isatty_r
 .text          0x0000000000811410        0x0 c:/software/altera/15.1/nios2eds/bin/gnu/h-x86_64-mingw32/bin/../lib/gcc/nios2-elf/4.9.2/../../../../../H-x86_64-mingw32/nios2-elf/lib\libc.a(lib_a-locale.o)
 .text._setlocale_r
                0x0000000000811410       0x7c c:/software/altera/15.1/nios2eds/bin/gnu/h-x86_64-mingw32/bin/../lib/gcc/nios2-elf/4.9.2/../../../../../H-x86_64-mingw32/nios2-elf/lib\libc.a(lib_a-locale.o)
                0x0000000000811410                _setlocale_r
 .text.__locale_charset
                0x000000000081148c        0xc c:/software/altera/15.1/nios2eds/bin/gnu/h-x86_64-mingw32/bin/../lib/gcc/nios2-elf/4.9.2/../../../../../H-x86_64-mingw32/nios2-elf/lib\libc.a(lib_a-locale.o)
                0x000000000081148c                __locale_charset
 .text.__locale_mb_cur_max
                0x0000000000811498       0x10 c:/software/altera/15.1/nios2eds/bin/gnu/h-x86_64-mingw32/bin/../lib/gcc/nios2-elf/4.9.2/../../../../../H-x86_64-mingw32/nios2-elf/lib\libc.a(lib_a-locale.o)
                0x0000000000811498                __locale_mb_cur_max
 .text.__locale_msgcharset
                0x00000000008114a8        0xc c:/software/altera/15.1/nios2eds/bin/gnu/h-x86_64-mingw32/bin/../lib/gcc/nios2-elf/4.9.2/../../../../../H-x86_64-mingw32/nios2-elf/lib\libc.a(lib_a-locale.o)
                0x00000000008114a8                __locale_msgcharset
 .text.__locale_cjk_lang
                0x00000000008114b4        0x8 c:/software/altera/15.1/nios2eds/bin/gnu/h-x86_64-mingw32/bin/../lib/gcc/nios2-elf/4.9.2/../../../../../H-x86_64-mingw32/nios2-elf/lib\libc.a(lib_a-locale.o)
                0x00000000008114b4                __locale_cjk_lang
 .text._localeconv_r
                0x00000000008114bc        0xc c:/software/altera/15.1/nios2eds/bin/gnu/h-x86_64-mingw32/bin/../lib/gcc/nios2-elf/4.9.2/../../../../../H-x86_64-mingw32/nios2-elf/lib\libc.a(lib_a-locale.o)
                0x00000000008114bc                _localeconv_r
 .text.setlocale
                0x00000000008114c8       0x1c c:/software/altera/15.1/nios2eds/bin/gnu/h-x86_64-mingw32/bin/../lib/gcc/nios2-elf/4.9.2/../../../../../H-x86_64-mingw32/nios2-elf/lib\libc.a(lib_a-locale.o)
                0x00000000008114c8                setlocale
 .text.localeconv
                0x00000000008114e4        0xc c:/software/altera/15.1/nios2eds/bin/gnu/h-x86_64-mingw32/bin/../lib/gcc/nios2-elf/4.9.2/../../../../../H-x86_64-mingw32/nios2-elf/lib\libc.a(lib_a-locale.o)
                0x00000000008114e4                localeconv
 .text          0x00000000008114f0        0x0 c:/software/altera/15.1/nios2eds/bin/gnu/h-x86_64-mingw32/bin/../lib/gcc/nios2-elf/4.9.2/../../../../../H-x86_64-mingw32/nios2-elf/lib\libc.a(lib_a-lseekr.o)
 .text._lseek_r
                0x00000000008114f0       0x5c c:/software/altera/15.1/nios2eds/bin/gnu/h-x86_64-mingw32/bin/../lib/gcc/nios2-elf/4.9.2/../../../../../H-x86_64-mingw32/nios2-elf/lib\libc.a(lib_a-lseekr.o)
                0x00000000008114f0                _lseek_r
 .text          0x000000000081154c        0x0 c:/software/altera/15.1/nios2eds/bin/gnu/h-x86_64-mingw32/bin/../lib/gcc/nios2-elf/4.9.2/../../../../../H-x86_64-mingw32/nios2-elf/lib\libc.a(lib_a-memchr.o)
 .text.memchr   0x000000000081154c       0xe8 c:/software/altera/15.1/nios2eds/bin/gnu/h-x86_64-mingw32/bin/../lib/gcc/nios2-elf/4.9.2/../../../../../H-x86_64-mingw32/nios2-elf/lib\libc.a(lib_a-memchr.o)
                0x000000000081154c                memchr
 .text          0x0000000000811634        0x0 c:/software/altera/15.1/nios2eds/bin/gnu/h-x86_64-mingw32/bin/../lib/gcc/nios2-elf/4.9.2/../../../../../H-x86_64-mingw32/nios2-elf/lib\libc.a(lib_a-memmove.o)
 .text.memmove  0x0000000000811634      0x15c c:/software/altera/15.1/nios2eds/bin/gnu/h-x86_64-mingw32/bin/../lib/gcc/nios2-elf/4.9.2/../../../../../H-x86_64-mingw32/nios2-elf/lib\libc.a(lib_a-memmove.o)
                0x0000000000811634                memmove
 .text          0x0000000000811790        0x0 c:/software/altera/15.1/nios2eds/bin/gnu/h-x86_64-mingw32/bin/../lib/gcc/nios2-elf/4.9.2/../../../../../H-x86_64-mingw32/nios2-elf/lib\libc.a(lib_a-mprec.o)
 .text._Balloc  0x0000000000811790       0xa8 c:/software/altera/15.1/nios2eds/bin/gnu/h-x86_64-mingw32/bin/../lib/gcc/nios2-elf/4.9.2/../../../../../H-x86_64-mingw32/nios2-elf/lib\libc.a(lib_a-mprec.o)
                0x0000000000811790                _Balloc
 .text._Bfree   0x0000000000811838       0x28 c:/software/altera/15.1/nios2eds/bin/gnu/h-x86_64-mingw32/bin/../lib/gcc/nios2-elf/4.9.2/../../../../../H-x86_64-mingw32/nios2-elf/lib\libc.a(lib_a-mprec.o)
                0x0000000000811838                _Bfree
 .text.__multadd
                0x0000000000811860      0x120 c:/software/altera/15.1/nios2eds/bin/gnu/h-x86_64-mingw32/bin/../lib/gcc/nios2-elf/4.9.2/../../../../../H-x86_64-mingw32/nios2-elf/lib\libc.a(lib_a-mprec.o)
                0x0000000000811860                __multadd
 .text.__s2b    0x0000000000811980      0x104 c:/software/altera/15.1/nios2eds/bin/gnu/h-x86_64-mingw32/bin/../lib/gcc/nios2-elf/4.9.2/../../../../../H-x86_64-mingw32/nios2-elf/lib\libc.a(lib_a-mprec.o)
                0x0000000000811980                __s2b
 .text.__hi0bits
                0x0000000000811a84       0x68 c:/software/altera/15.1/nios2eds/bin/gnu/h-x86_64-mingw32/bin/../lib/gcc/nios2-elf/4.9.2/../../../../../H-x86_64-mingw32/nios2-elf/lib\libc.a(lib_a-mprec.o)
                0x0000000000811a84                __hi0bits
 .text.__lo0bits
                0x0000000000811aec       0xb0 c:/software/altera/15.1/nios2eds/bin/gnu/h-x86_64-mingw32/bin/../lib/gcc/nios2-elf/4.9.2/../../../../../H-x86_64-mingw32/nios2-elf/lib\libc.a(lib_a-mprec.o)
                0x0000000000811aec                __lo0bits
 .text.__i2b    0x0000000000811b9c       0x3c c:/software/altera/15.1/nios2eds/bin/gnu/h-x86_64-mingw32/bin/../lib/gcc/nios2-elf/4.9.2/../../../../../H-x86_64-mingw32/nios2-elf/lib\libc.a(lib_a-mprec.o)
                0x0000000000811b9c                __i2b
 .text.__multiply
                0x0000000000811bd8      0x1fc c:/software/altera/15.1/nios2eds/bin/gnu/h-x86_64-mingw32/bin/../lib/gcc/nios2-elf/4.9.2/../../../../../H-x86_64-mingw32/nios2-elf/lib\libc.a(lib_a-mprec.o)
                0x0000000000811bd8                __multiply
 .text.__pow5mult
                0x0000000000811dd4      0x140 c:/software/altera/15.1/nios2eds/bin/gnu/h-x86_64-mingw32/bin/../lib/gcc/nios2-elf/4.9.2/../../../../../H-x86_64-mingw32/nios2-elf/lib\libc.a(lib_a-mprec.o)
                0x0000000000811dd4                __pow5mult
 .text.__lshift
                0x0000000000811f14      0x150 c:/software/altera/15.1/nios2eds/bin/gnu/h-x86_64-mingw32/bin/../lib/gcc/nios2-elf/4.9.2/../../../../../H-x86_64-mingw32/nios2-elf/lib\libc.a(lib_a-mprec.o)
                0x0000000000811f14                __lshift
 .text.__mcmp   0x0000000000812064       0x60 c:/software/altera/15.1/nios2eds/bin/gnu/h-x86_64-mingw32/bin/../lib/gcc/nios2-elf/4.9.2/../../../../../H-x86_64-mingw32/nios2-elf/lib\libc.a(lib_a-mprec.o)
                0x0000000000812064                __mcmp
 .text.__mdiff  0x00000000008120c4      0x198 c:/software/altera/15.1/nios2eds/bin/gnu/h-x86_64-mingw32/bin/../lib/gcc/nios2-elf/4.9.2/../../../../../H-x86_64-mingw32/nios2-elf/lib\libc.a(lib_a-mprec.o)
                0x00000000008120c4                __mdiff
 .text.__ulp    0x000000000081225c       0x60 c:/software/altera/15.1/nios2eds/bin/gnu/h-x86_64-mingw32/bin/../lib/gcc/nios2-elf/4.9.2/../../../../../H-x86_64-mingw32/nios2-elf/lib\libc.a(lib_a-mprec.o)
                0x000000000081225c                __ulp
 .text.__b2d    0x00000000008122bc      0x11c c:/software/altera/15.1/nios2eds/bin/gnu/h-x86_64-mingw32/bin/../lib/gcc/nios2-elf/4.9.2/../../../../../H-x86_64-mingw32/nios2-elf/lib\libc.a(lib_a-mprec.o)
                0x00000000008122bc                __b2d
 .text.__d2b    0x00000000008123d8      0x13c c:/software/altera/15.1/nios2eds/bin/gnu/h-x86_64-mingw32/bin/../lib/gcc/nios2-elf/4.9.2/../../../../../H-x86_64-mingw32/nios2-elf/lib\libc.a(lib_a-mprec.o)
                0x00000000008123d8                __d2b
 .text.__ratio  0x0000000000812514       0xa4 c:/software/altera/15.1/nios2eds/bin/gnu/h-x86_64-mingw32/bin/../lib/gcc/nios2-elf/4.9.2/../../../../../H-x86_64-mingw32/nios2-elf/lib\libc.a(lib_a-mprec.o)
                0x0000000000812514                __ratio
 .text._mprec_log10
                0x00000000008125b8       0x74 c:/software/altera/15.1/nios2eds/bin/gnu/h-x86_64-mingw32/bin/../lib/gcc/nios2-elf/4.9.2/../../../../../H-x86_64-mingw32/nios2-elf/lib\libc.a(lib_a-mprec.o)
                0x00000000008125b8                _mprec_log10
 .text.__copybits
                0x000000000081262c       0x78 c:/software/altera/15.1/nios2eds/bin/gnu/h-x86_64-mingw32/bin/../lib/gcc/nios2-elf/4.9.2/../../../../../H-x86_64-mingw32/nios2-elf/lib\libc.a(lib_a-mprec.o)
                0x000000000081262c                __copybits
 .text.__any_on
                0x00000000008126a4       0x8c c:/software/altera/15.1/nios2eds/bin/gnu/h-x86_64-mingw32/bin/../lib/gcc/nios2-elf/4.9.2/../../../../../H-x86_64-mingw32/nios2-elf/lib\libc.a(lib_a-mprec.o)
                0x00000000008126a4                __any_on
 .text          0x0000000000812730        0x0 c:/software/altera/15.1/nios2eds/bin/gnu/h-x86_64-mingw32/bin/../lib/gcc/nios2-elf/4.9.2/../../../../../H-x86_64-mingw32/nios2-elf/lib\libc.a(lib_a-putc.o)
 .text._putc_r  0x0000000000812730       0xa0 c:/software/altera/15.1/nios2eds/bin/gnu/h-x86_64-mingw32/bin/../lib/gcc/nios2-elf/4.9.2/../../../../../H-x86_64-mingw32/nios2-elf/lib\libc.a(lib_a-putc.o)
                0x0000000000812730                _putc_r
 .text.putc     0x00000000008127d0       0xcc c:/software/altera/15.1/nios2eds/bin/gnu/h-x86_64-mingw32/bin/../lib/gcc/nios2-elf/4.9.2/../../../../../H-x86_64-mingw32/nios2-elf/lib\libc.a(lib_a-putc.o)
                0x00000000008127d0                putc
 .text          0x000000000081289c        0x0 c:/software/altera/15.1/nios2eds/bin/gnu/h-x86_64-mingw32/bin/../lib/gcc/nios2-elf/4.9.2/../../../../../H-x86_64-mingw32/nios2-elf/lib\libc.a(lib_a-readr.o)
 .text._read_r  0x000000000081289c       0x5c c:/software/altera/15.1/nios2eds/bin/gnu/h-x86_64-mingw32/bin/../lib/gcc/nios2-elf/4.9.2/../../../../../H-x86_64-mingw32/nios2-elf/lib\libc.a(lib_a-readr.o)
                0x000000000081289c                _read_r
 .text          0x00000000008128f8        0x0 c:/software/altera/15.1/nios2eds/bin/gnu/h-x86_64-mingw32/bin/../lib/gcc/nios2-elf/4.9.2/../../../../../H-x86_64-mingw32/nios2-elf/lib\libc.a(lib_a-reallocr.o)
 .text._realloc_r
                0x00000000008128f8      0x568 c:/software/altera/15.1/nios2eds/bin/gnu/h-x86_64-mingw32/bin/../lib/gcc/nios2-elf/4.9.2/../../../../../H-x86_64-mingw32/nios2-elf/lib\libc.a(lib_a-reallocr.o)
                0x00000000008128f8                _realloc_r
 .text          0x0000000000812e60        0x0 c:/software/altera/15.1/nios2eds/bin/gnu/h-x86_64-mingw32/bin/../lib/gcc/nios2-elf/4.9.2/../../../../../H-x86_64-mingw32/nios2-elf/lib\libc.a(lib_a-s_fpclassify.o)
 .text.__fpclassifyd
                0x0000000000812e60       0x74 c:/software/altera/15.1/nios2eds/bin/gnu/h-x86_64-mingw32/bin/../lib/gcc/nios2-elf/4.9.2/../../../../../H-x86_64-mingw32/nios2-elf/lib\libc.a(lib_a-s_fpclassify.o)
                0x0000000000812e60                __fpclassifyd
 .text          0x0000000000812ed4        0x0 c:/software/altera/15.1/nios2eds/bin/gnu/h-x86_64-mingw32/bin/../lib/gcc/nios2-elf/4.9.2/../../../../../H-x86_64-mingw32/nios2-elf/lib\libc.a(lib_a-strcmp.o)
 .text.strcmp   0x0000000000812ed4       0xa4 c:/software/altera/15.1/nios2eds/bin/gnu/h-x86_64-mingw32/bin/../lib/gcc/nios2-elf/4.9.2/../../../../../H-x86_64-mingw32/nios2-elf/lib\libc.a(lib_a-strcmp.o)
                0x0000000000812ed4                strcmp
 .text          0x0000000000812f78        0x0 c:/software/altera/15.1/nios2eds/bin/gnu/h-x86_64-mingw32/bin/../lib/gcc/nios2-elf/4.9.2/../../../../../H-x86_64-mingw32/nios2-elf/lib\libc.a(lib_a-vfiprintf.o)
 .text.__sprint_r.part.0
                0x0000000000812f78       0xfc c:/software/altera/15.1/nios2eds/bin/gnu/h-x86_64-mingw32/bin/../lib/gcc/nios2-elf/4.9.2/../../../../../H-x86_64-mingw32/nios2-elf/lib\libc.a(lib_a-vfiprintf.o)
 .text.__sprint_r
                0x0000000000813074       0x18 c:/software/altera/15.1/nios2eds/bin/gnu/h-x86_64-mingw32/bin/../lib/gcc/nios2-elf/4.9.2/../../../../../H-x86_64-mingw32/nios2-elf/lib\libc.a(lib_a-vfiprintf.o)
                0x0000000000813074                __sprint_r
 .text.___vfiprintf_internal_r
                0x000000000081308c     0x12d0 c:/software/altera/15.1/nios2eds/bin/gnu/h-x86_64-mingw32/bin/../lib/gcc/nios2-elf/4.9.2/../../../../../H-x86_64-mingw32/nios2-elf/lib\libc.a(lib_a-vfiprintf.o)
                0x000000000081308c                ___vfiprintf_internal_r
 .text.__vfiprintf_internal
                0x000000000081435c       0x24 c:/software/altera/15.1/nios2eds/bin/gnu/h-x86_64-mingw32/bin/../lib/gcc/nios2-elf/4.9.2/../../../../../H-x86_64-mingw32/nios2-elf/lib\libc.a(lib_a-vfiprintf.o)
                0x000000000081435c                __vfiprintf_internal
 .text.__sbprintf
                0x0000000000814380       0xbc c:/software/altera/15.1/nios2eds/bin/gnu/h-x86_64-mingw32/bin/../lib/gcc/nios2-elf/4.9.2/../../../../../H-x86_64-mingw32/nios2-elf/lib\libc.a(lib_a-vfiprintf.o)
 .text          0x000000000081443c        0x0 c:/software/altera/15.1/nios2eds/bin/gnu/h-x86_64-mingw32/bin/../lib/gcc/nios2-elf/4.9.2/../../../../../H-x86_64-mingw32/nios2-elf/lib\libc.a(lib_a-wbuf.o)
 .text.__swbuf_r
                0x000000000081443c      0x138 c:/software/altera/15.1/nios2eds/bin/gnu/h-x86_64-mingw32/bin/../lib/gcc/nios2-elf/4.9.2/../../../../../H-x86_64-mingw32/nios2-elf/lib\libc.a(lib_a-wbuf.o)
                0x000000000081443c                __swbuf_r
 .text.__swbuf  0x0000000000814574       0x1c c:/software/altera/15.1/nios2eds/bin/gnu/h-x86_64-mingw32/bin/../lib/gcc/nios2-elf/4.9.2/../../../../../H-x86_64-mingw32/nios2-elf/lib\libc.a(lib_a-wbuf.o)
                0x0000000000814574                __swbuf
 .text          0x0000000000814590        0x0 c:/software/altera/15.1/nios2eds/bin/gnu/h-x86_64-mingw32/bin/../lib/gcc/nios2-elf/4.9.2/../../../../../H-x86_64-mingw32/nios2-elf/lib\libc.a(lib_a-callocr.o)
 .text._calloc_r
                0x0000000000814590       0xc4 c:/software/altera/15.1/nios2eds/bin/gnu/h-x86_64-mingw32/bin/../lib/gcc/nios2-elf/4.9.2/../../../../../H-x86_64-mingw32/nios2-elf/lib\libc.a(lib_a-callocr.o)
                0x0000000000814590                _calloc_r
 .text          0x0000000000814654        0x0 c:/software/altera/15.1/nios2eds/bin/gnu/h-x86_64-mingw32/bin/../lib/gcc/nios2-elf/4.9.2/../../../../../H-x86_64-mingw32/nios2-elf/lib\libc.a(lib_a-fputwc.o)
 .text._fputwc_r
                0x0000000000814654      0x184 c:/software/altera/15.1/nios2eds/bin/gnu/h-x86_64-mingw32/bin/../lib/gcc/nios2-elf/4.9.2/../../../../../H-x86_64-mingw32/nios2-elf/lib\libc.a(lib_a-fputwc.o)
                0x0000000000814654                _fputwc_r
 .text.fputwc   0x00000000008147d8       0x5c c:/software/altera/15.1/nios2eds/bin/gnu/h-x86_64-mingw32/bin/../lib/gcc/nios2-elf/4.9.2/../../../../../H-x86_64-mingw32/nios2-elf/lib\libc.a(lib_a-fputwc.o)
                0x00000000008147d8                fputwc
 .text          0x0000000000814834        0x0 c:/software/altera/15.1/nios2eds/bin/gnu/h-x86_64-mingw32/bin/../lib/gcc/nios2-elf/4.9.2/../../../../../H-x86_64-mingw32/nios2-elf/lib\libc.a(lib_a-wcrtomb.o)
 .text._wcrtomb_r
                0x0000000000814834       0x9c c:/software/altera/15.1/nios2eds/bin/gnu/h-x86_64-mingw32/bin/../lib/gcc/nios2-elf/4.9.2/../../../../../H-x86_64-mingw32/nios2-elf/lib\libc.a(lib_a-wcrtomb.o)
                0x0000000000814834                _wcrtomb_r
 .text.wcrtomb  0x00000000008148d0       0xc0 c:/software/altera/15.1/nios2eds/bin/gnu/h-x86_64-mingw32/bin/../lib/gcc/nios2-elf/4.9.2/../../../../../H-x86_64-mingw32/nios2-elf/lib\libc.a(lib_a-wcrtomb.o)
                0x00000000008148d0                wcrtomb
 .text          0x0000000000814990        0x0 c:/software/altera/15.1/nios2eds/bin/gnu/h-x86_64-mingw32/bin/../lib/gcc/nios2-elf/4.9.2/../../../../../H-x86_64-mingw32/nios2-elf/lib\libc.a(lib_a-wctomb_r.o)
 .text.__ascii_wctomb
                0x0000000000814990       0x30 c:/software/altera/15.1/nios2eds/bin/gnu/h-x86_64-mingw32/bin/../lib/gcc/nios2-elf/4.9.2/../../../../../H-x86_64-mingw32/nios2-elf/lib\libc.a(lib_a-wctomb_r.o)
                0x0000000000814990                __ascii_wctomb
 .text._wctomb_r
                0x00000000008149c0       0x5c c:/software/altera/15.1/nios2eds/bin/gnu/h-x86_64-mingw32/bin/../lib/gcc/nios2-elf/4.9.2/../../../../../H-x86_64-mingw32/nios2-elf/lib\libc.a(lib_a-wctomb_r.o)
                0x00000000008149c0                _wctomb_r
 .text          0x0000000000814a1c      0x5c0 c:/software/altera/15.1/nios2eds/bin/gnu/h-x86_64-mingw32/bin/../lib/gcc/nios2-elf/4.9.2\libgcc.a(_udivdi3.o)
                0x0000000000814a1c                __udivdi3
 .text          0x0000000000814fdc      0x590 c:/software/altera/15.1/nios2eds/bin/gnu/h-x86_64-mingw32/bin/../lib/gcc/nios2-elf/4.9.2\libgcc.a(_umoddi3.o)
                0x0000000000814fdc                __umoddi3
 .text          0x000000000081556c      0x89c c:/software/altera/15.1/nios2eds/bin/gnu/h-x86_64-mingw32/bin/../lib/gcc/nios2-elf/4.9.2\libgcc.a(adddf3.o)
                0x000000000081556c                __adddf3
 .text          0x0000000000815e08      0x8cc c:/software/altera/15.1/nios2eds/bin/gnu/h-x86_64-mingw32/bin/../lib/gcc/nios2-elf/4.9.2\libgcc.a(divdf3.o)
                0x0000000000815e08                __divdf3
 .text          0x00000000008166d4       0x84 c:/software/altera/15.1/nios2eds/bin/gnu/h-x86_64-mingw32/bin/../lib/gcc/nios2-elf/4.9.2\libgcc.a(eqdf2.o)
                0x00000000008166d4                __nedf2
                0x00000000008166d4                __eqdf2
 .text          0x0000000000816758       0xe0 c:/software/altera/15.1/nios2eds/bin/gnu/h-x86_64-mingw32/bin/../lib/gcc/nios2-elf/4.9.2\libgcc.a(gedf2.o)
                0x0000000000816758                __gedf2
                0x0000000000816758                __gtdf2
 .text          0x0000000000816838       0xe0 c:/software/altera/15.1/nios2eds/bin/gnu/h-x86_64-mingw32/bin/../lib/gcc/nios2-elf/4.9.2\libgcc.a(ledf2.o)
                0x0000000000816838                __ledf2
                0x0000000000816838                __ltdf2
 .text          0x0000000000816918      0x724 c:/software/altera/15.1/nios2eds/bin/gnu/h-x86_64-mingw32/bin/../lib/gcc/nios2-elf/4.9.2\libgcc.a(muldf3.o)
                0x0000000000816918                __muldf3
 .text          0x000000000081703c      0x8d0 c:/software/altera/15.1/nios2eds/bin/gnu/h-x86_64-mingw32/bin/../lib/gcc/nios2-elf/4.9.2\libgcc.a(subdf3.o)
                0x000000000081703c                __subdf3
 .text          0x000000000081790c       0x88 c:/software/altera/15.1/nios2eds/bin/gnu/h-x86_64-mingw32/bin/../lib/gcc/nios2-elf/4.9.2\libgcc.a(fixdfsi.o)
                0x000000000081790c                __fixdfsi
 .text          0x0000000000817994       0xd0 c:/software/altera/15.1/nios2eds/bin/gnu/h-x86_64-mingw32/bin/../lib/gcc/nios2-elf/4.9.2\libgcc.a(floatsidf.o)
                0x0000000000817994                __floatsidf
 .text          0x0000000000817a64       0xa4 c:/software/altera/15.1/nios2eds/bin/gnu/h-x86_64-mingw32/bin/../lib/gcc/nios2-elf/4.9.2\libgcc.a(floatunsidf.o)
                0x0000000000817a64                __floatunsidf
 .text          0x0000000000817b08        0x0 c:/software/altera/15.1/nios2eds/bin/gnu/h-x86_64-mingw32/bin/../lib/gcc/nios2-elf/4.9.2\libgcc.a(_clz.o)
 .text          0x0000000000817b08       0x64 c:/software/altera/15.1/nios2eds/bin/gnu/h-x86_64-mingw32/bin/../lib/gcc/nios2-elf/4.9.2\libgcc.a(_clzsi2.o)
                0x0000000000817b08                __clzsi2
 .text          0x0000000000817b6c      0x140 ../AudioPlayer_bsp/\libhal_bsp.a(alt_alarm_start.o)
                0x0000000000817b6c                alt_alarm_start
 .text          0x0000000000817cac      0x120 ../AudioPlayer_bsp/\libhal_bsp.a(alt_close.o)
                0x0000000000817cfc                close
 .text          0x0000000000817dcc       0x2c ../AudioPlayer_bsp/\libhal_bsp.a(alt_dev.o)
 .text          0x0000000000817df8        0x0 ../AudioPlayer_bsp/\libhal_bsp.a(alt_errno.o)
 .text          0x0000000000817df8      0x100 ../AudioPlayer_bsp/\libhal_bsp.a(alt_fstat.o)
                0x0000000000817e48                fstat
 .text          0x0000000000817ef8      0x1b0 ../AudioPlayer_bsp/\libhal_bsp.a(alt_irq_register.o)
                0x0000000000817ef8                alt_irq_register
 .text          0x00000000008180a8        0x0 ../AudioPlayer_bsp/\libhal_bsp.a(alt_irq_vars.o)
 .text          0x00000000008180a8       0xf4 ../AudioPlayer_bsp/\libhal_bsp.a(alt_isatty.o)
                0x00000000008180f8                isatty
 .text          0x000000000081819c       0xe4 ../AudioPlayer_bsp/\libhal_bsp.a(alt_load.o)
                0x0000000000818200                alt_load
 .text          0x0000000000818280      0x124 ../AudioPlayer_bsp/\libhal_bsp.a(alt_lseek.o)
                0x00000000008182d0                lseek
 .text          0x00000000008183a4       0x78 ../AudioPlayer_bsp/\libhal_bsp.a(alt_main.o)
                0x00000000008183a4                alt_main
 .text          0x000000000081841c       0x40 ../AudioPlayer_bsp/\libhal_bsp.a(alt_malloc_lock.o)
                0x000000000081841c                __malloc_lock
                0x000000000081843c                __malloc_unlock
 .text          0x000000000081845c      0x274 ../AudioPlayer_bsp/\libhal_bsp.a(alt_open.o)
                0x0000000000818578                open
 .text          0x00000000008186d0      0x228 ../AudioPlayer_bsp/\libhal_bsp.a(alt_printf.o)
                0x00000000008186d0                alt_printf
 .text          0x00000000008188f8       0x44 ../AudioPlayer_bsp/\libhal_bsp.a(alt_putchar.o)
                0x00000000008188f8                alt_putchar
 .text          0x000000000081893c      0x14c ../AudioPlayer_bsp/\libhal_bsp.a(alt_read.o)
                0x000000000081898c                read
 .text          0x0000000000818a88       0x60 ../AudioPlayer_bsp/\libhal_bsp.a(alt_release_fd.o)
                0x0000000000818a88                alt_release_fd
 .text          0x0000000000818ae8       0xb0 ../AudioPlayer_bsp/\libhal_bsp.a(alt_sbrk.o)
                0x0000000000818ae8                sbrk
 .text          0x0000000000818b98      0x19c ../AudioPlayer_bsp/\libhal_bsp.a(alt_tick.o)
                0x0000000000818b98                alt_alarm_stop
                0x0000000000818c30                alt_tick
 .text          0x0000000000818d34      0x148 ../AudioPlayer_bsp/\libhal_bsp.a(alt_write.o)
                0x0000000000818d84                write
 .text          0x0000000000818e7c      0x11c ../AudioPlayer_bsp/\libhal_bsp.a(alt_sys_init.o)
                0x0000000000818eb4                alt_irq_init
                0x0000000000818ee8                alt_sys_init
 .text          0x0000000000818f98      0x164 ../AudioPlayer_bsp/\libhal_bsp.a(altera_avalon_jtag_uart_fd.o)
                0x0000000000818f98                altera_avalon_jtag_uart_read_fd
                0x0000000000818ff8                altera_avalon_jtag_uart_write_fd
                0x0000000000819058                altera_avalon_jtag_uart_close_fd
                0x00000000008190a8                altera_avalon_jtag_uart_ioctl_fd
 .text          0x00000000008190fc      0x3d0 ../AudioPlayer_bsp/\libhal_bsp.a(altera_avalon_jtag_uart_init.o)
                0x00000000008190fc                altera_avalon_jtag_uart_init
                0x0000000000819464                altera_avalon_jtag_uart_close
 .text          0x00000000008194cc       0xec ../AudioPlayer_bsp/\libhal_bsp.a(altera_avalon_jtag_uart_ioctl.o)
                0x00000000008194cc                altera_avalon_jtag_uart_ioctl
 .text          0x00000000008195b8      0x20c ../AudioPlayer_bsp/\libhal_bsp.a(altera_avalon_jtag_uart_read.o)
                0x00000000008195b8                altera_avalon_jtag_uart_read
 .text          0x00000000008197c4      0x218 ../AudioPlayer_bsp/\libhal_bsp.a(altera_avalon_jtag_uart_write.o)
                0x00000000008197c4                altera_avalon_jtag_uart_write
 .text          0x00000000008199dc      0xe70 ../AudioPlayer_bsp/\libhal_bsp.a(altera_avalon_lcd_16207.o)
                0x000000000081a180                altera_avalon_lcd_16207_write
                0x000000000081a714                altera_avalon_lcd_16207_init
 .text          0x000000000081a84c       0x60 ../AudioPlayer_bsp/\libhal_bsp.a(altera_avalon_lcd_16207_fd.o)
                0x000000000081a84c                altera_avalon_lcd_16207_write_fd
 .text          0x000000000081a8ac       0xf8 ../AudioPlayer_bsp/\libhal_bsp.a(altera_avalon_timer_sc.o)
                0x000000000081a924                alt_avalon_timer_sc_init
 .text          0x000000000081a9a4      0x110 ../AudioPlayer_bsp/\libhal_bsp.a(altera_avalon_uart_fd.o)
                0x000000000081a9a4                altera_avalon_uart_read_fd
                0x000000000081aa04                altera_avalon_uart_write_fd
                0x000000000081aa64                altera_avalon_uart_close_fd
 .text          0x000000000081aab4      0x3b4 ../AudioPlayer_bsp/\libhal_bsp.a(altera_avalon_uart_init.o)
                0x000000000081aab4                altera_avalon_uart_init
                0x000000000081ae14                altera_avalon_uart_close
 .text          0x000000000081ae68      0x22c ../AudioPlayer_bsp/\libhal_bsp.a(altera_avalon_uart_read.o)
                0x000000000081aeb8                altera_avalon_uart_read
 .text          0x000000000081b094      0x1fc ../AudioPlayer_bsp/\libhal_bsp.a(altera_avalon_uart_write.o)
                0x000000000081b0e4                altera_avalon_uart_write
 .text          0x000000000081b290      0x794 ../AudioPlayer_bsp/\libhal_bsp.a(altera_up_avalon_audio.o)
                0x000000000081b290                alt_up_audio_open_dev
                0x000000000081b2d0                alt_up_audio_enable_read_interrupt
                0x000000000081b320                alt_up_audio_disable_read_interrupt
                0x000000000081b374                alt_up_audio_enable_write_interrupt
                0x000000000081b3c4                alt_up_audio_disable_write_interrupt
                0x000000000081b418                alt_up_audio_read_interrupt_pending
                0x000000000081b458                alt_up_audio_write_interrupt_pending
                0x000000000081b498                alt_up_audio_reset_audio_core
                0x000000000081b528                alt_up_audio_read_fifo_avail
                0x000000000081b588                alt_up_audio_record_r
                0x000000000081b5f0                alt_up_audio_record_l
                0x000000000081b658                alt_up_audio_write_fifo_space
                0x000000000081b6b8                alt_up_audio_play_r
                0x000000000081b720                alt_up_audio_play_l
                0x000000000081b788                alt_up_audio_read_fifo
                0x000000000081b868                alt_up_audio_write_fifo
                0x000000000081b970                alt_up_audio_read_fifo_head
                0x000000000081b9c0                alt_up_audio_write_fifo_head
 .text          0x000000000081ba24       0x44 ../AudioPlayer_bsp/\libhal_bsp.a(alt_dcache_flush_all.o)
                0x000000000081ba24                alt_dcache_flush_all
 .text          0x000000000081ba68       0xf4 ../AudioPlayer_bsp/\libhal_bsp.a(alt_dev_llist_insert.o)
                0x000000000081bab8                alt_dev_llist_insert
 .text          0x000000000081bb5c       0x5c ../AudioPlayer_bsp/\libhal_bsp.a(alt_do_ctors.o)
                0x000000000081bb5c                _do_ctors
 .text          0x000000000081bbb8       0x5c ../AudioPlayer_bsp/\libhal_bsp.a(alt_do_dtors.o)
                0x000000000081bbb8                _do_dtors
 .text          0x000000000081bc14       0x90 ../AudioPlayer_bsp/\libhal_bsp.a(alt_find_dev.o)
                0x000000000081bc14                alt_find_dev
 .text          0x000000000081bca4      0x114 ../AudioPlayer_bsp/\libhal_bsp.a(alt_find_file.o)
                0x000000000081bca4                alt_find_file
 .text          0x000000000081bdb8       0xb4 ../AudioPlayer_bsp/\libhal_bsp.a(alt_get_fd.o)
                0x000000000081bdb8                alt_get_fd
 .text          0x000000000081be6c       0x30 ../AudioPlayer_bsp/\libhal_bsp.a(alt_icache_flush_all.o)
                0x000000000081be6c                alt_icache_flush_all
 .text          0x000000000081be9c      0x138 ../AudioPlayer_bsp/\libhal_bsp.a(alt_io_redirect.o)
                0x000000000081bf5c                alt_io_redirect
 .text          0x000000000081bfd4        0x0 ../AudioPlayer_bsp/\libhal_bsp.a(alt_irq_entry.o)
 .text          0x000000000081bfd4        0x0 ../AudioPlayer_bsp/\libhal_bsp.a(alt_irq_handler.o)
 .text          0x000000000081bfd4       0x30 ../AudioPlayer_bsp/\libhal_bsp.a(alt_usleep.o)
                0x000000000081bfd4                usleep
 .text          0x000000000081c004       0x20 ../AudioPlayer_bsp/\libhal_bsp.a(altera_nios2_gen2_irq.o)
                0x000000000081c004                altera_nios2_gen2_irq_init
 .text          0x000000000081c024      0x158 ../AudioPlayer_bsp/\libhal_bsp.a(alt_busy_sleep.o)
                0x000000000081c024                alt_busy_sleep
 .text          0x000000000081c17c        0x0 ../AudioPlayer_bsp/\libhal_bsp.a(alt_exception_entry.o)
 .text          0x000000000081c17c       0x8c ../AudioPlayer_bsp/\libhal_bsp.a(alt_icache_flush.o)
                0x000000000081c17c                alt_icache_flush
 .text          0x000000000081c208       0x9c ../AudioPlayer_bsp/\libhal_bsp.a(alt_instruction_exception_entry.o)
                0x000000000081c208                alt_exception_cause_generated_bad_addr
 .text          0x000000000081c2a4        0x0 c:/software/altera/15.1/nios2eds/bin/gnu/h-x86_64-mingw32/bin/../lib/gcc/nios2-elf/4.9.2/../../../../../H-x86_64-mingw32/nios2-elf/lib\libc.a(lib_a-atexit.o)
 .text.atexit   0x000000000081c2a4       0x14 c:/software/altera/15.1/nios2eds/bin/gnu/h-x86_64-mingw32/bin/../lib/gcc/nios2-elf/4.9.2/../../../../../H-x86_64-mingw32/nios2-elf/lib\libc.a(lib_a-atexit.o)
                0x000000000081c2a4                atexit
 .text          0x000000000081c2b8        0x0 c:/software/altera/15.1/nios2eds/bin/gnu/h-x86_64-mingw32/bin/../lib/gcc/nios2-elf/4.9.2/../../../../../H-x86_64-mingw32/nios2-elf/lib\libc.a(lib_a-exit.o)
 .text.exit     0x000000000081c2b8       0x38 c:/software/altera/15.1/nios2eds/bin/gnu/h-x86_64-mingw32/bin/../lib/gcc/nios2-elf/4.9.2/../../../../../H-x86_64-mingw32/nios2-elf/lib\libc.a(lib_a-exit.o)
                0x000000000081c2b8                exit
 .text          0x000000000081c2f0        0x0 c:/software/altera/15.1/nios2eds/bin/gnu/h-x86_64-mingw32/bin/../lib/gcc/nios2-elf/4.9.2/../../../../../H-x86_64-mingw32/nios2-elf/lib\libc.a(lib_a-memcmp.o)
 .text.memcmp   0x000000000081c2f0       0x7c c:/software/altera/15.1/nios2eds/bin/gnu/h-x86_64-mingw32/bin/../lib/gcc/nios2-elf/4.9.2/../../../../../H-x86_64-mingw32/nios2-elf/lib\libc.a(lib_a-memcmp.o)
                0x000000000081c2f0                memcmp
 .text          0x000000000081c36c        0x0 c:/software/altera/15.1/nios2eds/bin/gnu/h-x86_64-mingw32/bin/../lib/gcc/nios2-elf/4.9.2/../../../../../H-x86_64-mingw32/nios2-elf/lib\libc.a(lib_a-__atexit.o)
 .text.__register_exitproc
                0x000000000081c36c      0x114 c:/software/altera/15.1/nios2eds/bin/gnu/h-x86_64-mingw32/bin/../lib/gcc/nios2-elf/4.9.2/../../../../../H-x86_64-mingw32/nios2-elf/lib\libc.a(lib_a-__atexit.o)
                0x000000000081c36c                __register_exitproc
 .text          0x000000000081c480        0x0 c:/software/altera/15.1/nios2eds/bin/gnu/h-x86_64-mingw32/bin/../lib/gcc/nios2-elf/4.9.2/../../../../../H-x86_64-mingw32/nios2-elf/lib\libc.a(lib_a-__call_atexit.o)
 .text.__call_exitprocs
                0x000000000081c480      0x194 c:/software/altera/15.1/nios2eds/bin/gnu/h-x86_64-mingw32/bin/../lib/gcc/nios2-elf/4.9.2/../../../../../H-x86_64-mingw32/nios2-elf/lib\libc.a(lib_a-__call_atexit.o)
                0x000000000081c480                __call_exitprocs
 .text          0x000000000081c614       0x34 ../AudioPlayer_bsp/\libhal_bsp.a(alt_exit.o)
                0x000000000081c614                _exit
 *(.gnu.warning.*)
 *(.fini)
                0x000000000081c648                PROVIDE (__etext, ABSOLUTE (.))
                0x000000000081c648                PROVIDE (_etext, ABSOLUTE (.))
                0x000000000081c648                PROVIDE (etext, ABSOLUTE (.))
 *(.eh_frame_hdr)
                0x000000000081c648                . = ALIGN (0x4)
                0x000000000081c648                PROVIDE (__preinit_array_start, ABSOLUTE (.))
 *(.preinit_array)
                0x000000000081c648                PROVIDE (__preinit_array_end, ABSOLUTE (.))
                0x000000000081c648                PROVIDE (__init_array_start, ABSOLUTE (.))
 *(.init_array)
                0x000000000081c648                PROVIDE (__init_array_end, ABSOLUTE (.))
                0x000000000081c648                PROVIDE (__fini_array_start, ABSOLUTE (.))
 *(.fini_array)
                0x000000000081c648                PROVIDE (__fini_array_end, ABSOLUTE (.))
 *(.eh_frame)
 *(.gcc_except_table .gcc_except_table.*)
 *(.dynamic)
                0x000000000081c648                PROVIDE (__CTOR_LIST__, ABSOLUTE (.))
 *(.ctors)
 *(SORT(.ctors.*))
                0x000000000081c648                PROVIDE (__CTOR_END__, ABSOLUTE (.))
                0x000000000081c648                PROVIDE (__DTOR_LIST__, ABSOLUTE (.))
 *(.dtors)
 *(SORT(.dtors.*))
                0x000000000081c648                PROVIDE (__DTOR_END__, ABSOLUTE (.))
 *(.jcr)
                0x000000000081c648                . = ALIGN (0x4)

.rodata         0x000000000081c648      0xec0
                0x000000000081c648                PROVIDE (__ram_rodata_start, ABSOLUTE (.))
                0x000000000081c648                . = ALIGN (0x4)
 *(.rodata .rodata.* .gnu.linkonce.r.*)
 .rodata        0x000000000081c648       0xf0 obj/default/ff.o
 .rodata        0x000000000081c738       0x10 obj/default/hello_world.o
 .rodata        0x000000000081c748      0x6a4 obj/default/main.o
 .rodata        0x000000000081cdec       0x58 obj/default/menu.o
 .rodata        0x000000000081ce44       0x10 obj/default/monitor.o
 .rodata        0x000000000081ce54       0x10 obj/default/player.o
 .rodata        0x000000000081ce64       0xe4 obj/default/utilities.o
 .rodata.str1.4
                0x000000000081cf48        0x2 c:/software/altera/15.1/nios2eds/bin/gnu/h-x86_64-mingw32/bin/../lib/gcc/nios2-elf/4.9.2/../../../../../H-x86_64-mingw32/nios2-elf/lib\libc.a(lib_a-impure.o)
                                          0x4 (size before relaxing)
 *fill*         0x000000000081cf4a        0x2 
 .rodata.str1.4
                0x000000000081cf4c       0x42 c:/software/altera/15.1/nios2eds/bin/gnu/h-x86_64-mingw32/bin/../lib/gcc/nios2-elf/4.9.2/../../../../../H-x86_64-mingw32/nios2-elf/lib\libc.a(lib_a-vfprintf.o)
                                         0x44 (size before relaxing)
 .rodata.zeroes.4255
                0x000000000081cf8e       0x10 c:/software/altera/15.1/nios2eds/bin/gnu/h-x86_64-mingw32/bin/../lib/gcc/nios2-elf/4.9.2/../../../../../H-x86_64-mingw32/nios2-elf/lib\libc.a(lib_a-vfprintf.o)
 .rodata.blanks.4254
                0x000000000081cf9e       0x10 c:/software/altera/15.1/nios2eds/bin/gnu/h-x86_64-mingw32/bin/../lib/gcc/nios2-elf/4.9.2/../../../../../H-x86_64-mingw32/nios2-elf/lib\libc.a(lib_a-vfprintf.o)
 .rodata._ctype_
                0x000000000081cfae      0x101 c:/software/altera/15.1/nios2eds/bin/gnu/h-x86_64-mingw32/bin/../lib/gcc/nios2-elf/4.9.2/../../../../../H-x86_64-mingw32/nios2-elf/lib\libc.a(lib_a-ctype_.o)
                0x000000000081cfae                _ctype_
 .rodata._ctype_b
                0x000000000081d0af      0x180 c:/software/altera/15.1/nios2eds/bin/gnu/h-x86_64-mingw32/bin/../lib/gcc/nios2-elf/4.9.2/../../../../../H-x86_64-mingw32/nios2-elf/lib\libc.a(lib_a-ctype_.o)
 *fill*         0x000000000081d22f        0x1 
 .rodata.str1.4
                0x000000000081d230       0x10 c:/software/altera/15.1/nios2eds/bin/gnu/h-x86_64-mingw32/bin/../lib/gcc/nios2-elf/4.9.2/../../../../../H-x86_64-mingw32/nios2-elf/lib\libc.a(lib_a-dtoa.o)
                                         0x14 (size before relaxing)
 .rodata.str1.4
                0x000000000081d240        0xc c:/software/altera/15.1/nios2eds/bin/gnu/h-x86_64-mingw32/bin/../lib/gcc/nios2-elf/4.9.2/../../../../../H-x86_64-mingw32/nios2-elf/lib\libc.a(lib_a-locale.o)
                                         0x14 (size before relaxing)
 .rodata.p05.2710
                0x000000000081d24c        0xc c:/software/altera/15.1/nios2eds/bin/gnu/h-x86_64-mingw32/bin/../lib/gcc/nios2-elf/4.9.2/../../../../../H-x86_64-mingw32/nios2-elf/lib\libc.a(lib_a-mprec.o)
 .rodata.__mprec_tinytens
                0x000000000081d258       0x28 c:/software/altera/15.1/nios2eds/bin/gnu/h-x86_64-mingw32/bin/../lib/gcc/nios2-elf/4.9.2/../../../../../H-x86_64-mingw32/nios2-elf/lib\libc.a(lib_a-mprec.o)
                0x000000000081d258                __mprec_tinytens
 .rodata.__mprec_bigtens
                0x000000000081d280       0x28 c:/software/altera/15.1/nios2eds/bin/gnu/h-x86_64-mingw32/bin/../lib/gcc/nios2-elf/4.9.2/../../../../../H-x86_64-mingw32/nios2-elf/lib\libc.a(lib_a-mprec.o)
                0x000000000081d280                __mprec_bigtens
 .rodata.__mprec_tens
                0x000000000081d2a8       0xc8 c:/software/altera/15.1/nios2eds/bin/gnu/h-x86_64-mingw32/bin/../lib/gcc/nios2-elf/4.9.2/../../../../../H-x86_64-mingw32/nios2-elf/lib\libc.a(lib_a-mprec.o)
                0x000000000081d2a8                __mprec_tens
 .rodata.str1.4
                0x0000000000000000       0x30 c:/software/altera/15.1/nios2eds/bin/gnu/h-x86_64-mingw32/bin/../lib/gcc/nios2-elf/4.9.2/../../../../../H-x86_64-mingw32/nios2-elf/lib\libc.a(lib_a-vfiprintf.o)
 .rodata.zeroes.4200
                0x000000000081d370       0x10 c:/software/altera/15.1/nios2eds/bin/gnu/h-x86_64-mingw32/bin/../lib/gcc/nios2-elf/4.9.2/../../../../../H-x86_64-mingw32/nios2-elf/lib\libc.a(lib_a-vfiprintf.o)
 .rodata.blanks.4199
                0x000000000081d380       0x10 c:/software/altera/15.1/nios2eds/bin/gnu/h-x86_64-mingw32/bin/../lib/gcc/nios2-elf/4.9.2/../../../../../H-x86_64-mingw32/nios2-elf/lib\libc.a(lib_a-vfiprintf.o)
 .rodata        0x000000000081d390      0x100 c:/software/altera/15.1/nios2eds/bin/gnu/h-x86_64-mingw32/bin/../lib/gcc/nios2-elf/4.9.2\libgcc.a(_clz.o)
                0x000000000081d390                __clz_tab
 .rodata        0x000000000081d490        0xc ../AudioPlayer_bsp/\libhal_bsp.a(alt_dev.o)
 .rodata        0x000000000081d49c       0x14 ../AudioPlayer_bsp/\libhal_bsp.a(alt_main.o)
 .rodata        0x000000000081d4b0       0x58 ../AudioPlayer_bsp/\libhal_bsp.a(alt_sys_init.o)
 *(.rodata1)
                0x000000000081d508                . = ALIGN (0x4)
                0x000000000081d508                PROVIDE (__ram_rodata_end, ABSOLUTE (.))
                0x000000000081c648                PROVIDE (__flash_rodata_start, LOADADDR (.rodata))

.rwdata         0x000000000081d508     0x1d40 load address 0x000000000081f248
                0x000000000081d508                PROVIDE (__ram_rwdata_start, ABSOLUTE (.))
                0x000000000081d508                . = ALIGN (0x4)
 *(.got.plt)
 *(.got)
 *(.data1)
 *(.data .data.* .gnu.linkonce.d.*)
 .data          0x000000000081d508        0x0 ../AudioPlayer_bsp//obj/HAL/src/crt0.o
 .data          0x000000000081d508        0x0 obj/default/fatfs.o
 .data          0x000000000081d508        0x0 obj/default/fatfs_diskio.o
 .data          0x000000000081d508        0x0 obj/default/fatfs_nios2_de0_nano_spi.o
 .data          0x000000000081d508        0x0 obj/default/fatfs_nios2_de1_pio.o
 .data          0x000000000081d508        0x0 obj/default/fatfs_nios2_de1_spi.o
 .data          0x000000000081d508        0x0 obj/default/ff.o
 .data          0x000000000081d508        0x0 obj/default/hello_world.o
 .data          0x000000000081d508        0x0 obj/default/main.o
 .data          0x000000000081d508        0x0 obj/default/menu.o
 .data          0x000000000081d508        0x0 obj/default/monitor.o
 .data          0x000000000081d508        0x0 obj/default/player.o
 .data          0x000000000081d508        0x0 obj/default/uart_nios2.o
 .data          0x000000000081d508        0x0 obj/default/utilities.o
 .data          0x000000000081d508        0x0 c:/software/altera/15.1/nios2eds/bin/gnu/h-x86_64-mingw32/bin/../lib/gcc/nios2-elf/4.9.2\libgcc.a(lib2-divmod.o)
 .data          0x000000000081d508        0x0 c:/software/altera/15.1/nios2eds/bin/gnu/h-x86_64-mingw32/bin/../lib/gcc/nios2-elf/4.9.2/../../../../../H-x86_64-mingw32/nios2-elf/lib\libc.a(lib_a-fclose.o)
 .data          0x000000000081d508        0x0 c:/software/altera/15.1/nios2eds/bin/gnu/h-x86_64-mingw32/bin/../lib/gcc/nios2-elf/4.9.2/../../../../../H-x86_64-mingw32/nios2-elf/lib\libc.a(lib_a-fflush.o)
 .data          0x000000000081d508        0x0 c:/software/altera/15.1/nios2eds/bin/gnu/h-x86_64-mingw32/bin/../lib/gcc/nios2-elf/4.9.2/../../../../../H-x86_64-mingw32/nios2-elf/lib\libc.a(lib_a-findfp.o)
 .data          0x000000000081d508        0x0 c:/software/altera/15.1/nios2eds/bin/gnu/h-x86_64-mingw32/bin/../lib/gcc/nios2-elf/4.9.2/../../../../../H-x86_64-mingw32/nios2-elf/lib\libc.a(lib_a-fopen.o)
 .data          0x000000000081d508        0x0 c:/software/altera/15.1/nios2eds/bin/gnu/h-x86_64-mingw32/bin/../lib/gcc/nios2-elf/4.9.2/../../../../../H-x86_64-mingw32/nios2-elf/lib\libc.a(lib_a-fprintf.o)
 .data          0x000000000081d508        0x0 c:/software/altera/15.1/nios2eds/bin/gnu/h-x86_64-mingw32/bin/../lib/gcc/nios2-elf/4.9.2/../../../../../H-x86_64-mingw32/nios2-elf/lib\libc.a(lib_a-freer.o)
 .data          0x000000000081d508        0x0 c:/software/altera/15.1/nios2eds/bin/gnu/h-x86_64-mingw32/bin/../lib/gcc/nios2-elf/4.9.2/../../../../../H-x86_64-mingw32/nios2-elf/lib\libc.a(lib_a-fseek.o)
 .data          0x000000000081d508        0x0 c:/software/altera/15.1/nios2eds/bin/gnu/h-x86_64-mingw32/bin/../lib/gcc/nios2-elf/4.9.2/../../../../../H-x86_64-mingw32/nios2-elf/lib\libc.a(lib_a-fseeko.o)
 .data          0x000000000081d508        0x0 c:/software/altera/15.1/nios2eds/bin/gnu/h-x86_64-mingw32/bin/../lib/gcc/nios2-elf/4.9.2/../../../../../H-x86_64-mingw32/nios2-elf/lib\libc.a(lib_a-fstatr.o)
 .data          0x000000000081d508        0x0 c:/software/altera/15.1/nios2eds/bin/gnu/h-x86_64-mingw32/bin/../lib/gcc/nios2-elf/4.9.2/../../../../../H-x86_64-mingw32/nios2-elf/lib\libc.a(lib_a-fwalk.o)
 .data          0x000000000081d508        0x0 c:/software/altera/15.1/nios2eds/bin/gnu/h-x86_64-mingw32/bin/../lib/gcc/nios2-elf/4.9.2/../../../../../H-x86_64-mingw32/nios2-elf/lib\libc.a(lib_a-fwrite.o)
 .data          0x000000000081d508        0x0 c:/software/altera/15.1/nios2eds/bin/gnu/h-x86_64-mingw32/bin/../lib/gcc/nios2-elf/4.9.2/../../../../../H-x86_64-mingw32/nios2-elf/lib\libc.a(lib_a-getc.o)
 .data          0x000000000081d508        0x0 c:/software/altera/15.1/nios2eds/bin/gnu/h-x86_64-mingw32/bin/../lib/gcc/nios2-elf/4.9.2/../../../../../H-x86_64-mingw32/nios2-elf/lib\libc.a(lib_a-impure.o)
 .data.impure_data
                0x000000000081d508      0x424 c:/software/altera/15.1/nios2eds/bin/gnu/h-x86_64-mingw32/bin/../lib/gcc/nios2-elf/4.9.2/../../../../../H-x86_64-mingw32/nios2-elf/lib\libc.a(lib_a-impure.o)
 .data          0x000000000081d92c        0x0 c:/software/altera/15.1/nios2eds/bin/gnu/h-x86_64-mingw32/bin/../lib/gcc/nios2-elf/4.9.2/../../../../../H-x86_64-mingw32/nios2-elf/lib\libc.a(lib_a-int_errno.o)
 .data          0x000000000081d92c        0x0 c:/software/altera/15.1/nios2eds/bin/gnu/h-x86_64-mingw32/bin/../lib/gcc/nios2-elf/4.9.2/../../../../../H-x86_64-mingw32/nios2-elf/lib\libc.a(lib_a-makebuf.o)
 .data          0x000000000081d92c        0x0 c:/software/altera/15.1/nios2eds/bin/gnu/h-x86_64-mingw32/bin/../lib/gcc/nios2-elf/4.9.2/../../../../../H-x86_64-mingw32/nios2-elf/lib\libc.a(lib_a-mallocr.o)
 .data.__malloc_av_
                0x000000000081d92c      0x408 c:/software/altera/15.1/nios2eds/bin/gnu/h-x86_64-mingw32/bin/../lib/gcc/nios2-elf/4.9.2/../../../../../H-x86_64-mingw32/nios2-elf/lib\libc.a(lib_a-mallocr.o)
                0x000000000081d92c                __malloc_av_
 .data          0x000000000081dd34        0x0 c:/software/altera/15.1/nios2eds/bin/gnu/h-x86_64-mingw32/bin/../lib/gcc/nios2-elf/4.9.2/../../../../../H-x86_64-mingw32/nios2-elf/lib\libc.a(lib_a-memcpy.o)
 .data          0x000000000081dd34        0x0 c:/software/altera/15.1/nios2eds/bin/gnu/h-x86_64-mingw32/bin/../lib/gcc/nios2-elf/4.9.2/../../../../../H-x86_64-mingw32/nios2-elf/lib\libc.a(lib_a-memset.o)
 .data          0x000000000081dd34        0x0 c:/software/altera/15.1/nios2eds/bin/gnu/h-x86_64-mingw32/bin/../lib/gcc/nios2-elf/4.9.2/../../../../../H-x86_64-mingw32/nios2-elf/lib\libc.a(lib_a-openr.o)
 .data          0x000000000081dd34        0x0 c:/software/altera/15.1/nios2eds/bin/gnu/h-x86_64-mingw32/bin/../lib/gcc/nios2-elf/4.9.2/../../../../../H-x86_64-mingw32/nios2-elf/lib\libc.a(lib_a-putchar.o)
 .data          0x000000000081dd34        0x0 c:/software/altera/15.1/nios2eds/bin/gnu/h-x86_64-mingw32/bin/../lib/gcc/nios2-elf/4.9.2/../../../../../H-x86_64-mingw32/nios2-elf/lib\libc.a(lib_a-refill.o)
 .data          0x000000000081dd34        0x0 c:/software/altera/15.1/nios2eds/bin/gnu/h-x86_64-mingw32/bin/../lib/gcc/nios2-elf/4.9.2/../../../../../H-x86_64-mingw32/nios2-elf/lib\libc.a(lib_a-rget.o)
 .data          0x000000000081dd34        0x0 c:/software/altera/15.1/nios2eds/bin/gnu/h-x86_64-mingw32/bin/../lib/gcc/nios2-elf/4.9.2/../../../../../H-x86_64-mingw32/nios2-elf/lib\libc.a(lib_a-sbrkr.o)
 .data          0x000000000081dd34        0x0 c:/software/altera/15.1/nios2eds/bin/gnu/h-x86_64-mingw32/bin/../lib/gcc/nios2-elf/4.9.2/../../../../../H-x86_64-mingw32/nios2-elf/lib\libc.a(lib_a-stdio.o)
 .data          0x000000000081dd34        0x0 c:/software/altera/15.1/nios2eds/bin/gnu/h-x86_64-mingw32/bin/../lib/gcc/nios2-elf/4.9.2/../../../../../H-x86_64-mingw32/nios2-elf/lib\libc.a(lib_a-strcpy.o)
 .data          0x000000000081dd34        0x0 c:/software/altera/15.1/nios2eds/bin/gnu/h-x86_64-mingw32/bin/../lib/gcc/nios2-elf/4.9.2/../../../../../H-x86_64-mingw32/nios2-elf/lib\libc.a(lib_a-strlen.o)
 .data          0x000000000081dd34        0x0 c:/software/altera/15.1/nios2eds/bin/gnu/h-x86_64-mingw32/bin/../lib/gcc/nios2-elf/4.9.2/../../../../../H-x86_64-mingw32/nios2-elf/lib\libc.a(lib_a-strncasecmp.o)
 .data          0x000000000081dd34        0x0 c:/software/altera/15.1/nios2eds/bin/gnu/h-x86_64-mingw32/bin/../lib/gcc/nios2-elf/4.9.2/../../../../../H-x86_64-mingw32/nios2-elf/lib\libc.a(lib_a-vfprintf.o)
 .data          0x000000000081dd34        0x0 c:/software/altera/15.1/nios2eds/bin/gnu/h-x86_64-mingw32/bin/../lib/gcc/nios2-elf/4.9.2/../../../../../H-x86_64-mingw32/nios2-elf/lib\libc.a(lib_a-writer.o)
 .data          0x000000000081dd34        0x0 c:/software/altera/15.1/nios2eds/bin/gnu/h-x86_64-mingw32/bin/../lib/gcc/nios2-elf/4.9.2/../../../../../H-x86_64-mingw32/nios2-elf/lib\libc.a(lib_a-wsetup.o)
 .data          0x000000000081dd34        0x0 c:/software/altera/15.1/nios2eds/bin/gnu/h-x86_64-mingw32/bin/../lib/gcc/nios2-elf/4.9.2/../../../../../H-x86_64-mingw32/nios2-elf/lib\libc.a(closer.o)
 .data          0x000000000081dd34        0x0 c:/software/altera/15.1/nios2eds/bin/gnu/h-x86_64-mingw32/bin/../lib/gcc/nios2-elf/4.9.2/../../../../../H-x86_64-mingw32/nios2-elf/lib\libc.a(lib_a-ctype_.o)
 .data          0x000000000081dd34        0x0 c:/software/altera/15.1/nios2eds/bin/gnu/h-x86_64-mingw32/bin/../lib/gcc/nios2-elf/4.9.2/../../../../../H-x86_64-mingw32/nios2-elf/lib\libc.a(lib_a-dtoa.o)
 .data          0x000000000081dd34        0x0 c:/software/altera/15.1/nios2eds/bin/gnu/h-x86_64-mingw32/bin/../lib/gcc/nios2-elf/4.9.2/../../../../../H-x86_64-mingw32/nios2-elf/lib\libc.a(lib_a-flags.o)
 .data          0x000000000081dd34        0x0 c:/software/altera/15.1/nios2eds/bin/gnu/h-x86_64-mingw32/bin/../lib/gcc/nios2-elf/4.9.2/../../../../../H-x86_64-mingw32/nios2-elf/lib\libc.a(lib_a-fvwrite.o)
 .data          0x000000000081dd34        0x0 c:/software/altera/15.1/nios2eds/bin/gnu/h-x86_64-mingw32/bin/../lib/gcc/nios2-elf/4.9.2/../../../../../H-x86_64-mingw32/nios2-elf/lib\libc.a(lib_a-isattyr.o)
 .data          0x000000000081dd34        0x0 c:/software/altera/15.1/nios2eds/bin/gnu/h-x86_64-mingw32/bin/../lib/gcc/nios2-elf/4.9.2/../../../../../H-x86_64-mingw32/nios2-elf/lib\libc.a(lib_a-locale.o)
 .data.lc_message_charset
                0x000000000081dd34       0x20 c:/software/altera/15.1/nios2eds/bin/gnu/h-x86_64-mingw32/bin/../lib/gcc/nios2-elf/4.9.2/../../../../../H-x86_64-mingw32/nios2-elf/lib\libc.a(lib_a-locale.o)
 .data.lc_ctype_charset
                0x000000000081dd54       0x20 c:/software/altera/15.1/nios2eds/bin/gnu/h-x86_64-mingw32/bin/../lib/gcc/nios2-elf/4.9.2/../../../../../H-x86_64-mingw32/nios2-elf/lib\libc.a(lib_a-locale.o)
 .data.lconv    0x000000000081dd74       0x38 c:/software/altera/15.1/nios2eds/bin/gnu/h-x86_64-mingw32/bin/../lib/gcc/nios2-elf/4.9.2/../../../../../H-x86_64-mingw32/nios2-elf/lib\libc.a(lib_a-locale.o)
 .data          0x000000000081ddac        0x0 c:/software/altera/15.1/nios2eds/bin/gnu/h-x86_64-mingw32/bin/../lib/gcc/nios2-elf/4.9.2/../../../../../H-x86_64-mingw32/nios2-elf/lib\libc.a(lib_a-lseekr.o)
 .data          0x000000000081ddac        0x0 c:/software/altera/15.1/nios2eds/bin/gnu/h-x86_64-mingw32/bin/../lib/gcc/nios2-elf/4.9.2/../../../../../H-x86_64-mingw32/nios2-elf/lib\libc.a(lib_a-memchr.o)
 .data          0x000000000081ddac        0x0 c:/software/altera/15.1/nios2eds/bin/gnu/h-x86_64-mingw32/bin/../lib/gcc/nios2-elf/4.9.2/../../../../../H-x86_64-mingw32/nios2-elf/lib\libc.a(lib_a-memmove.o)
 .data          0x000000000081ddac        0x0 c:/software/altera/15.1/nios2eds/bin/gnu/h-x86_64-mingw32/bin/../lib/gcc/nios2-elf/4.9.2/../../../../../H-x86_64-mingw32/nios2-elf/lib\libc.a(lib_a-mprec.o)
 .data          0x000000000081ddac        0x0 c:/software/altera/15.1/nios2eds/bin/gnu/h-x86_64-mingw32/bin/../lib/gcc/nios2-elf/4.9.2/../../../../../H-x86_64-mingw32/nios2-elf/lib\libc.a(lib_a-putc.o)
 .data          0x000000000081ddac        0x0 c:/software/altera/15.1/nios2eds/bin/gnu/h-x86_64-mingw32/bin/../lib/gcc/nios2-elf/4.9.2/../../../../../H-x86_64-mingw32/nios2-elf/lib\libc.a(lib_a-readr.o)
 .data          0x000000000081ddac        0x0 c:/software/altera/15.1/nios2eds/bin/gnu/h-x86_64-mingw32/bin/../lib/gcc/nios2-elf/4.9.2/../../../../../H-x86_64-mingw32/nios2-elf/lib\libc.a(lib_a-reallocr.o)
 .data          0x000000000081ddac        0x0 c:/software/altera/15.1/nios2eds/bin/gnu/h-x86_64-mingw32/bin/../lib/gcc/nios2-elf/4.9.2/../../../../../H-x86_64-mingw32/nios2-elf/lib\libc.a(lib_a-s_fpclassify.o)
 .data          0x000000000081ddac        0x0 c:/software/altera/15.1/nios2eds/bin/gnu/h-x86_64-mingw32/bin/../lib/gcc/nios2-elf/4.9.2/../../../../../H-x86_64-mingw32/nios2-elf/lib\libc.a(lib_a-strcmp.o)
 .data          0x000000000081ddac        0x0 c:/software/altera/15.1/nios2eds/bin/gnu/h-x86_64-mingw32/bin/../lib/gcc/nios2-elf/4.9.2/../../../../../H-x86_64-mingw32/nios2-elf/lib\libc.a(lib_a-vfiprintf.o)
 .data          0x000000000081ddac        0x0 c:/software/altera/15.1/nios2eds/bin/gnu/h-x86_64-mingw32/bin/../lib/gcc/nios2-elf/4.9.2/../../../../../H-x86_64-mingw32/nios2-elf/lib\libc.a(lib_a-wbuf.o)
 .data          0x000000000081ddac        0x0 c:/software/altera/15.1/nios2eds/bin/gnu/h-x86_64-mingw32/bin/../lib/gcc/nios2-elf/4.9.2/../../../../../H-x86_64-mingw32/nios2-elf/lib\libc.a(lib_a-callocr.o)
 .data          0x000000000081ddac        0x0 c:/software/altera/15.1/nios2eds/bin/gnu/h-x86_64-mingw32/bin/../lib/gcc/nios2-elf/4.9.2/../../../../../H-x86_64-mingw32/nios2-elf/lib\libc.a(lib_a-fputwc.o)
 .data          0x000000000081ddac        0x0 c:/software/altera/15.1/nios2eds/bin/gnu/h-x86_64-mingw32/bin/../lib/gcc/nios2-elf/4.9.2/../../../../../H-x86_64-mingw32/nios2-elf/lib\libc.a(lib_a-wcrtomb.o)
 .data          0x000000000081ddac        0x0 c:/software/altera/15.1/nios2eds/bin/gnu/h-x86_64-mingw32/bin/../lib/gcc/nios2-elf/4.9.2/../../../../../H-x86_64-mingw32/nios2-elf/lib\libc.a(lib_a-wctomb_r.o)
 .data          0x000000000081ddac        0x0 c:/software/altera/15.1/nios2eds/bin/gnu/h-x86_64-mingw32/bin/../lib/gcc/nios2-elf/4.9.2\libgcc.a(_udivdi3.o)
 .data          0x000000000081ddac        0x0 c:/software/altera/15.1/nios2eds/bin/gnu/h-x86_64-mingw32/bin/../lib/gcc/nios2-elf/4.9.2\libgcc.a(_umoddi3.o)
 .data          0x000000000081ddac        0x0 c:/software/altera/15.1/nios2eds/bin/gnu/h-x86_64-mingw32/bin/../lib/gcc/nios2-elf/4.9.2\libgcc.a(adddf3.o)
 .data          0x000000000081ddac        0x0 c:/software/altera/15.1/nios2eds/bin/gnu/h-x86_64-mingw32/bin/../lib/gcc/nios2-elf/4.9.2\libgcc.a(divdf3.o)
 .data          0x000000000081ddac        0x0 c:/software/altera/15.1/nios2eds/bin/gnu/h-x86_64-mingw32/bin/../lib/gcc/nios2-elf/4.9.2\libgcc.a(eqdf2.o)
 .data          0x000000000081ddac        0x0 c:/software/altera/15.1/nios2eds/bin/gnu/h-x86_64-mingw32/bin/../lib/gcc/nios2-elf/4.9.2\libgcc.a(gedf2.o)
 .data          0x000000000081ddac        0x0 c:/software/altera/15.1/nios2eds/bin/gnu/h-x86_64-mingw32/bin/../lib/gcc/nios2-elf/4.9.2\libgcc.a(ledf2.o)
 .data          0x000000000081ddac        0x0 c:/software/altera/15.1/nios2eds/bin/gnu/h-x86_64-mingw32/bin/../lib/gcc/nios2-elf/4.9.2\libgcc.a(muldf3.o)
 .data          0x000000000081ddac        0x0 c:/software/altera/15.1/nios2eds/bin/gnu/h-x86_64-mingw32/bin/../lib/gcc/nios2-elf/4.9.2\libgcc.a(subdf3.o)
 .data          0x000000000081ddac        0x0 c:/software/altera/15.1/nios2eds/bin/gnu/h-x86_64-mingw32/bin/../lib/gcc/nios2-elf/4.9.2\libgcc.a(fixdfsi.o)
 .data          0x000000000081ddac        0x0 c:/software/altera/15.1/nios2eds/bin/gnu/h-x86_64-mingw32/bin/../lib/gcc/nios2-elf/4.9.2\libgcc.a(floatsidf.o)
 .data          0x000000000081ddac        0x0 c:/software/altera/15.1/nios2eds/bin/gnu/h-x86_64-mingw32/bin/../lib/gcc/nios2-elf/4.9.2\libgcc.a(floatunsidf.o)
 .data          0x000000000081ddac        0x0 c:/software/altera/15.1/nios2eds/bin/gnu/h-x86_64-mingw32/bin/../lib/gcc/nios2-elf/4.9.2\libgcc.a(_clz.o)
 .data          0x000000000081ddac        0x0 c:/software/altera/15.1/nios2eds/bin/gnu/h-x86_64-mingw32/bin/../lib/gcc/nios2-elf/4.9.2\libgcc.a(_clzsi2.o)
 .data          0x000000000081ddac        0x0 ../AudioPlayer_bsp/\libhal_bsp.a(alt_alarm_start.o)
 .data          0x000000000081ddac        0x0 ../AudioPlayer_bsp/\libhal_bsp.a(alt_close.o)
 .data          0x000000000081ddac      0x1a8 ../AudioPlayer_bsp/\libhal_bsp.a(alt_dev.o)
                0x000000000081ddac                alt_dev_null
                0x000000000081ddd4                alt_fd_list
 .data          0x000000000081df54        0x0 ../AudioPlayer_bsp/\libhal_bsp.a(alt_errno.o)
 .data          0x000000000081df54        0x0 ../AudioPlayer_bsp/\libhal_bsp.a(alt_fstat.o)
 .data          0x000000000081df54        0x0 ../AudioPlayer_bsp/\libhal_bsp.a(alt_irq_register.o)
 .data          0x000000000081df54        0x0 ../AudioPlayer_bsp/\libhal_bsp.a(alt_irq_vars.o)
 .data          0x000000000081df54        0x0 ../AudioPlayer_bsp/\libhal_bsp.a(alt_isatty.o)
 .data          0x000000000081df54        0x0 ../AudioPlayer_bsp/\libhal_bsp.a(alt_load.o)
 .data          0x000000000081df54        0x0 ../AudioPlayer_bsp/\libhal_bsp.a(alt_lseek.o)
 .data          0x000000000081df54        0x0 ../AudioPlayer_bsp/\libhal_bsp.a(alt_main.o)
 .data          0x000000000081df54        0x0 ../AudioPlayer_bsp/\libhal_bsp.a(alt_malloc_lock.o)
 .data          0x000000000081df54        0x0 ../AudioPlayer_bsp/\libhal_bsp.a(alt_open.o)
 .data          0x000000000081df54        0x0 ../AudioPlayer_bsp/\libhal_bsp.a(alt_printf.o)
 .data          0x000000000081df54        0x0 ../AudioPlayer_bsp/\libhal_bsp.a(alt_putchar.o)
 .data          0x000000000081df54        0x0 ../AudioPlayer_bsp/\libhal_bsp.a(alt_read.o)
 .data          0x000000000081df54        0x0 ../AudioPlayer_bsp/\libhal_bsp.a(alt_release_fd.o)
 .data          0x000000000081df54        0x0 ../AudioPlayer_bsp/\libhal_bsp.a(alt_sbrk.o)
 .data          0x000000000081df54        0x0 ../AudioPlayer_bsp/\libhal_bsp.a(alt_tick.o)
 .data          0x000000000081df54        0x0 ../AudioPlayer_bsp/\libhal_bsp.a(alt_write.o)
 .data          0x000000000081df54     0x12a4 ../AudioPlayer_bsp/\libhal_bsp.a(alt_sys_init.o)
 .data          0x000000000081f1f8        0x0 ../AudioPlayer_bsp/\libhal_bsp.a(altera_avalon_jtag_uart_fd.o)
 .data          0x000000000081f1f8        0x0 ../AudioPlayer_bsp/\libhal_bsp.a(altera_avalon_jtag_uart_init.o)
 .data          0x000000000081f1f8        0x0 ../AudioPlayer_bsp/\libhal_bsp.a(altera_avalon_jtag_uart_ioctl.o)
 .data          0x000000000081f1f8        0x0 ../AudioPlayer_bsp/\libhal_bsp.a(altera_avalon_jtag_uart_read.o)
 .data          0x000000000081f1f8        0x0 ../AudioPlayer_bsp/\libhal_bsp.a(altera_avalon_jtag_uart_write.o)
 .data          0x000000000081f1f8        0x0 ../AudioPlayer_bsp/\libhal_bsp.a(altera_avalon_lcd_16207.o)
 .data          0x000000000081f1f8        0x0 ../AudioPlayer_bsp/\libhal_bsp.a(altera_avalon_lcd_16207_fd.o)
 .data          0x000000000081f1f8        0x0 ../AudioPlayer_bsp/\libhal_bsp.a(altera_avalon_timer_sc.o)
 .data          0x000000000081f1f8        0x0 ../AudioPlayer_bsp/\libhal_bsp.a(altera_avalon_uart_fd.o)